Archive member included to satisfy reference by file (symbol)

c:/ac6/systemworkbench/plugins/fr.ac6.mcu.externaltools.arm-none.win32_1.15.0.201708311556/tools/compiler/bin/../lib/gcc/arm-none-eabi/6.3.1/thumb/v7e-m/fpv4-sp/hard\libgcc.a(_aeabi_uldivmod.o)
                              Drivers/STM32F4xx_HAL_Driver/Src/stm32f4xx_hal_rcc.o (__aeabi_uldivmod)
c:/ac6/systemworkbench/plugins/fr.ac6.mcu.externaltools.arm-none.win32_1.15.0.201708311556/tools/compiler/bin/../lib/gcc/arm-none-eabi/6.3.1/thumb/v7e-m/fpv4-sp/hard\libgcc.a(_udivmoddi4.o)
                              c:/ac6/systemworkbench/plugins/fr.ac6.mcu.externaltools.arm-none.win32_1.15.0.201708311556/tools/compiler/bin/../lib/gcc/arm-none-eabi/6.3.1/thumb/v7e-m/fpv4-sp/hard\libgcc.a(_aeabi_uldivmod.o) (__udivmoddi4)
c:/ac6/systemworkbench/plugins/fr.ac6.mcu.externaltools.arm-none.win32_1.15.0.201708311556/tools/compiler/bin/../lib/gcc/arm-none-eabi/6.3.1/thumb/v7e-m/fpv4-sp/hard\libgcc.a(_dvmd_tls.o)
                              c:/ac6/systemworkbench/plugins/fr.ac6.mcu.externaltools.arm-none.win32_1.15.0.201708311556/tools/compiler/bin/../lib/gcc/arm-none-eabi/6.3.1/thumb/v7e-m/fpv4-sp/hard\libgcc.a(_aeabi_uldivmod.o) (__aeabi_ldiv0)
c:/ac6/systemworkbench/plugins/fr.ac6.mcu.externaltools.arm-none.win32_1.15.0.201708311556/tools/compiler/bin/../lib/gcc/arm-none-eabi/6.3.1/../../../../arm-none-eabi/lib/thumb/v7e-m/fpv4-sp/hard\libc_nano.a(lib_a-exit.o)
                              c:/ac6/systemworkbench/plugins/fr.ac6.mcu.externaltools.arm-none.win32_1.15.0.201708311556/tools/compiler/bin/../lib/gcc/arm-none-eabi/6.3.1/../../../../arm-none-eabi/lib/thumb/v7e-m/fpv4-sp/hard/crt0.o (exit)
c:/ac6/systemworkbench/plugins/fr.ac6.mcu.externaltools.arm-none.win32_1.15.0.201708311556/tools/compiler/bin/../lib/gcc/arm-none-eabi/6.3.1/../../../../arm-none-eabi/lib/thumb/v7e-m/fpv4-sp/hard\libc_nano.a(lib_a-impure.o)
                              c:/ac6/systemworkbench/plugins/fr.ac6.mcu.externaltools.arm-none.win32_1.15.0.201708311556/tools/compiler/bin/../lib/gcc/arm-none-eabi/6.3.1/../../../../arm-none-eabi/lib/thumb/v7e-m/fpv4-sp/hard\libc_nano.a(lib_a-exit.o) (_global_impure_ptr)
c:/ac6/systemworkbench/plugins/fr.ac6.mcu.externaltools.arm-none.win32_1.15.0.201708311556/tools/compiler/bin/../lib/gcc/arm-none-eabi/6.3.1/../../../../arm-none-eabi/lib/thumb/v7e-m/fpv4-sp/hard\libc_nano.a(lib_a-init.o)
                              c:/ac6/systemworkbench/plugins/fr.ac6.mcu.externaltools.arm-none.win32_1.15.0.201708311556/tools/compiler/bin/../lib/gcc/arm-none-eabi/6.3.1/../../../../arm-none-eabi/lib/thumb/v7e-m/fpv4-sp/hard/crt0.o (__libc_init_array)
c:/ac6/systemworkbench/plugins/fr.ac6.mcu.externaltools.arm-none.win32_1.15.0.201708311556/tools/compiler/bin/../lib/gcc/arm-none-eabi/6.3.1/../../../../arm-none-eabi/lib/thumb/v7e-m/fpv4-sp/hard\libc_nano.a(lib_a-memset.o)
                              c:/ac6/systemworkbench/plugins/fr.ac6.mcu.externaltools.arm-none.win32_1.15.0.201708311556/tools/compiler/bin/../lib/gcc/arm-none-eabi/6.3.1/../../../../arm-none-eabi/lib/thumb/v7e-m/fpv4-sp/hard/crt0.o (memset)
c:/ac6/systemworkbench/plugins/fr.ac6.mcu.externaltools.arm-none.win32_1.15.0.201708311556/tools/compiler/bin/../lib/gcc/arm-none-eabi/6.3.1/../../../../arm-none-eabi/lib/thumb/v7e-m/fpv4-sp/hard\libc_nano.a(lib_a-sprintf.o)
                              Src/main.o (sprintf)
c:/ac6/systemworkbench/plugins/fr.ac6.mcu.externaltools.arm-none.win32_1.15.0.201708311556/tools/compiler/bin/../lib/gcc/arm-none-eabi/6.3.1/../../../../arm-none-eabi/lib/thumb/v7e-m/fpv4-sp/hard\libc_nano.a(lib_a-strlen.o)
                              Src/main.o (strlen)
c:/ac6/systemworkbench/plugins/fr.ac6.mcu.externaltools.arm-none.win32_1.15.0.201708311556/tools/compiler/bin/../lib/gcc/arm-none-eabi/6.3.1/../../../../arm-none-eabi/lib/thumb/v7e-m/fpv4-sp/hard\libc_nano.a(lib_a-nano-svfprintf.o)
                              c:/ac6/systemworkbench/plugins/fr.ac6.mcu.externaltools.arm-none.win32_1.15.0.201708311556/tools/compiler/bin/../lib/gcc/arm-none-eabi/6.3.1/../../../../arm-none-eabi/lib/thumb/v7e-m/fpv4-sp/hard\libc_nano.a(lib_a-sprintf.o) (_svfprintf_r)
c:/ac6/systemworkbench/plugins/fr.ac6.mcu.externaltools.arm-none.win32_1.15.0.201708311556/tools/compiler/bin/../lib/gcc/arm-none-eabi/6.3.1/../../../../arm-none-eabi/lib/thumb/v7e-m/fpv4-sp/hard\libc_nano.a(lib_a-nano-vfprintf_i.o)
                              c:/ac6/systemworkbench/plugins/fr.ac6.mcu.externaltools.arm-none.win32_1.15.0.201708311556/tools/compiler/bin/../lib/gcc/arm-none-eabi/6.3.1/../../../../arm-none-eabi/lib/thumb/v7e-m/fpv4-sp/hard\libc_nano.a(lib_a-nano-svfprintf.o) (_printf_i)
c:/ac6/systemworkbench/plugins/fr.ac6.mcu.externaltools.arm-none.win32_1.15.0.201708311556/tools/compiler/bin/../lib/gcc/arm-none-eabi/6.3.1/../../../../arm-none-eabi/lib/thumb/v7e-m/fpv4-sp/hard\libc_nano.a(lib_a-memchr.o)
[...]
Memory Configuration

Name             Origin             Length             Attributes
RAM              0x20000000         0x00020000         xrw
CCMRAM           0x10000000         0x00010000         rw
FLASH            0x08000000         0x00100000         xr
*default*        0x00000000         0xffffffff

Linker script and memory map

LOAD c:/ac6/systemworkbench/plugins/fr.ac6.mcu.externaltools.arm-none.win32_1.15.0.201708311556/tools/compiler/bin/../lib/gcc/arm-none-eabi/6.3.1/thumb/v7e-m/fpv4-sp/hard/crti.o
LOAD c:/ac6/systemworkbench/plugins/fr.ac6.mcu.externaltools.arm-none.win32_1.15.0.201708311556/tools/compiler/bin/../lib/gcc/arm-none-eabi/6.3.1/thumb/v7e-m/fpv4-sp/hard/crtbegin.o
LOAD c:/ac6/systemworkbench/plugins/fr.ac6.mcu.externaltools.arm-none.win32_1.15.0.201708311556/tools/compiler/bin/../lib/gcc/arm-none-eabi/6.3.1/../../../../arm-none-eabi/lib/thumb/v7e-m/fpv4-sp/hard/crt0.o
LOAD Drivers/Components/cs43l22/cs43l22.o
LOAD Drivers/Components/exc7200/exc7200.o
LOAD Drivers/Components/ft6x06/ft6x06.o
LOAD Drivers/Components/ili9325/ili9325.o
LOAD Drivers/Components/ili9341/ili9341.o
LOAD Drivers/Components/l3gd20/l3gd20.o
LOAD Drivers/Components/lis302dl/lis302dl.o
LOAD Drivers/Components/lis3dsh/lis3dsh.o
LOAD Drivers/Components/ls016b8uy/ls016b8uy.o
LOAD Drivers/Components/lsm303dlhc/lsm303dlhc.o
LOAD Drivers/Components/mfxstm32l152/mfxstm32l152.o
LOAD Drivers/Components/otm8009a/otm8009a.o
LOAD Drivers/Components/ov2640/ov2640.o
LOAD Drivers/Components/s5k5cag/s5k5cag.o
LOAD Drivers/Components/st7735/st7735.o
LOAD Drivers/Components/st7789h2/st7789h2.o
LOAD Drivers/Components/stmpe1600/stmpe1600.o
LOAD Drivers/Components/stmpe811/stmpe811.o
LOAD Drivers/Components/ts3510/ts3510.o
LOAD Drivers/Components/wm8994/wm8994.o
LOAD Drivers/STM32F4-Discovery/stm32f4_discovery.o
LOAD Drivers/STM32F4-Discovery/stm32f4_discovery_accelerometer.o
LOAD Drivers/STM32F4-Discovery/stm32f4_discovery_audio.o
LOAD Drivers/STM32F4xx_HAL_Driver/Src/stm32f4xx_hal.o
LOAD Drivers/STM32F4xx_HAL_Driver/Src/stm32f4xx_hal_cortex.o
LOAD Drivers/STM32F4xx_HAL_Driver/Src/stm32f4xx_hal_dma.o
LOAD Drivers/STM32F4xx_HAL_Driver/Src/stm32f4xx_hal_dma_ex.o
LOAD Drivers/STM32F4xx_HAL_Driver/Src/stm32f4xx_hal_flash.o
LOAD Drivers/STM32F4xx_HAL_Driver/Src/stm32f4xx_hal_flash_ex.o
LOAD Drivers/STM32F4xx_HAL_Driver/Src/stm32f4xx_hal_flash_ramfunc.o
LOAD Drivers/STM32F4xx_HAL_Driver/Src/stm32f4xx_hal_gpio.o
LOAD Drivers/STM32F4xx_HAL_Driver/Src/stm32f4xx_hal_i2c.o
LOAD Drivers/STM32F4xx_HAL_Driver/Src/stm32f4xx_hal_i2c_ex.o
LOAD Drivers/STM32F4xx_HAL_Driver/Src/stm32f4xx_hal_i2s.o
LOAD Drivers/STM32F4xx_HAL_Driver/Src/stm32f4xx_hal_i2s_ex.o
LOAD Drivers/STM32F4xx_HAL_Driver/Src/stm32f4xx_hal_pwr.o
LOAD Drivers/STM32F4xx_HAL_Driver/Src/stm32f4xx_hal_pwr_ex.o
LOAD Drivers/STM32F4xx_HAL_Driver/Src/stm32f4xx_hal_rcc.o
LOAD Drivers/STM32F4xx_HAL_Driver/Src/stm32f4xx_hal_rcc_ex.o
LOAD Drivers/STM32F4xx_HAL_Driver/Src/stm32f4xx_hal_spi.o
LOAD Drivers/STM32F4xx_HAL_Driver/Src/stm32f4xx_hal_tim.o
LOAD Drivers/STM32F4xx_HAL_Driver/Src/stm32f4xx_hal_tim_ex.o
LOAD Drivers/STM32F4xx_HAL_Driver/Src/stm32f4xx_hal_uart.o
LOAD Src/main.o
LOAD Src/stm32f4xx_hal_msp.o
LOAD Src/stm32f4xx_it.o
LOAD Src/system_stm32f4xx.o
LOAD startup/startup_stm32f407xx.o
LOAD c:/ac6/systemworkbench/plugins/fr.ac6.mcu.externaltools.arm-none.win32_1.15.0.201708311556/tools/compiler/bin/../lib/gcc/arm-none-eabi/6.3.1/../../../../arm-none-eabi/lib/thumb/v7e-m/fpv4-sp/hard\libm.a
START GROUP
LOAD c:/ac6/systemworkbench/plugins/fr.ac6.mcu.externaltools.arm-none.win32_1.15.0.201708311556/tools/compiler/bin/../lib/gcc/arm-none-eabi/6.3.1/thumb/v7e-m/fpv4-sp/hard\libgcc.a
LOAD c:/ac6/systemworkbench/plugins/fr.ac6.mcu.externaltools.arm-none.win32_1.15.0.201708311556/tools/compiler/bin/../lib/gcc/arm-none-eabi/6.3.1/../../../../arm-none-eabi/lib/thumb/v7e-m/fpv4-sp/hard\libc_nano.a
END GROUP
START GROUP
LOAD c:/ac6/systemworkbench/plugins/fr.ac6.mcu.externaltools.arm-none.win32_1.15.0.201708311556/tools/compiler/bin/../lib/gcc/arm-none-eabi/6.3.1/thumb/v7e-m/fpv4-sp/hard\libgcc.a
LOAD c:/ac6/systemworkbench/plugins/fr.ac6.mcu.externaltools.arm-none.win32_1.15.0.201708311556/tools/compiler/bin/../lib/gcc/arm-none-eabi/6.3.1/../../../../arm-none-eabi/lib/thumb/v7e-m/fpv4-sp/hard\libc_nano.a
LOAD c:/ac6/systemworkbench/plugins/fr.ac6.mcu.externaltools.arm-none.win32_1.15.0.201708311556/tools/compiler/bin/../lib/gcc/arm-none-eabi/6.3.1/../../../../arm-none-eabi/lib/thumb/v7e-m/fpv4-sp/hard\libnosys.a
END GROUP
START GROUP
LOAD c:/ac6/systemworkbench/plugins/fr.ac6.mcu.externaltools.arm-none.win32_1.15.0.201708311556/tools/compiler/bin/../lib/gcc/arm-none-eabi/6.3.1/thumb/v7e-m/fpv4-sp/hard\libgcc.a
LOAD c:/ac6/systemworkbench/plugins/fr.ac6.mcu.externaltools.arm-none.win32_1.15.0.201708311556/tools/compiler/bin/../lib/gcc/arm-none-eabi/6.3.1/../../../../arm-none-eabi/lib/thumb/v7e-m/fpv4-sp/hard\libc_nano.a
LOAD c:/ac6/systemworkbench/plugins/fr.ac6.mcu.externaltools.arm-none.win32_1.15.0.201708311556/tools/compiler/bin/../lib/gcc/arm-none-eabi/6.3.1/../../../../arm-none-eabi/lib/thumb/v7e-m/fpv4-sp/hard\libnosys.a
END GROUP
LOAD c:/ac6/systemworkbench/plugins/fr.ac6.mcu.externaltools.arm-none.win32_1.15.0.201708311556/tools/compiler/bin/../lib/gcc/arm-none-eabi/6.3.1/thumb/v7e-m/fpv4-sp/hard/crtend.o
LOAD c:/ac6/systemworkbench/plugins/fr.ac6.mcu.externaltools.arm-none.win32_1.15.0.201708311556/tools/compiler/bin/../lib/gcc/arm-none-eabi/6.3.1/thumb/v7e-m/fpv4-sp/hard/crtn.o
                0x20020000                _estack = 0x20020000
                0x00000200                _Min_Heap_Size = 0x200
                0x00000400                _Min_Stack_Size = 0x400

.isr_vector     0x08000000      0x188
                0x08000000                . = ALIGN (0x4)
 *(.isr_vector)
 .isr_vector    0x08000000      0x188 startup/startup_stm32f407xx.o
                0x08000000                g_pfnVectors
                0x08000188                . = ALIGN (0x4)

.text           0x08000190     0x3b94
                0x08000190                . = ALIGN (0x4)
 *(.text)
 .text          0x08000190       0x6c c:/ac6/systemworkbench/plugins/fr.ac6.mcu.externaltools.arm-none.win32_1.15.0.201708311556/tools/compiler/bin/../lib/gcc/arm-none-eabi/6.3.1/thumb/v7e-m/fpv4-sp/hard/crtbegin.o
 .text          0x080001fc       0x30 c:/ac6/systemworkbench/plugins/fr.ac6.mcu.externaltools.arm-none.win32_1.15.0.201708311556/tools/compiler/bin/../lib/gcc/arm-none-eabi/6.3.1/thumb/v7e-m/fpv4-sp/hard\libgcc.a(_aeabi_uldivmod.o)
                0x080001fc                __aeabi_uldivmod
 .text          0x0800022c      0x2dc c:/ac6/systemworkbench/plugins/fr.ac6.mcu.externaltools.arm-none.win32_1.15.0.201708311556/tools/compiler/bin/../lib/gcc/arm-none-eabi/6.3.1/thumb/v7e-m/fpv4-sp/hard\libgcc.a(_udivmoddi4.o)
                0x0800022c                __udivmoddi4
 .text          0x08000508        0x4 c:/ac6/systemworkbench/plugins/fr.ac6.mcu.externaltools.arm-none.win32_1.15.0.201708311556/tools/compiler/bin/../lib/gcc/arm-none-eabi/6.3.1/thumb/v7e-m/fpv4-sp/hard\libgcc.a(_dvmd_tls.o)
                0x08000508                __aeabi_idiv0
                0x08000508                __aeabi_ldiv0
 .text          0x0800050c       0x10 c:/ac6/systemworkbench/plugins/fr.ac6.mcu.externaltools.arm-none.win32_1.15.0.201708311556/tools/compiler/bin/../lib/gcc/arm-none-eabi/6.3.1/../../../../arm-none-eabi/lib/thumb/v7e-m/fpv4-sp/hard\libc_nano.a(lib_a-strlen.o)
                0x0800050c                strlen
 *fill*         0x0800051c        0x4 
 .text          0x08000520       0xa0 c:/ac6/systemworkbench/plugins/fr.ac6.mcu.externaltools.arm-none.win32_1.15.0.201708311556/tools/compiler/bin/../lib/gcc/arm-none-eabi/6.3.1/../../../../arm-none-eabi/lib/thumb/v7e-m/fpv4-sp/hard\libc_nano.a(lib_a-memchr.o)
                0x08000520                memchr
 *(.text*)
 .text.LIS302DL_DeInit
                0x080005c0        0x2 Drivers/Components/lis302dl/lis302dl.o
                0x080005c0                LIS302DL_DeInit
 .text.LIS302DL_Init
                0x080005c2       0x22 Drivers/Components/lis302dl/lis302dl.o
                0x080005c2                LIS302DL_Init
 .text.LIS302DL_ReadID
                0x080005e4       0x22 Drivers/Components/lis302dl/lis302dl.o
                0x080005e4                LIS302DL_ReadID
 .text.LIS302DL_FilterConfig
                0x08000606       0x34 Drivers/Components/lis302dl/lis302dl.o
                0x08000606                LIS302DL_FilterConfig
 .text.LIS302DL_Click_IntClear
                0x0800063a       0x24 Drivers/Components/lis302dl/lis302dl.o
                0x0800063a                LIS302DL_Click_IntClear
 .text.LIS302DL_RebootCmd
                0x0800065e       0x2e Drivers/Components/lis302dl/lis302dl.o
                0x0800065e                LIS302DL_RebootCmd
 .text.LIS302DL_ReadACC
                0x0800068c       0x68 Drivers/Components/lis302dl/lis302dl.o
                0x0800068c                LIS302DL_ReadACC
 .text.LIS302DL_InterruptConfig
                0x080006f4       0x34 Drivers/Components/lis302dl/lis302dl.o
                0x080006f4                LIS302DL_InterruptConfig
 .text.LIS302DL_Click_IntConfig
                0x08000728       0xaa Drivers/Components/lis302dl/lis302dl.o
                0x08000728                LIS302DL_Click_IntConfig
 .text.LIS3DSH_DeInit
                0x080007d2        0x2 Drivers/Components/lis3dsh/lis3dsh.o
                0x080007d2                LIS3DSH_DeInit
 .text.LIS3DSH_Init
                0x080007d4       0x34 Drivers/Components/lis3dsh/lis3dsh.o
                0x080007d4                LIS3DSH_Init
 .text.LIS3DSH_ReadID
                0x08000808       0x22 Drivers/Components/lis3dsh/lis3dsh.o
                0x08000808                LIS3DSH_ReadID
 .text.LIS3DSH_RebootCmd
                0x0800082a       0x2e Drivers/Components/lis3dsh/lis3dsh.o
                0x0800082a                LIS3DSH_RebootCmd
 .text.LIS3DSH_ReadACC
                0x08000858       0xf4 Drivers/Components/lis3dsh/lis3dsh.o
                0x08000858                LIS3DSH_ReadACC
 .text.LIS3DSH_InterruptConfig
                0x0800094c       0x4c Drivers/Components/lis3dsh/lis3dsh.o
                0x0800094c                LIS3DSH_InterruptConfig
 .text.LIS3DSH_Click_IntConfig
                0x08000998       0xd8 Drivers/Components/lis3dsh/lis3dsh.o
                0x08000998                LIS3DSH_Click_IntConfig
 .text.SPIx_MspInit
                0x08000a70       0x58 Drivers/STM32F4-Discovery/stm32f4_discovery.o
 .text.SPIx_Init
                0x08000ac8       0x4c Drivers/STM32F4-Discovery/stm32f4_discovery.o
 .text.SPIx_Error
                0x08000b14       0x14 Drivers/STM32F4-Discovery/stm32f4_discovery.o
 .text.SPIx_WriteRead
                0x08000b28       0x3c Drivers/STM32F4-Discovery/stm32f4_discovery.o
 .text.ACCELERO_IO_Init
                0x08000b64       0x4c Drivers/STM32F4-Discovery/stm32f4_discovery.o
                0x08000b64                ACCELERO_IO_Init
 .text.ACCELERO_IO_ITConfig
                0x08000bb0       0x50 Drivers/STM32F4-Discovery/stm32f4_discovery.o
                0x08000bb0                ACCELERO_IO_ITConfig
 .text.ACCELERO_IO_Write
                0x08000c00       0x44 Drivers/STM32F4-Discovery/stm32f4_discovery.o
                0x08000c00                ACCELERO_IO_Write
 .text.ACCELERO_IO_Read
                0x08000c44       0x48 Drivers/STM32F4-Discovery/stm32f4_discovery.o
                0x08000c44                ACCELERO_IO_Read
 .text.BSP_ACCELERO_Init
                0x08000c8c       0x50 Drivers/STM32F4-Discovery/stm32f4_discovery_accelerometer.o
                0x08000c8c                BSP_ACCELERO_Init
 .text.BSP_ACCELERO_GetXYZ
                0x08000cdc       0x34 Drivers/STM32F4-Discovery/stm32f4_discovery_accelerometer.o
                0x08000cdc                BSP_ACCELERO_GetXYZ
 .text.BSP_AUDIO_OUT_TransferComplete_CallBack
                0x08000d10        0x2 Drivers/STM32F4-Discovery/stm32f4_discovery_audio.o
                0x08000d10                BSP_AUDIO_OUT_TransferComplete_CallBack
 *fill*         0x08000d12        0x2 
 .text.HAL_I2S_TxCpltCallback
                0x08000d14       0x18 Drivers/STM32F4-Discovery/stm32f4_discovery_audio.o
                0x08000d14                HAL_I2S_TxCpltCallback
 .text.BSP_AUDIO_OUT_Error_CallBack
                0x08000d2c        0x2 Drivers/STM32F4-Discovery/stm32f4_discovery_audio.o
                0x08000d2c                BSP_AUDIO_OUT_Error_CallBack
 .text.BSP_AUDIO_IN_TransferComplete_CallBack
                0x08000d2e        0x2 Drivers/STM32F4-Discovery/stm32f4_discovery_audio.o
                0x08000d2e                BSP_AUDIO_IN_TransferComplete_CallBack
 .text.HAL_I2S_RxCpltCallback
                0x08000d30        0x8 Drivers/STM32F4-Discovery/stm32f4_discovery_audio.o
                0x08000d30                HAL_I2S_RxCpltCallback
 .text.BSP_AUDIO_IN_Error_Callback
                0x08000d38        0x2 Drivers/STM32F4-Discovery/stm32f4_discovery_audio.o
                0x08000d38                BSP_AUDIO_IN_Error_Callback
 *fill*         0x08000d3a        0x2 
 .text.HAL_I2S_ErrorCallback
                0x08000d3c       0x2c Drivers/STM32F4-Discovery/stm32f4_discovery_audio.o
                0x08000d3c                HAL_I2S_ErrorCallback
 .text.HAL_InitTick
                0x08000d68       0x2c Drivers/STM32F4xx_HAL_Driver/Src/stm32f4xx_hal.o
                0x08000d68                HAL_InitTick
 .text.HAL_Init
                0x08000d94       0x34 Drivers/STM32F4xx_HAL_Driver/Src/stm32f4xx_hal.o
                0x08000d94                HAL_Init
 .text.HAL_IncTick
                0x08000dc8       0x10 Drivers/STM32F4xx_HAL_Driver/Src/stm32f4xx_hal.o
                0x08000dc8                HAL_IncTick
 .text.HAL_GetTick
                0x08000dd8        0xc Drivers/STM32F4xx_HAL_Driver/Src/stm32f4xx_hal.o
                0x08000dd8                HAL_GetTick
 .text.HAL_NVIC_SetPriorityGrouping
                0x08000de4       0x24 Drivers/STM32F4xx_HAL_Driver/Src/stm32f4xx_hal_cortex.o
                0x08000de4                HAL_NVIC_SetPriorityGrouping
 .text.HAL_NVIC_SetPriority
                0x08000e08       0x64 Drivers/STM32F4xx_HAL_Driver/Src/stm32f4xx_hal_cortex.o
                0x08000e08                HAL_NVIC_SetPriority
 .text.HAL_NVIC_EnableIRQ
                0x08000e6c       0x18 Drivers/STM32F4xx_HAL_Driver/Src/stm32f4xx_hal_cortex.o
                0x08000e6c                HAL_NVIC_EnableIRQ
 .text.HAL_SYSTICK_Config
                0x08000e84       0x2c Drivers/STM32F4xx_HAL_Driver/Src/stm32f4xx_hal_cortex.o
                0x08000e84                HAL_SYSTICK_Config
 .text.HAL_SYSTICK_CLKSourceConfig
                0x08000eb0       0x20 Drivers/STM32F4xx_HAL_Driver/Src/stm32f4xx_hal_cortex.o
                0x08000eb0                HAL_SYSTICK_CLKSourceConfig
 .text.HAL_SYSTICK_Callback
                0x08000ed0        0x2 Drivers/STM32F4xx_HAL_Driver/Src/stm32f4xx_hal_cortex.o
                0x08000ed0                HAL_SYSTICK_Callback
 .text.HAL_SYSTICK_IRQHandler
                0x08000ed2        0x8 Drivers/STM32F4xx_HAL_Driver/Src/stm32f4xx_hal_cortex.o
                0x08000ed2                HAL_SYSTICK_IRQHandler
 *fill*         0x08000eda        0x2 
 .text.HAL_GPIO_Init
                0x08000edc      0x1cc Drivers/STM32F4xx_HAL_Driver/Src/stm32f4xx_hal_gpio.o
                0x08000edc                HAL_GPIO_Init
 .text.HAL_GPIO_DeInit
                0x080010a8      0x120 Drivers/STM32F4xx_HAL_Driver/Src/stm32f4xx_hal_gpio.o
                0x080010a8                HAL_GPIO_DeInit
 .text.HAL_GPIO_ReadPin
                0x080011c8        0xe Drivers/STM32F4xx_HAL_Driver/Src/stm32f4xx_hal_gpio.o
                0x080011c8                HAL_GPIO_ReadPin
 .text.HAL_GPIO_WritePin
                0x080011d6        0xc Drivers/STM32F4xx_HAL_Driver/Src/stm32f4xx_hal_gpio.o
                0x080011d6                HAL_GPIO_WritePin
 .text.HAL_GPIO_TogglePin
                0x080011e2        0x8 Drivers/STM32F4xx_HAL_Driver/Src/stm32f4xx_hal_gpio.o
                0x080011e2                HAL_GPIO_TogglePin
 *fill*         0x080011ea        0x2 
 .text.HAL_GPIO_EXTI_IRQHandler
                0x080011ec       0x1c Drivers/STM32F4xx_HAL_Driver/Src/stm32f4xx_hal_gpio.o
                0x080011ec                HAL_GPIO_EXTI_IRQHandler
 .text.HAL_I2C_Init
                0x08001208      0x11c Drivers/STM32F4xx_HAL_Driver/Src/stm32f4xx_hal_i2c.o
                0x08001208                HAL_I2C_Init
 .text.I2S_Transmit_IT
                0x08001324       0x3a Drivers/STM32F4xx_HAL_Driver/Src/stm32f4xx_hal_i2s.o
 .text.I2S_Receive_IT
                0x0800135e       0x3a Drivers/STM32F4xx_HAL_Driver/Src/stm32f4xx_hal_i2s.o
 .text.HAL_I2S_Init
                0x08001398      0x194 Drivers/STM32F4xx_HAL_Driver/Src/stm32f4xx_hal_i2s.o
                0x08001398                HAL_I2S_Init
 .text.I2S_IRQHandler
                0x0800152c       0xd8 Drivers/STM32F4xx_HAL_Driver/Src/stm32f4xx_hal_i2s.o
 .text.HAL_I2SEx_TxRxCpltCallback
                0x08001604        0x2 Drivers/STM32F4xx_HAL_Driver/Src/stm32f4xx_hal_i2s_ex.o
                0x08001604                HAL_I2SEx_TxRxCpltCallback
 *fill*         0x08001606        0x2 
 .text.I2SEx_FullDuplexTx_IT
                0x08001608       0xa4 Drivers/STM32F4xx_HAL_Driver/Src/stm32f4xx_hal_i2s_ex.o
 .text.I2SEx_FullDuplexRx_IT
                0x080016ac       0xa4 Drivers/STM32F4xx_HAL_Driver/Src/stm32f4xx_hal_i2s_ex.o
 .text.HAL_I2SEx_FullDuplex_IRQHandler
                0x08001750      0x208 Drivers/STM32F4xx_HAL_Driver/Src/stm32f4xx_hal_i2s_ex.o
                0x08001750                HAL_I2SEx_FullDuplex_IRQHandler
 .text.HAL_RCC_OscConfig
                0x08001958      0x378 Drivers/STM32F4xx_HAL_Driver/Src/stm32f4xx_hal_rcc.o
                0x08001958                HAL_RCC_OscConfig
 .text.HAL_RCC_GetSysClockFreq
                0x08001cd0       0xd4 Drivers/STM32F4xx_HAL_Driver/Src/stm32f4xx_hal_rcc.o
                0x08001cd0                HAL_RCC_GetSysClockFreq
 .text.HAL_RCC_ClockConfig
                0x08001da4      0x158 Drivers/STM32F4xx_HAL_Driver/Src/stm32f4xx_hal_rcc.o
                0x08001da4                HAL_RCC_ClockConfig
 .text.HAL_RCC_GetHCLKFreq
                0x08001efc        0xc Drivers/STM32F4xx_HAL_Driver/Src/stm32f4xx_hal_rcc.o
                0x08001efc                HAL_RCC_GetHCLKFreq
 .text.HAL_RCC_GetPCLK1Freq
                0x08001f08       0x20 Drivers/STM32F4xx_HAL_Driver/Src/stm32f4xx_hal_rcc.o
                0x08001f08                HAL_RCC_GetPCLK1Freq
 .text.HAL_RCC_GetPCLK2Freq
                0x08001f28       0x20 Drivers/STM32F4xx_HAL_Driver/Src/stm32f4xx_hal_rcc.o
                0x08001f28                HAL_RCC_GetPCLK2Freq
 .text.HAL_RCCEx_PeriphCLKConfig
                0x08001f48      0x154 Drivers/STM32F4xx_HAL_Driver/Src/stm32f4xx_hal_rcc_ex.o
                0x08001f48                HAL_RCCEx_PeriphCLKConfig
 .text.HAL_RCCEx_GetPeriphCLKFreq
                0x0800209c       0x74 Drivers/STM32F4xx_HAL_Driver/Src/stm32f4xx_hal_rcc_ex.o
                0x0800209c                HAL_RCCEx_GetPeriphCLKFreq
 .text.SPI_WaitFlagStateUntilTimeout
                0x08002110       0x96 Drivers/STM32F4xx_HAL_Driver/Src/stm32f4xx_hal_spi.o
 .text.SPI_CheckFlag_BSY
                0x080021a6       0x26 Drivers/STM32F4xx_HAL_Driver/Src/stm32f4xx_hal_spi.o
 .text.HAL_SPI_Init
                0x080021cc       0x80 Drivers/STM32F4xx_HAL_Driver/Src/stm32f4xx_hal_spi.o
                0x080021cc                HAL_SPI_Init
 .text.HAL_SPI_DeInit
                0x0800224c       0x2c Drivers/STM32F4xx_HAL_Driver/Src/stm32f4xx_hal_spi.o
                0x0800224c                HAL_SPI_DeInit
 .text.HAL_SPI_TransmitReceive
                0x08002278      0x242 Drivers/STM32F4xx_HAL_Driver/Src/stm32f4xx_hal_spi.o
                0x08002278                HAL_SPI_TransmitReceive
 .text.HAL_SPI_GetState
                0x080024ba        0x6 Drivers/STM32F4xx_HAL_Driver/Src/stm32f4xx_hal_spi.o
                0x080024ba                HAL_SPI_GetState
 .text.UART_SetConfig
                0x080024c0      0x344 Drivers/STM32F4xx_HAL_Driver/Src/stm32f4xx_hal_uart.o
 .text.UART_WaitOnFlagUntilTimeout
                0x08002804       0x64 Drivers/STM32F4xx_HAL_Driver/Src/stm32f4xx_hal_uart.o
 .text.HAL_UART_Init
                0x08002868       0x5e Drivers/STM32F4xx_HAL_Driver/Src/stm32f4xx_hal_uart.o
                0x08002868                HAL_UART_Init
 .text.HAL_UART_Transmit
                0x080028c6       0xe2 Drivers/STM32F4xx_HAL_Driver/Src/stm32f4xx_hal_uart.o
                0x080028c6                HAL_UART_Transmit
 .text.MX_GPIO_Init
                0x080029a8      0x1e8 Src/main.o
 .text.HAL_GPIO_EXTI_Callback
                0x08002b90       0x10 Src/main.o
                0x08002b90                HAL_GPIO_EXTI_Callback
 .text.cal_avg  0x08002ba0       0x24 Src/main.o
                0x08002ba0                cal_avg
 .text._Error_Handler
                0x08002bc4        0x2 Src/main.o
                0x08002bc4                _Error_Handler
 *fill*         0x08002bc6        0x2 
 .text.MX_SPI1_Init
                0x08002bc8       0x48 Src/main.o
 .text.MX_I2C1_Init
                0x08002c10       0x44 Src/main.o
 .text.MX_I2S3_Init
                0x08002c54       0x44 Src/main.o
 .text.MX_USART2_UART_Init
                0x08002c98       0x3c Src/main.o
 .text.SystemClock_Config
                0x08002cd4       0xe4 Src/main.o
                0x08002cd4                SystemClock_Config
 .text.main     0x08002db8      0x3e4 Src/main.o
                0x08002db8                main
 .text.HAL_MspInit
                0x0800319c       0x6e Src/stm32f4xx_hal_msp.o
                0x0800319c                HAL_MspInit
 *fill*         0x0800320a        0x2 
 .text.HAL_I2C_MspInit
                0x0800320c       0x54 Src/stm32f4xx_hal_msp.o
                0x0800320c                HAL_I2C_MspInit
 .text.HAL_I2S_MspInit
                0x08003260       0x80 Src/stm32f4xx_hal_msp.o
                0x08003260                HAL_I2S_MspInit
 .text.HAL_SPI_MspInit
                0x080032e0       0x50 Src/stm32f4xx_hal_msp.o
                0x080032e0                HAL_SPI_MspInit
 .text.HAL_SPI_MspDeInit
                0x08003330       0x2c Src/stm32f4xx_hal_msp.o
                0x08003330                HAL_SPI_MspDeInit
 .text.HAL_UART_MspInit
                0x0800335c       0x54 Src/stm32f4xx_hal_msp.o
                0x0800335c                HAL_UART_MspInit
 .text.SysTick_Handler
                0x080033b0        0xc Src/stm32f4xx_it.o
                0x080033b0                SysTick_Handler
 .text.RCC_IRQHandler
                0x080033bc        0x2 Src/stm32f4xx_it.o
                0x080033bc                RCC_IRQHandler
 .text.EXTI9_5_IRQHandler
                0x080033be        0xc Src/stm32f4xx_it.o
                0x080033be                EXTI9_5_IRQHandler
 *fill*         0x080033ca        0x2 
 .text.SystemInit
                0x080033cc       0x4c Src/system_stm32f4xx.o
                0x080033cc                SystemInit
 .text.Reset_Handler
                0x08003418       0x50 startup/startup_stm32f407xx.o
                0x08003418                Reset_Handler
 .text.Default_Handler
                0x08003468        0x2 startup/startup_stm32f407xx.o
                0x08003468                RTC_Alarm_IRQHandler
                0x08003468                HASH_RNG_IRQHandler
                0x08003468                EXTI2_IRQHandler
                0x08003468                TIM8_CC_IRQHandler
                0x08003468                DebugMon_Handler
                0x08003468                TIM1_CC_IRQHandler
                0x08003468                DMA2_Stream5_IRQHandler
                0x08003468                HardFault_Handler
                0x08003468                DMA1_Stream5_IRQHandler
                0x08003468                PVD_IRQHandler
                0x08003468                SDIO_IRQHandler
                0x08003468                TAMP_STAMP_IRQHandler
                0x08003468                PendSV_Handler
                0x08003468                NMI_Handler
                0x08003468                CAN2_RX1_IRQHandler
                0x08003468                EXTI3_IRQHandler
                0x08003468                TIM8_TRG_COM_TIM14_IRQHandler
                0x08003468                TIM1_UP_TIM10_IRQHandler
                0x08003468                TIM8_UP_TIM13_IRQHandler
                0x08003468                I2C3_ER_IRQHandler
                0x08003468                EXTI0_IRQHandler
                0x08003468                I2C2_EV_IRQHandler
                0x08003468                DMA1_Stream2_IRQHandler
                0x08003468                CAN1_RX0_IRQHandler
                0x08003468                FPU_IRQHandler
                0x08003468                OTG_HS_WKUP_IRQHandler
                0x08003468                UsageFault_Handler
                0x08003468                CAN2_SCE_IRQHandler
                0x08003468                DMA2_Stream2_IRQHandler
                0x08003468                SPI1_IRQHandler
                0x08003468                TIM6_DAC_IRQHandler
                0x08003468                TIM1_BRK_TIM9_IRQHandler
                0x08003468                DCMI_IRQHandler
                0x08003468                CAN2_RX0_IRQHandler
                0x08003468                DMA2_Stream3_IRQHandler
                0x08003468                USART6_IRQHandler
                0x08003468                USART3_IRQHandler
                0x08003468                CAN1_RX1_IRQHandler
                0x08003468                UART5_IRQHandler
                0x08003468                DMA2_Stream0_IRQHandler
                0x08003468                TIM4_IRQHandler
                0x08003468                I2C1_EV_IRQHandler
                0x08003468                DMA1_Stream6_IRQHandler
                0x08003468                DMA1_Stream1_IRQHandler
                0x08003468                UART4_IRQHandler
                0x08003468                TIM3_IRQHandler
                0x08003468                TIM8_BRK_TIM12_IRQHandler
                0x08003468                Default_Handler
                0x08003468                EXTI15_10_IRQHandler
                0x08003468                ADC_IRQHandler
                0x08003468                DMA1_Stream7_IRQHandler
                0x08003468                TIM7_IRQHandler
                0x08003468                CAN2_TX_IRQHandler
                0x08003468                TIM5_IRQHandler
                0x08003468                DMA2_Stream7_IRQHandler
                0x08003468                I2C3_EV_IRQHandler
                0x08003468                RTC_WKUP_IRQHandler
                0x08003468                ETH_WKUP_IRQHandler
                0x08003468                SPI2_IRQHandler
                0x08003468                OTG_HS_EP1_IN_IRQHandler
                0x08003468                MemManage_Handler
                0x08003468                DMA1_Stream0_IRQHandler
                0x08003468                CAN1_TX_IRQHandler
                0x08003468                SVC_Handler
                0x08003468                EXTI4_IRQHandler
                0x08003468                FSMC_IRQHandler
                0x08003468                ETH_IRQHandler
                0x08003468                OTG_HS_EP1_OUT_IRQHandler
                0x08003468                WWDG_IRQHandler
                0x08003468                TIM2_IRQHandler
                0x08003468                OTG_FS_WKUP_IRQHandler
                0x08003468                TIM1_TRG_COM_TIM11_IRQHandler
                0x08003468                OTG_HS_IRQHandler
                0x08003468                EXTI1_IRQHandler
                0x08003468                USART2_IRQHandler
                0x08003468                I2C2_ER_IRQHandler
                0x08003468                DMA2_Stream1_IRQHandler
                0x08003468                CAN1_SCE_IRQHandler
                0x08003468                FLASH_IRQHandler
                0x08003468                DMA2_Stream4_IRQHandler
                0x08003468                BusFault_Handler
                0x08003468                USART1_IRQHandler
                0x08003468                OTG_FS_IRQHandler
                0x08003468                SPI3_IRQHandler
                0x08003468                DMA1_Stream4_IRQHandler
                0x08003468                I2C1_ER_IRQHandler
                0x08003468                DMA2_Stream6_IRQHandler
                0x08003468                DMA1_Stream3_IRQHandler
 *fill*         0x0800346a        0x2 
 .text.__libc_init_array
                0x0800346c       0x48 c:/ac6/systemworkbench/plugins/fr.ac6.mcu.externaltools.arm-none.win32_1.15.0.201708311556/tools/compiler/bin/../lib/gcc/arm-none-eabi/6.3.1/../../../../arm-none-eabi/lib/thumb/v7e-m/fpv4-sp/hard\libc_nano.a(lib_a-init.o)
                0x0800346c                __libc_init_array
 .text.sprintf  0x080034b4       0x48 c:/ac6/systemworkbench/plugins/fr.ac6.mcu.externaltools.arm-none.win32_1.15.0.201708311556/tools/compiler/bin/../lib/gcc/arm-none-eabi/6.3.1/../../../../arm-none-eabi/lib/thumb/v7e-m/fpv4-sp/hard\libc_nano.a(lib_a-sprintf.o)
                0x080034b4                siprintf
                0x080034b4                sprintf
 .text.__ssputs_r
                0x080034fc       0xb6 c:/ac6/systemworkbench/plugins/fr.ac6.mcu.externaltools.arm-none.win32_1.15.0.201708311556/tools/compiler/bin/../lib/gcc/arm-none-eabi/6.3.1/../../../../arm-none-eabi/lib/thumb/v7e-m/fpv4-sp/hard\libc_nano.a(lib_a-nano-svfprintf.o)
                0x080034fc                __ssputs_r
 *fill*         0x080035b2        0x2 
 .text._svfprintf_r
                0x080035b4      0x1e8 c:/ac6/systemworkbench/plugins/fr.ac6.mcu.externaltools.arm-none.win32_1.15.0.201708311556/tools/compiler/bin/../lib/gcc/arm-none-eabi/6.3.1/../../../../arm-none-eabi/lib/thumb/v7e-m/fpv4-sp/hard\libc_nano.a(lib_a-nano-svfprintf.o)
                0x080035b4                _svfiprintf_r
                0x080035b4                _svfprintf_r
 .text._printf_common
                0x0800379c       0xec c:/ac6/systemworkbench/plugins/fr.ac6.mcu.externaltools.arm-none.win32_1.15.0.201708311556/tools/compiler/bin/../lib/gcc/arm-none-eabi/6.3.1/../../../../arm-none-eabi/lib/thumb/v7e-m/fpv4-sp/hard\libc_nano.a(lib_a-nano-vfprintf_i.o)
                0x0800379c                _printf_common
 .text._printf_i
                0x08003888      0x240 c:/ac6/systemworkbench/plugins/fr.ac6.mcu.externaltools.arm-none.win32_1.15.0.201708311556/tools/compiler/bin/../lib/gcc/arm-none-eabi/6.3.1/../../../../arm-none-eabi/lib/thumb/v7e-m/fpv4-sp/hard\libc_nano.a(lib_a-nano-vfprintf_i.o)
                0x08003888                _printf_i
 .text.memcpy   0x08003ac8       0x16 c:/ac6/systemworkbench/plugins/fr.ac6.mcu.externaltools.arm-none.win32_1.15.0.201708311556/tools/compiler/bin/../lib/gcc/arm-none-eabi/6.3.1/../../../../arm-none-eabi/lib/thumb/v7e-m/fpv4-sp/hard\libc_nano.a(lib_a-memcpy-stub.o)
                0x08003ac8                memcpy
 .text.memmove  0x08003ade       0x34 c:/ac6/systemworkbench/plugins/fr.ac6.mcu.externaltools.arm-none.win32_1.15.0.201708311556/tools/compiler/bin/../lib/gcc/arm-none-eabi/6.3.1/../../../../arm-none-eabi/lib/thumb/v7e-m/fpv4-sp/hard\libc_nano.a(lib_a-memmove.o)
                0x08003ade                memmove
 *fill*         0x08003b12        0x2 
 .text._free_r  0x08003b14       0x9c c:/ac6/systemworkbench/plugins/fr.ac6.mcu.externaltools.arm-none.win32_1.15.0.201708311556/tools/compiler/bin/../lib/gcc/arm-none-eabi/6.3.1/../../../../arm-none-eabi/lib/thumb/v7e-m/fpv4-sp/hard\libc_nano.a(lib_a-nano-freer.o)
                0x08003b14                _free_r
 .text._malloc_r
                0x08003bb0       0xbc c:/ac6/systemworkbench/plugins/fr.ac6.mcu.externaltools.arm-none.win32_1.15.0.201708311556/tools/compiler/bin/../lib/gcc/arm-none-eabi/6.3.1/../../../../arm-none-eabi/lib/thumb/v7e-m/fpv4-sp/hard\libc_nano.a(lib_a-nano-mallocr.o)
                0x08003bb0                _malloc_r
 .text._realloc_r
                0x08003c6c       0x4c c:/ac6/systemworkbench/plugins/fr.ac6.mcu.externaltools.arm-none.win32_1.15.0.201708311556/tools/compiler/bin/../lib/gcc/arm-none-eabi/6.3.1/../../../../arm-none-eabi/lib/thumb/v7e-m/fpv4-sp/hard\libc_nano.a(lib_a-nano-reallocr.o)
                0x08003c6c                _realloc_r
 .text._sbrk_r  0x08003cb8       0x20 c:/ac6/systemworkbench/plugins/fr.ac6.mcu.externaltools.arm-none.win32_1.15.0.201708311556/tools/compiler/bin/../lib/gcc/arm-none-eabi/6.3.1/../../../../arm-none-eabi/lib/thumb/v7e-m/fpv4-sp/hard\libc_nano.a(lib_a-sbrkr.o)
                0x08003cb8                _sbrk_r
 .text.__malloc_lock
                0x08003cd8        0x2 c:/ac6/systemworkbench/plugins/fr.ac6.mcu.externaltools.arm-none.win32_1.15.0.201708311556/tools/compiler/bin/../lib/gcc/arm-none-eabi/6.3.1/../../../../arm-none-eabi/lib/thumb/v7e-m/fpv4-sp/hard\libc_nano.a(lib_a-mlock.o)
                0x08003cd8                __malloc_lock
 .text.__malloc_unlock
                0x08003cda        0x2 c:/ac6/systemworkbench/plugins/fr.ac6.mcu.externaltools.arm-none.win32_1.15.0.201708311556/tools/compiler/bin/../lib/gcc/arm-none-eabi/6.3.1/../../../../arm-none-eabi/lib/thumb/v7e-m/fpv4-sp/hard\libc_nano.a(lib_a-mlock.o)
                0x08003cda                __malloc_unlock
 .text._malloc_usable_size_r
                0x08003cdc       0x12 c:/ac6/systemworkbench/plugins/fr.ac6.mcu.externaltools.arm-none.win32_1.15.0.201708311556/tools/compiler/bin/../lib/gcc/arm-none-eabi/6.3.1/../../../../arm-none-eabi/lib/thumb/v7e-m/fpv4-sp/hard\libc_nano.a(lib_a-nano-msizer.o)
                0x08003cdc                _malloc_usable_size_r
 *fill*         0x08003cee        0x2 
 .text._sbrk    0x08003cf0       0x1c c:/ac6/systemworkbench/plugins/fr.ac6.mcu.externaltools.arm-none.win32_1.15.0.201708311556/tools/compiler/bin/../lib/gcc/arm-none-eabi/6.3.1/../../../../arm-none-eabi/lib/thumb/v7e-m/fpv4-sp/hard\libnosys.a(sbrk.o)
                0x08003cf0                _sbrk
 *(.glue_7)
 .glue_7        0x08003d0c        0x0 linker stubs
 *(.glue_7t)
 .glue_7t       0x08003d0c        0x0 linker stubs
 *(.eh_frame)
 .eh_frame      0x08003d0c        0x0 c:/ac6/systemworkbench/plugins/fr.ac6.mcu.externaltools.arm-none.win32_1.15.0.201708311556/tools/compiler/bin/../lib/gcc/arm-none-eabi/6.3.1/thumb/v7e-m/fpv4-sp/hard/crtbegin.o
 *(.init)
 .init          0x08003d0c        0x4 c:/ac6/systemworkbench/plugins/fr.ac6.mcu.externaltools.arm-none.win32_1.15.0.201708311556/tools/compiler/bin/../lib/gcc/arm-none-eabi/6.3.1/thumb/v7e-m/fpv4-sp/hard/crti.o
                0x08003d0c                _init
 .init          0x08003d10        0x8 c:/ac6/systemworkbench/plugins/fr.ac6.mcu.externaltools.arm-none.win32_1.15.0.201708311556/tools/compiler/bin/../lib/gcc/arm-none-eabi/6.3.1/thumb/v7e-m/fpv4-sp/hard/crtn.o
 *(.fini)
 .fini          0x08003d18        0x4 c:/ac6/systemworkbench/plugins/fr.ac6.mcu.externaltools.arm-none.win32_1.15.0.201708311556/tools/compiler/bin/../lib/gcc/arm-none-eabi/6.3.1/thumb/v7e-m/fpv4-sp/hard/crti.o
                0x08003d18                _fini
 .fini          0x08003d1c        0x8 c:/ac6/systemworkbench/plugins/fr.ac6.mcu.externaltools.arm-none.win32_1.15.0.201708311556/tools/compiler/bin/../lib/gcc/arm-none-eabi/6.3.1/thumb/v7e-m/fpv4-sp/hard/crtn.o
                0x08003d24                . = ALIGN (0x4)
                0x08003d24                _etext = .

.vfp11_veneer   0x08003d24        0x0
 .vfp11_veneer  0x08003d24        0x0 linker stubs

.v4_bx          0x08003d24        0x0
 .v4_bx         0x08003d24        0x0 linker stubs

.iplt           0x08003d24        0x0
 .iplt          0x08003d24        0x0 c:/ac6/systemworkbench/plugins/fr.ac6.mcu.externaltools.arm-none.win32_1.15.0.201708311556/tools/compiler/bin/../lib/gcc/arm-none-eabi/6.3.1/thumb/v7e-m/fpv4-sp/hard/crtbegin.o

.rodata         0x08003d24       0x70
                0x08003d24                . = ALIGN (0x4)
 *(.rodata)
 .rodata        0x08003d24       0x18 Src/system_stm32f4xx.o
                0x08003d24                AHBPrescTable
                0x08003d34                APBPrescTable
 *(.rodata*)
 .rodata.str1.4
                0x08003d3c       0x24 Src/main.o
 .rodata._svfprintf_r.str1.1
                0x08003d60       0x11 c:/ac6/systemworkbench/plugins/fr.ac6.mcu.externaltools.arm-none.win32_1.15.0.201708311556/tools/compiler/bin/../lib/gcc/arm-none-eabi/6.3.1/../../../../arm-none-eabi/lib/thumb/v7e-m/fpv4-sp/hard\libc_nano.a(lib_a-nano-svfprintf.o)
 .rodata._printf_i.str1.1
                0x08003d71       0x22 c:/ac6/systemworkbench/plugins/fr.ac6.mcu.externaltools.arm-none.win32_1.15.0.201708311556/tools/compiler/bin/../lib/gcc/arm-none-eabi/6.3.1/../../../../arm-none-eabi/lib/thumb/v7e-m/fpv4-sp/hard\libc_nano.a(lib_a-nano-vfprintf_i.o)
                0x08003d94                . = ALIGN (0x4)
 *fill*         0x08003d93        0x1 

.ARM.extab
 *(.ARM.extab* .gnu.linkonce.armextab.*)

.ARM            0x08003d94        0x8
                0x08003d94                __exidx_start = .
 *(.ARM.exidx*)
 .ARM.exidx     0x08003d94        0x8 c:/ac6/systemworkbench/plugins/fr.ac6.mcu.externaltools.arm-none.win32_1.15.0.201708311556/tools/compiler/bin/../lib/gcc/arm-none-eabi/6.3.1/thumb/v7e-m/fpv4-sp/hard\libgcc.a(_udivmoddi4.o)
                0x08003d9c                __exidx_end = .

.rel.dyn        0x08003d9c        0x0
 .rel.iplt      0x08003d9c        0x0 c:/ac6/systemworkbench/plugins/fr.ac6.mcu.externaltools.arm-none.win32_1.15.0.201708311556/tools/compiler/bin/../lib/gcc/arm-none-eabi/6.3.1/thumb/v7e-m/fpv4-sp/hard/crtbegin.o

.preinit_array  0x08003d9c        0x0
                0x08003d9c                PROVIDE (__preinit_array_start, .)
 *(.preinit_array*)
                0x08003d9c                PROVIDE (__preinit_array_end, .)

.init_array     0x08003d9c        0x4
                0x08003d9c                PROVIDE (__init_array_start, .)
 *(SORT(.init_array.*))
 *(.init_array*)
 .init_array    0x08003d9c        0x4 c:/ac6/systemworkbench/plugins/fr.ac6.mcu.externaltools.arm-none.win32_1.15.0.201708311556/tools/compiler/bin/../lib/gcc/arm-none-eabi/6.3.1/thumb/v7e-m/fpv4-sp/hard/crtbegin.o
                0x08003da0                PROVIDE (__init_array_end, .)

.fini_array     0x08003da0        0x4
                [!provide]                PROVIDE (__fini_array_start, .)
 *(SORT(.fini_array.*))
 *(.fini_array*)
 .fini_array    0x08003da0        0x4 c:/ac6/systemworkbench/plugins/fr.ac6.mcu.externaltools.arm-none.win32_1.15.0.201708311556/tools/compiler/bin/../lib/gcc/arm-none-eabi/6.3.1/thumb/v7e-m/fpv4-sp/hard/crtbegin.o
                [!provide]                PROVIDE (__fini_array_end, .)
                0x08003da4                _sidata = LOADADDR (.data)

.data           0x20000000       0xec load address 0x08003da4
                0x20000000                . = ALIGN (0x4)
                0x20000000                _sdata = .
 *(.data)
 .data          0x20000000       0x34 Drivers/Components/lis302dl/lis302dl.o
                0x20000000                Lis302dlDrv
 .data          0x20000034       0x34 Drivers/Components/lis3dsh/lis3dsh.o
                0x20000034                Lis3dshDrv
 .data          0x20000068       0x1c Drivers/STM32F4-Discovery/stm32f4_discovery.o
                0x20000068                SpixTimeout
                0x2000006c                I2cxTimeout
                0x20000070                GPIO_PORT
                0x20000080                BUTTON_PORT
 .data          0x20000084        0x4 Src/system_stm32f4xx.o
                0x20000084                SystemCoreClock
 *(.data*)
 .data._impure_ptr
                0x20000088        0x4 c:/ac6/systemworkbench/plugins/fr.ac6.mcu.externaltools.arm-none.win32_1.15.0.201708311556/tools/compiler/bin/../lib/gcc/arm-none-eabi/6.3.1/../../../../arm-none-eabi/lib/thumb/v7e-m/fpv4-sp/hard\libc_nano.a(lib_a-impure.o)
                0x20000088                _impure_ptr
 .data.impure_data
                0x2000008c       0x60 c:/ac6/systemworkbench/plugins/fr.ac6.mcu.externaltools.arm-none.win32_1.15.0.201708311556/tools/compiler/bin/../lib/gcc/arm-none-eabi/6.3.1/../../../../arm-none-eabi/lib/thumb/v7e-m/fpv4-sp/hard\libc_nano.a(lib_a-impure.o)
                0x200000ec                . = ALIGN (0x4)
                0x200000ec                _edata = .
                0x08003e90                _siccmram = LOADADDR (.ccmram)

.jcr            0x200000ec        0x0 load address 0x08003e90
 .jcr           0x200000ec        0x0 c:/ac6/systemworkbench/plugins/fr.ac6.mcu.externaltools.arm-none.win32_1.15.0.201708311556/tools/compiler/bin/../lib/gcc/arm-none-eabi/6.3.1/thumb/v7e-m/fpv4-sp/hard/crtbegin.o

.igot.plt       0x200000ec        0x0 load address 0x08003e90
 .igot.plt      0x200000ec        0x0 c:/ac6/systemworkbench/plugins/fr.ac6.mcu.externaltools.arm-none.win32_1.15.0.201708311556/tools/compiler/bin/../lib/gcc/arm-none-eabi/6.3.1/thumb/v7e-m/fpv4-sp/hard/crtbegin.o

.ccmram         0x10000000        0x0 load address 0x08003e90
                0x10000000                . = ALIGN (0x4)
                0x10000000                _sccmram = .
 *(.ccmram)
 *(.ccmram*)
                0x10000000                . = ALIGN (0x4)
                0x10000000                _eccmram = .
                0x10000000                . = ALIGN (0x4)

.bss            0x200000ec      0x560
                0x200000ec                _sbss = .
                0x200000ec                __bss_start__ = _sbss
 *(.bss)
 .bss           0x200000ec       0x1c c:/ac6/systemworkbench/plugins/fr.ac6.mcu.externaltools.arm-none.win32_1.15.0.201708311556/tools/compiler/bin/../lib/gcc/arm-none-eabi/6.3.1/thumb/v7e-m/fpv4-sp/hard/crtbegin.o
 .bss           0x20000108       0xac Drivers/STM32F4-Discovery/stm32f4_discovery.o
 .bss           0x200001b4        0x4 Drivers/STM32F4-Discovery/stm32f4_discovery_accelerometer.o
 .bss           0x200001b8       0x20 Src/main.o
                0x200001b8                signal
                0x200001bc                counter
                0x200001c0                xyz
                0x200001c8                flag
                0x200001cc                delayTime
                0x200001d0                avgcounter
                0x200001d4                Timecounter
 *(.bss*)
 .bss.__malloc_free_list
                0x200001d8        0x4 c:/ac6/systemworkbench/plugins/fr.ac6.mcu.externaltools.arm-none.win32_1.15.0.201708311556/tools/compiler/bin/../lib/gcc/arm-none-eabi/6.3.1/../../../../arm-none-eabi/lib/thumb/v7e-m/fpv4-sp/hard\libc_nano.a(lib_a-nano-mallocr.o)
                0x200001d8                __malloc_free_list
 .bss.__malloc_sbrk_start
                0x200001dc        0x4 c:/ac6/systemworkbench/plugins/fr.ac6.mcu.externaltools.arm-none.win32_1.15.0.201708311556/tools/compiler/bin/../lib/gcc/arm-none-eabi/6.3.1/../../../../arm-none-eabi/lib/thumb/v7e-m/fpv4-sp/hard\libc_nano.a(lib_a-nano-mallocr.o)
                0x200001dc                __malloc_sbrk_start
 .bss.heap_end.5239
                0x200001e0        0x4 c:/ac6/systemworkbench/plugins/fr.ac6.mcu.externaltools.arm-none.win32_1.15.0.201708311556/tools/compiler/bin/../lib/gcc/arm-none-eabi/6.3.1/../../../../arm-none-eabi/lib/thumb/v7e-m/fpv4-sp/hard\libnosys.a(sbrk.o)
 *(COMMON)
 COMMON         0x200001e4        0x4 Drivers/STM32F4xx_HAL_Driver/Src/stm32f4xx_hal.o
                0x200001e4                uwTick
 COMMON         0x200001e8      0x460 Src/main.o
                0x200001e8                hi2c1
                0x2000023c                avgx
                0x200003cc                avgy
                0x2000055c                calibrate
                0x20000568                hspi1
                0x200005c0                huart2
                0x20000600                hi2s3
 COMMON         0x20000648        0x4 c:/ac6/systemworkbench/plugins/fr.ac6.mcu.externaltools.arm-none.win32_1.15.0.201708311556/tools/compiler/bin/../lib/gcc/arm-none-eabi/6.3.1/../../../../arm-none-eabi/lib/thumb/v7e-m/fpv4-sp/hard\libc_nano.a(lib_a-reent.o)
                0x20000648                errno
                0x2000064c                . = ALIGN (0x4)
                0x2000064c                _ebss = .
                0x2000064c                __bss_end__ = _ebss

._user_heap_stack
                0x2000064c      0x604
                0x20000650                . = ALIGN (0x8)
 *fill*         0x2000064c        0x4 
                0x20000650                PROVIDE (end, .)
                [!provide]                PROVIDE (_end, .)
                0x20000850                . = (. + _Min_Heap_Size)
 *fill*         0x20000650      0x200 
                0x20000c50                . = (. + _Min_Stack_Size)
 *fill*         0x20000850      0x400 
                0x20000c50                . = ALIGN (0x8)

/DISCARD/
 libc.a(*)
 libm.a(*)
 libgcc.a(*)

.ARM.attributes
                0x00000000       0x30
 *(.ARM.attributes)
 .ARM.attributes
                0x00000000       0x22 c:/ac6/systemworkbench/plugins/fr.ac6.mcu.externaltools.arm-none.win32_1.15.0.201708311556/tools/compiler/bin/../lib/gcc/arm-none-eabi/6.3.1/thumb/v7e-m/fpv4-sp/hard/crti.o
 .ARM.attributes
                0x00000022       0x34 c:/ac6/systemworkbench/plugins/fr.ac6.mcu.externaltools.arm-none.win32_1.15.0.201708311556/tools/compiler/bin/../lib/gcc/arm-none-eabi/6.3.1/thumb/v7e-m/fpv4-sp/hard/crtbegin.o
 .ARM.attributes
                0x00000056       0x39 Drivers/Components/lis302dl/lis302dl.o
 .ARM.attributes
                0x0000008f       0x39 Drivers/Components/lis3dsh/lis3dsh.o
 .ARM.attributes
                0x000000c8       0x39 Drivers/STM32F4-Discovery/stm32f4_discovery.o
 .ARM.attributes
                0x00000101       0x39 Drivers/STM32F4-Discovery/stm32f4_discovery_accelerometer.o
 .ARM.attributes
                0x0000013a       0x39 Drivers/STM32F4-Discovery/stm32f4_discovery_audio.o
 .ARM.attributes
                0x00000173       0x39 Drivers/STM32F4xx_HAL_Driver/Src/stm32f4xx_hal.o
 .ARM.attributes
                0x000001ac       0x39 Drivers/STM32F4xx_HAL_Driver/Src/stm32f4xx_hal_cortex.o
 .ARM.attributes
                0x000001e5       0x39 Drivers/STM32F4xx_HAL_Driver/Src/stm32f4xx_hal_gpio.o
 .ARM.attributes
                0x0000021e       0x39 Drivers/STM32F4xx_HAL_Driver/Src/stm32f4xx_hal_i2c.o
 .ARM.attributes
                0x00000257       0x39 Drivers/STM32F4xx_HAL_Driver/Src/stm32f4xx_hal_i2s.o
 .ARM.attributes
                0x00000290       0x39 Drivers/STM32F4xx_HAL_Driver/Src/stm32f4xx_hal_i2s_ex.o
 .ARM.attributes
                0x000002c9       0x39 Drivers/STM32F4xx_HAL_Driver/Src/stm32f4xx_hal_rcc.o
 .ARM.attributes
                0x00000302       0x39 Drivers/STM32F4xx_HAL_Driver/Src/stm32f4xx_hal_rcc_ex.o
 .ARM.attributes
                0x0000033b       0x39 Drivers/STM32F4xx_HAL_Driver/Src/stm32f4xx_hal_spi.o
 .ARM.attributes
                0x00000374       0x39 Drivers/STM32F4xx_HAL_Driver/Src/stm32f4xx_hal_uart.o
 .ARM.attributes
                0x000003ad       0x39 Src/main.o
 .ARM.attributes
                0x000003e6       0x39 Src/stm32f4xx_hal_msp.o
 .ARM.attributes
                0x0000041f       0x39 Src/stm32f4xx_it.o
 .ARM.attributes
                0x00000458       0x39 Src/system_stm32f4xx.o
 .ARM.attributes
                0x00000491       0x21 startup/startup_stm32f407xx.o
 .ARM.attributes
                0x000004b2       0x22 c:/ac6/systemworkbench/plugins/fr.ac6.mcu.externaltools.arm-none.win32_1.15.0.201708311556/tools/compiler/bin/../lib/gcc/arm-none-eabi/6.3.1/thumb/v7e-m/fpv4-sp/hard\libgcc.a(_aeabi_uldivmod.o)
 .ARM.attributes
                0x000004d4       0x34 c:/ac6/systemworkbench/plugins/fr.ac6.mcu.externaltools.arm-none.win32_1.15.0.201708311556/tools/compiler/bin/../lib/gcc/arm-none-eabi/6.3.1/thumb/v7e-m/fpv4-sp/hard\libgcc.a(_udivmoddi4.o)
 .ARM.attributes
                0x00000508       0x22 c:/ac6/systemworkbench/plugins/fr.ac6.mcu.externaltools.arm-none.win32_1.15.0.201708311556/tools/compiler/bin/../lib/gcc/arm-none-eabi/6.3.1/thumb/v7e-m/fpv4-sp/hard\libgcc.a(_dvmd_tls.o)
 .ARM.attributes
                0x0000052a       0x34 c:/ac6/systemworkbench/plugins/fr.ac6.mcu.externaltools.arm-none.win32_1.15.0.201708311556/tools/compiler/bin/../lib/gcc/arm-none-eabi/6.3.1/../../../../arm-none-eabi/lib/thumb/v7e-m/fpv4-sp/hard\libc_nano.a(lib_a-impure.o)
 .ARM.attributes
                0x0000055e       0x34 c:/ac6/systemworkbench/plugins/fr.ac6.mcu.externaltools.arm-none.win32_1.15.0.201708311556/tools/compiler/bin/../lib/gcc/arm-none-eabi/6.3.1/../../../../arm-none-eabi/lib/thumb/v7e-m/fpv4-sp/hard\libc_nano.a(lib_a-init.o)
 .ARM.attributes
                0x00000592       0x34 c:/ac6/systemworkbench/plugins/fr.ac6.mcu.externaltools.arm-none.win32_1.15.0.201708311556/tools/compiler/bin/../lib/gcc/arm-none-eabi/6.3.1/../../../../arm-none-eabi/lib/thumb/v7e-m/fpv4-sp/hard\libc_nano.a(lib_a-sprintf.o)
 .ARM.attributes
                0x000005c6       0x1b c:/ac6/systemworkbench/plugins/fr.ac6.mcu.externaltools.arm-none.win32_1.15.0.201708311556/tools/compiler/bin/../lib/gcc/arm-none-eabi/6.3.1/../../../../arm-none-eabi/lib/thumb/v7e-m/fpv4-sp/hard\libc_nano.a(lib_a-strlen.o)
 .ARM.attributes
                0x000005e1       0x34 c:/ac6/systemworkbench/plugins/fr.ac6.mcu.externaltools.arm-none.win32_1.15.0.201708311556/tools/compiler/bin/../lib/gcc/arm-none-eabi/6.3.1/../../../../arm-none-eabi/lib/thumb/v7e-m/fpv4-sp/hard\libc_nano.a(lib_a-nano-svfprintf.o)
 .ARM.attributes
                0x00000615       0x34 c:/ac6/systemworkbench/plugins/fr.ac6.mcu.externaltools.arm-none.win32_1.15.0.201708311556/tools/compiler/bin/../lib/gcc/arm-none-eabi/6.3.1/../../../../arm-none-eabi/lib/thumb/v7e-m/fpv4-sp/hard\libc_nano.a(lib_a-nano-vfprintf_i.o)
 .ARM.attributes
                0x00000649       0x20 c:/ac6/systemworkbench/plugins/fr.ac6.mcu.externaltools.arm-none.win32_1.15.0.201708311556/tools/compiler/bin/../lib/gcc/arm-none-eabi/6.3.1/../../../../arm-none-eabi/lib/thumb/v7e-m/fpv4-sp/hard\libc_nano.a(lib_a-memchr.o)
 .ARM.attributes
                0x00000669       0x34 c:/ac6/systemworkbench/plugins/fr.ac6.mcu.externaltools.arm-none.win32_1.15.0.201708311556/tools/compiler/bin/../lib/gcc/arm-none-eabi/6.3.1/../../../../arm-none-eabi/lib/thumb/v7e-m/fpv4-sp/hard\libc_nano.a(lib_a-memcpy-stub.o)
 .ARM.attributes
                0x0000069d       0x34 c:/ac6/systemworkbench/plugins/fr.ac6.mcu.externaltools.arm-none.win32_1.15.0.201708311556/tools/compiler/bin/../lib/gcc/arm-none-eabi/6.3.1/../../../../arm-none-eabi/lib/thumb/v7e-m/fpv4-sp/hard\libc_nano.a(lib_a-memmove.o)
 .ARM.attributes
                0x000006d1       0x34 c:/ac6/systemworkbench/plugins/fr.ac6.mcu.externaltools.arm-none.win32_1.15.0.201708311556/tools/compiler/bin/../lib/gcc/arm-none-eabi/6.3.1/../../../../arm-none-eabi/lib/thumb/v7e-m/fpv4-sp/hard\libc_nano.a(lib_a-nano-freer.o)
 .ARM.attributes
                0x00000705       0x34 c:/ac6/systemworkbench/plugins/fr.ac6.mcu.externaltools.arm-none.win32_1.15.0.201708311556/tools/compiler/bin/../lib/gcc/arm-none-eabi/6.3.1/../../../../arm-none-eabi/lib/thumb/v7e-m/fpv4-sp/hard\libc_nano.a(lib_a-nano-mallocr.o)
 .ARM.attributes
                0x00000739       0x34 c:/ac6/systemworkbench/plugins/fr.ac6.mcu.externaltools.arm-none.win32_1.15.0.201708311556/tools/compiler/bin/../lib/gcc/arm-none-eabi/6.3.1/../../../../arm-none-eabi/lib/thumb/v7e-m/fpv4-sp/hard\libc_nano.a(lib_a-nano-reallocr.o)
 .ARM.attributes
                0x0000076d       0x34 c:/ac6/systemworkbench/plugins/fr.ac6.mcu.externaltools.arm-none.win32_1.15.0.201708311556/tools/compiler/bin/../lib/gcc/arm-none-eabi/6.3.1/../../../../arm-none-eabi/lib/thumb/v7e-m/fpv4-sp/hard\libc_nano.a(lib_a-sbrkr.o)
 .ARM.attributes
                0x000007a1       0x34 c:/ac6/systemworkbench/plugins/fr.ac6.mcu.externaltools.arm-none.win32_1.15.0.201708311556/tools/compiler/bin/../lib/gcc/arm-none-eabi/6.3.1/../../../../arm-none-eabi/lib/thumb/v7e-m/fpv4-sp/hard\libc_nano.a(lib_a-mlock.o)
 .ARM.attributes
                0x000007d5       0x34 c:/ac6/systemworkbench/plugins/fr.ac6.mcu.externaltools.arm-none.win32_1.15.0.201708311556/tools/compiler/bin/../lib/gcc/arm-none-eabi/6.3.1/../../../../arm-none-eabi/lib/thumb/v7e-m/fpv4-sp/hard\libc_nano.a(lib_a-nano-msizer.o)
 .ARM.attributes
                0x00000809       0x34 c:/ac6/systemworkbench/plugins/fr.ac6.mcu.externaltools.arm-none.win32_1.15.0.201708311556/tools/compiler/bin/../lib/gcc/arm-none-eabi/6.3.1/../../../../arm-none-eabi/lib/thumb/v7e-m/fpv4-sp/hard\libc_nano.a(lib_a-reent.o)
 .ARM.attributes
                0x0000083d       0x34 c:/ac6/systemworkbench/plugins/fr.ac6.mcu.externaltools.arm-none.win32_1.15.0.201708311556/tools/compiler/bin/../lib/gcc/arm-none-eabi/6.3.1/../../../../arm-none-eabi/lib/thumb/v7e-m/fpv4-sp/hard\libnosys.a(sbrk.o)
 .ARM.attributes
                0x00000871       0x22 c:/ac6/systemworkbench/plugins/fr.ac6.mcu.externaltools.arm-none.win32_1.15.0.201708311556/tools/compiler/bin/../lib/gcc/arm-none-eabi/6.3.1/thumb/v7e-m/fpv4-sp/hard/crtn.o
OUTPUT(Acceralo2.elf elf32-littlearm)

.debug_info     0x00000000    0x1c007
 .debug_info    0x00000000      0x831 Drivers/Components/lis302dl/lis302dl.o
 .debug_info    0x00000831      0x8ae Drivers/Components/lis3dsh/lis3dsh.o
 .debug_info    0x000010df     0x21f4 Drivers/STM32F4-Discovery/stm32f4_discovery.o
 .debug_info    0x000032d3      0xcc6 Drivers/STM32F4-Discovery/stm32f4_discovery_accelerometer.o
 .debug_info    0x00003f99     0x2560 Drivers/STM32F4-Discovery/stm32f4_discovery_audio.o
 .debug_info    0x000064f9     0x1118 Drivers/STM32F4xx_HAL_Driver/Src/stm32f4xx_hal.o
 .debug_info    0x00007611     0x175a Drivers/STM32F4xx_HAL_Driver/Src/stm32f4xx_hal_cortex.o
 .debug_info    0x00008d6b      0xf97 Drivers/STM32F4xx_HAL_Driver/Src/stm32f4xx_hal_gpio.o
 .debug_info    0x00009d02     0x36e2 Drivers/STM32F4xx_HAL_Driver/Src/stm32f4xx_hal_i2c.o
 .debug_info    0x0000d3e4     0x17f1 Drivers/STM32F4xx_HAL_Driver/Src/stm32f4xx_hal_i2s.o
 .debug_info    0x0000ebd5     0x15fb Drivers/STM32F4xx_HAL_Driver/Src/stm32f4xx_hal_i2s_ex.o
 .debug_info    0x000101d0     0x123a Drivers/STM32F4xx_HAL_Driver/Src/stm32f4xx_hal_rcc.o
 .debug_info    0x0001140a      0xdf1 Drivers/STM32F4xx_HAL_Driver/Src/stm32f4xx_hal_rcc_ex.o
 .debug_info    0x000121fb     0x220a Drivers/STM32F4xx_HAL_Driver/Src/stm32f4xx_hal_spi.o
 .debug_info    0x00014405     0x1f1d Drivers/STM32F4xx_HAL_Driver/Src/stm32f4xx_hal_uart.o
 .debug_info    0x00016322     0x2839 Src/main.o
 .debug_info    0x00018b5b     0x1d30 Src/stm32f4xx_hal_msp.o
 .debug_info    0x0001a88b      0x9db Src/stm32f4xx_it.o
 .debug_info    0x0001b266      0xd30 Src/system_stm32f4xx.o
 .debug_info    0x0001bf96       0x71 startup/startup_stm32f407xx.o

.debug_abbrev   0x00000000     0x358c
 .debug_abbrev  0x00000000      0x1cb Drivers/Components/lis302dl/lis302dl.o
 .debug_abbrev  0x000001cb      0x1cb Drivers/Components/lis3dsh/lis3dsh.o
 .debug_abbrev  0x00000396      0x353 Drivers/STM32F4-Discovery/stm32f4_discovery.o
 .debug_abbrev  0x000006e9      0x28b Drivers/STM32F4-Discovery/stm32f4_discovery_accelerometer.o
 .debug_abbrev  0x00000974      0x384 Drivers/STM32F4-Discovery/stm32f4_discovery_audio.o
 .debug_abbrev  0x00000cf8      0x2f2 Drivers/STM32F4xx_HAL_Driver/Src/stm32f4xx_hal.o
 .debug_abbrev  0x00000fea      0x3d4 Drivers/STM32F4xx_HAL_Driver/Src/stm32f4xx_hal_cortex.o
 .debug_abbrev  0x000013be      0x2a5 Drivers/STM32F4xx_HAL_Driver/Src/stm32f4xx_hal_gpio.o
 .debug_abbrev  0x00001663      0x2f9 Drivers/STM32F4xx_HAL_Driver/Src/stm32f4xx_hal_i2c.o
 .debug_abbrev  0x0000195c      0x32a Drivers/STM32F4xx_HAL_Driver/Src/stm32f4xx_hal_i2s.o
 .debug_abbrev  0x00001c86      0x31b Drivers/STM32F4xx_HAL_Driver/Src/stm32f4xx_hal_i2s_ex.o
 .debug_abbrev  0x00001fa1      0x328 Drivers/STM32F4xx_HAL_Driver/Src/stm32f4xx_hal_rcc.o
 .debug_abbrev  0x000022c9      0x279 Drivers/STM32F4xx_HAL_Driver/Src/stm32f4xx_hal_rcc_ex.o
 .debug_abbrev  0x00002542      0x2f0 Drivers/STM32F4xx_HAL_Driver/Src/stm32f4xx_hal_spi.o
 .debug_abbrev  0x00002832      0x342 Drivers/STM32F4xx_HAL_Driver/Src/stm32f4xx_hal_uart.o
 .debug_abbrev  0x00002b74      0x368 Src/main.o
 .debug_abbrev  0x00002edc      0x28a Src/stm32f4xx_hal_msp.o
 .debug_abbrev  0x00003166      0x20f Src/stm32f4xx_it.o
 .debug_abbrev  0x00003375      0x205 Src/system_stm32f4xx.o
 .debug_abbrev  0x0000357a       0x12 startup/startup_stm32f407xx.o

.debug_loc      0x00000000     0xa11a
 .debug_loc     0x00000000      0x163 Drivers/Components/lis302dl/lis302dl.o
 .debug_loc     0x00000163      0x1b5 Drivers/Components/lis3dsh/lis3dsh.o
 .debug_loc     0x00000318      0x45a Drivers/STM32F4-Discovery/stm32f4_discovery.o
 .debug_loc     0x00000772      0x13a Drivers/STM32F4-Discovery/stm32f4_discovery_accelerometer.o
 .debug_loc     0x000008ac      0x7d0 Drivers/STM32F4-Discovery/stm32f4_discovery_audio.o
 .debug_loc     0x0000107c       0x69 Drivers/STM32F4xx_HAL_Driver/Src/stm32f4xx_hal.o
 .debug_loc     0x000010e5      0x5ce Drivers/STM32F4xx_HAL_Driver/Src/stm32f4xx_hal_cortex.o
 .debug_loc     0x000016b3      0x3fd Drivers/STM32F4xx_HAL_Driver/Src/stm32f4xx_hal_gpio.o
 .debug_loc     0x00001ab0     0x3198 Drivers/STM32F4xx_HAL_Driver/Src/stm32f4xx_hal_i2c.o
 .debug_loc     0x00004c48      0xf9e Drivers/STM32F4xx_HAL_Driver/Src/stm32f4xx_hal_i2s.o
 .debug_loc     0x00005be6      0xc80 Drivers/STM32F4xx_HAL_Driver/Src/stm32f4xx_hal_i2s_ex.o
 .debug_loc     0x00006866      0x378 Drivers/STM32F4xx_HAL_Driver/Src/stm32f4xx_hal_rcc.o
 .debug_loc     0x00006bde      0x2a9 Drivers/STM32F4xx_HAL_Driver/Src/stm32f4xx_hal_rcc_ex.o
 .debug_loc     0x00006e87     0x1984 Drivers/STM32F4xx_HAL_Driver/Src/stm32f4xx_hal_spi.o
 .debug_loc     0x0000880b     0x1532 Drivers/STM32F4xx_HAL_Driver/Src/stm32f4xx_hal_uart.o
 .debug_loc     0x00009d3d      0x133 Src/main.o
 .debug_loc     0x00009e70      0x16c Src/stm32f4xx_hal_msp.o
 .debug_loc     0x00009fdc      0x13e Src/system_stm32f4xx.o

.debug_aranges  0x00000000      0xe90
 .debug_aranges
                0x00000000       0x78 Drivers/Components/lis302dl/lis302dl.o
 .debug_aranges
                0x00000078       0x68 Drivers/Components/lis3dsh/lis3dsh.o
 .debug_aranges
                0x000000e0       0xd8 Drivers/STM32F4-Discovery/stm32f4_discovery.o
 .debug_aranges
                0x000001b8       0x48 Drivers/STM32F4-Discovery/stm32f4_discovery_accelerometer.o
 .debug_aranges
                0x00000200      0x140 Drivers/STM32F4-Discovery/stm32f4_discovery_audio.o
 .debug_aranges
                0x00000340       0xc8 Drivers/STM32F4xx_HAL_Driver/Src/stm32f4xx_hal.o
 .debug_aranges
                0x00000408       0xa8 Drivers/STM32F4xx_HAL_Driver/Src/stm32f4xx_hal_cortex.o
 .debug_aranges
                0x000004b0       0x58 Drivers/STM32F4xx_HAL_Driver/Src/stm32f4xx_hal_gpio.o
 .debug_aranges
                0x00000508      0x268 Drivers/STM32F4xx_HAL_Driver/Src/stm32f4xx_hal_i2c.o
 .debug_aranges
                0x00000770      0x108 Drivers/STM32F4xx_HAL_Driver/Src/stm32f4xx_hal_i2s.o
 .debug_aranges
                0x00000878       0x78 Drivers/STM32F4xx_HAL_Driver/Src/stm32f4xx_hal_i2s_ex.o
 .debug_aranges
                0x000008f0       0x88 Drivers/STM32F4xx_HAL_Driver/Src/stm32f4xx_hal_rcc.o
 .debug_aranges
                0x00000978       0x38 Drivers/STM32F4xx_HAL_Driver/Src/stm32f4xx_hal_rcc_ex.o
 .debug_aranges
                0x000009b0      0x1c8 Drivers/STM32F4xx_HAL_Driver/Src/stm32f4xx_hal_spi.o
 .debug_aranges
                0x00000b78      0x1d0 Drivers/STM32F4xx_HAL_Driver/Src/stm32f4xx_hal_uart.o
 .debug_aranges
                0x00000d48       0x68 Src/main.o
 .debug_aranges
                0x00000db0       0x60 Src/stm32f4xx_hal_msp.o
 .debug_aranges
                0x00000e10       0x30 Src/stm32f4xx_it.o
 .debug_aranges
                0x00000e40       0x28 Src/system_stm32f4xx.o
 .debug_aranges
                0x00000e68       0x28 startup/startup_stm32f407xx.o

.debug_ranges   0x00000000      0xe00
 .debug_ranges  0x00000000       0x68 Drivers/Components/lis302dl/lis302dl.o
 .debug_ranges  0x00000068       0x58 Drivers/Components/lis3dsh/lis3dsh.o
 .debug_ranges  0x000000c0       0xc8 Drivers/STM32F4-Discovery/stm32f4_discovery.o
 .debug_ranges  0x00000188       0x38 Drivers/STM32F4-Discovery/stm32f4_discovery_accelerometer.o
 .debug_ranges  0x000001c0      0x130 Drivers/STM32F4-Discovery/stm32f4_discovery_audio.o
 .debug_ranges  0x000002f0       0xb8 Drivers/STM32F4xx_HAL_Driver/Src/stm32f4xx_hal.o
 .debug_ranges  0x000003a8       0xf8 Drivers/STM32F4xx_HAL_Driver/Src/stm32f4xx_hal_cortex.o
 .debug_ranges  0x000004a0       0x48 Drivers/STM32F4xx_HAL_Driver/Src/stm32f4xx_hal_gpio.o
 .debug_ranges  0x000004e8      0x258 Drivers/STM32F4xx_HAL_Driver/Src/stm32f4xx_hal_i2c.o
 .debug_ranges  0x00000740       0xf8 Drivers/STM32F4xx_HAL_Driver/Src/stm32f4xx_hal_i2s.o
 .debug_ranges  0x00000838       0x80 Drivers/STM32F4xx_HAL_Driver/Src/stm32f4xx_hal_i2s_ex.o
 .debug_ranges  0x000008b8       0x78 Drivers/STM32F4xx_HAL_Driver/Src/stm32f4xx_hal_rcc.o
 .debug_ranges  0x00000930       0x28 Drivers/STM32F4xx_HAL_Driver/Src/stm32f4xx_hal_rcc_ex.o
 .debug_ranges  0x00000958      0x1b8 Drivers/STM32F4xx_HAL_Driver/Src/stm32f4xx_hal_spi.o
 .debug_ranges  0x00000b10      0x1c0 Drivers/STM32F4xx_HAL_Driver/Src/stm32f4xx_hal_uart.o
 .debug_ranges  0x00000cd0       0x88 Src/main.o
 .debug_ranges  0x00000d58       0x50 Src/stm32f4xx_hal_msp.o
 .debug_ranges  0x00000da8       0x20 Src/stm32f4xx_it.o
 .debug_ranges  0x00000dc8       0x18 Src/system_stm32f4xx.o
 .debug_ranges  0x00000de0       0x20 startup/startup_stm32f407xx.o

.debug_macro    0x00000000    0x21428
 .debug_macro   0x00000000       0x7c Drivers/Components/lis302dl/lis302dl.o
 .debug_macro   0x0000007c      0x1d1 Drivers/Components/lis302dl/lis302dl.o
 .debug_macro   0x0000024d       0x7c Drivers/Components/lis3dsh/lis3dsh.o
 .debug_macro   0x000002c9      0x428 Drivers/Components/lis3dsh/lis3dsh.o
 .debug_macro   0x000006f1      0x36a Drivers/STM32F4-Discovery/stm32f4_discovery.o
 .debug_macro   0x00000a5b      0x191 Drivers/STM32F4-Discovery/stm32f4_discovery.o
 .debug_macro   0x00000bec      0x18c Drivers/STM32F4-Discovery/stm32f4_discovery.o
 .debug_macro   0x00000d78       0x32 Drivers/STM32F4-Discovery/stm32f4_discovery.o
 .debug_macro   0x00000daa       0x2f Drivers/STM32F4-Discovery/stm32f4_discovery.o
 .debug_macro   0x00000dd9       0x35 Drivers/STM32F4-Discovery/stm32f4_discovery.o
 .debug_macro   0x00000e0e       0x50 Drivers/STM32F4-Discovery/stm32f4_discovery.o
 .debug_macro   0x00000e5e      0xe66 Drivers/STM32F4-Discovery/stm32f4_discovery.o
 .debug_macro   0x00001cc4    0x15d08 Drivers/STM32F4-Discovery/stm32f4_discovery.o
 .debug_macro   0x000179cc       0x43 Drivers/STM32F4-Discovery/stm32f4_discovery.o
 .debug_macro   0x00017a0f     0x3535 Drivers/STM32F4-Discovery/stm32f4_discovery.o
 .debug_macro   0x0001af44       0x58 Drivers/STM32F4-Discovery/stm32f4_discovery.o
 .debug_macro   0x0001af9c       0x50 Drivers/STM32F4-Discovery/stm32f4_discovery.o
 .debug_macro   0x0001afec      0x96b Drivers/STM32F4-Discovery/stm32f4_discovery.o
 .debug_macro   0x0001b957      0x9e6 Drivers/STM32F4-Discovery/stm32f4_discovery.o
 .debug_macro   0x0001c33d      0x11e Drivers/STM32F4-Discovery/stm32f4_discovery.o
 .debug_macro   0x0001c45b      0x13e Drivers/STM32F4-Discovery/stm32f4_discovery.o
 .debug_macro   0x0001c599       0x27 Drivers/STM32F4-Discovery/stm32f4_discovery.o
 .debug_macro   0x0001c5c0      0x287 Drivers/STM32F4-Discovery/stm32f4_discovery.o
 .debug_macro   0x0001c847       0x5f Drivers/STM32F4-Discovery/stm32f4_discovery.o
 .debug_macro   0x0001c8a6      0x23a Drivers/STM32F4-Discovery/stm32f4_discovery.o
 .debug_macro   0x0001cae0      0x133 Drivers/STM32F4-Discovery/stm32f4_discovery.o
 .debug_macro   0x0001cc13      0x21e Drivers/STM32F4-Discovery/stm32f4_discovery.o
 .debug_macro   0x0001ce31       0x2e Drivers/STM32F4-Discovery/stm32f4_discovery.o
 .debug_macro   0x0001ce5f      0x1a7 Drivers/STM32F4-Discovery/stm32f4_discovery.o
 .debug_macro   0x0001d006       0xa5 Drivers/STM32F4-Discovery/stm32f4_discovery.o
 .debug_macro   0x0001d0ab      0x192 Drivers/STM32F4-Discovery/stm32f4_discovery.o
 .debug_macro   0x0001d23d       0x40 Drivers/STM32F4-Discovery/stm32f4_discovery.o
 .debug_macro   0x0001d27d       0x3c Drivers/STM32F4-Discovery/stm32f4_discovery.o
 .debug_macro   0x0001d2b9      0x11e Drivers/STM32F4-Discovery/stm32f4_discovery.o
 .debug_macro   0x0001d3d7       0x7f Drivers/STM32F4-Discovery/stm32f4_discovery.o
 .debug_macro   0x0001d456       0x89 Drivers/STM32F4-Discovery/stm32f4_discovery.o
 .debug_macro   0x0001d4df      0x202 Drivers/STM32F4-Discovery/stm32f4_discovery.o
 .debug_macro   0x0001d6e1      0x287 Drivers/STM32F4-Discovery/stm32f4_discovery.o
 .debug_macro   0x0001d968      0x125 Drivers/STM32F4-Discovery/stm32f4_discovery.o
 .debug_macro   0x0001da8d      0x1e1 Drivers/STM32F4-Discovery/stm32f4_discovery.o
 .debug_macro   0x0001dc6e      0x382 Drivers/STM32F4-Discovery/stm32f4_discovery_accelerometer.o
 .debug_macro   0x0001dff0      0x37d Drivers/STM32F4-Discovery/stm32f4_discovery_audio.o
 .debug_macro   0x0001e36d       0x3b Drivers/STM32F4-Discovery/stm32f4_discovery_audio.o
 .debug_macro   0x0001e3a8       0x82 Drivers/STM32F4-Discovery/stm32f4_discovery_audio.o
 .debug_macro   0x0001e42a      0x170 Drivers/STM32F4-Discovery/stm32f4_discovery_audio.o
 .debug_macro   0x0001e59a      0x39d Drivers/STM32F4xx_HAL_Driver/Src/stm32f4xx_hal.o
 .debug_macro   0x0001e937      0x33d Drivers/STM32F4xx_HAL_Driver/Src/stm32f4xx_hal_cortex.o
 .debug_macro   0x0001ec74      0x375 Drivers/STM32F4xx_HAL_Driver/Src/stm32f4xx_hal_gpio.o
 .debug_macro   0x0001efe9      0x37d Drivers/STM32F4xx_HAL_Driver/Src/stm32f4xx_hal_i2c.o
 .debug_macro   0x0001f366      0x33e Drivers/STM32F4xx_HAL_Driver/Src/stm32f4xx_hal_i2s.o
 .debug_macro   0x0001f6a4      0x33d Drivers/STM32F4xx_HAL_Driver/Src/stm32f4xx_hal_i2s_ex.o
 .debug_macro   0x0001f9e1      0x361 Drivers/STM32F4xx_HAL_Driver/Src/stm32f4xx_hal_rcc.o
 .debug_macro   0x0001fd42      0x33d Drivers/STM32F4xx_HAL_Driver/Src/stm32f4xx_hal_rcc_ex.o
 .debug_macro   0x0002007f      0x345 Drivers/STM32F4xx_HAL_Driver/Src/stm32f4xx_hal_spi.o
 .debug_macro   0x000203c4      0x33e Drivers/STM32F4xx_HAL_Driver/Src/stm32f4xx_hal_uart.o
 .debug_macro   0x00020702      0x35f Src/main.o
 .debug_macro   0x00020a61      0x33d Src/stm32f4xx_hal_msp.o
 .debug_macro   0x00020d9e      0x347 Src/stm32f4xx_it.o
 .debug_macro   0x000210e5      0x343 Src/system_stm32f4xx.o

.debug_line     0x00000000     0xd4ad
 .debug_line    0x00000000      0x44a Drivers/Components/lis302dl/lis302dl.o
 .debug_line    0x0000044a      0x42b Drivers/Components/lis3dsh/lis3dsh.o
 .debug_line    0x00000875      0xa53 Drivers/STM32F4-Discovery/stm32f4_discovery.o
 .debug_line    0x000012c8      0x9d7 Drivers/STM32F4-Discovery/stm32f4_discovery_accelerometer.o
 .debug_line    0x00001c9f      0xd0f Drivers/STM32F4-Discovery/stm32f4_discovery_audio.o
 .debug_line    0x000029ae      0x983 Drivers/STM32F4xx_HAL_Driver/Src/stm32f4xx_hal.o
 .debug_line    0x00003331      0xa02 Drivers/STM32F4xx_HAL_Driver/Src/stm32f4xx_hal_cortex.o
 .debug_line    0x00003d33      0x976 Drivers/STM32F4xx_HAL_Driver/Src/stm32f4xx_hal_gpio.o
 .debug_line    0x000046a9     0x19a3 Drivers/STM32F4xx_HAL_Driver/Src/stm32f4xx_hal_i2c.o
 .debug_line    0x0000604c      0xd88 Drivers/STM32F4xx_HAL_Driver/Src/stm32f4xx_hal_i2s.o
 .debug_line    0x00006dd4      0xde2 Drivers/STM32F4xx_HAL_Driver/Src/stm32f4xx_hal_i2s_ex.o
 .debug_line    0x00007bb6      0xa49 Drivers/STM32F4xx_HAL_Driver/Src/stm32f4xx_hal_rcc.o
 .debug_line    0x000085ff      0x8cb Drivers/STM32F4xx_HAL_Driver/Src/stm32f4xx_hal_rcc_ex.o
 .debug_line    0x00008eca     0x11d2 Drivers/STM32F4xx_HAL_Driver/Src/stm32f4xx_hal_spi.o
 .debug_line    0x0000a09c     0x10f0 Drivers/STM32F4xx_HAL_Driver/Src/stm32f4xx_hal_uart.o
 .debug_line    0x0000b18c      0x9ba Src/main.o
 .debug_line    0x0000bb46      0x8be Src/stm32f4xx_hal_msp.o
 .debug_line    0x0000c404      0x814 Src/stm32f4xx_it.o
 .debug_line    0x0000cc18      0x816 Src/system_stm32f4xx.o
 .debug_line    0x0000d42e       0x7f startup/startup_stm32f407xx.o

.debug_str      0x00000000    0xc633f
 .debug_str     0x00000000     0x4096 Drivers/Components/lis302dl/lis302dl.o
                               0x425b (size before relaxing)
 .debug_str     0x00004096     0x1392 Drivers/Components/lis3dsh/lis3dsh.o
                               0x4989 (size before relaxing)
 .debug_str     0x00005428    0xbc80e Drivers/STM32F4-Discovery/stm32f4_discovery.o
                              0xbff76 (size before relaxing)
 .debug_str     0x000c1c36      0x255 Drivers/STM32F4-Discovery/stm32f4_discovery_accelerometer.o
                              0xc0c41 (size before relaxing)
 .debug_str     0x000c1e8b     0x1b42 Drivers/STM32F4-Discovery/stm32f4_discovery_audio.o
                              0xc12b6 (size before relaxing)
 .debug_str     0x000c39cd      0x55b Drivers/STM32F4xx_HAL_Driver/Src/stm32f4xx_hal.o
                              0xbec6b (size before relaxing)
 .debug_str     0x000c3f28      0x37d Drivers/STM32F4xx_HAL_Driver/Src/stm32f4xx_hal_cortex.o
                              0xbea63 (size before relaxing)
 .debug_str     0x000c42a5      0x1b8 Drivers/STM32F4xx_HAL_Driver/Src/stm32f4xx_hal_gpio.o
                              0xbe3f6 (size before relaxing)
 .debug_str     0x000c445d      0xa54 Drivers/STM32F4xx_HAL_Driver/Src/stm32f4xx_hal_i2c.o
                              0xbeffc (size before relaxing)
 .debug_str     0x000c4eb1      0x191 Drivers/STM32F4xx_HAL_Driver/Src/stm32f4xx_hal_i2s.o
                              0xbe769 (size before relaxing)
 .debug_str     0x000c5042      0x1d1 Drivers/STM32F4xx_HAL_Driver/Src/stm32f4xx_hal_i2s_ex.o
                              0xbe69d (size before relaxing)
 .debug_str     0x000c5213      0x341 Drivers/STM32F4xx_HAL_Driver/Src/stm32f4xx_hal_rcc.o
                              0xbe5a7 (size before relaxing)
 .debug_str     0x000c5554       0x87 Drivers/STM32F4xx_HAL_Driver/Src/stm32f4xx_hal_rcc_ex.o
                              0xbe2cb (size before relaxing)
 .debug_str     0x000c55db      0x4a0 Drivers/STM32F4xx_HAL_Driver/Src/stm32f4xx_hal_spi.o
                              0xbe9dc (size before relaxing)
 .debug_str     0x000c5a7b      0x67b Drivers/STM32F4xx_HAL_Driver/Src/stm32f4xx_hal_uart.o
                              0xbea3b (size before relaxing)
 .debug_str     0x000c60f6      0x17a Src/main.o
                              0xbf47f (size before relaxing)
 .debug_str     0x000c6270       0x1b Src/stm32f4xx_hal_msp.o
                              0xbf0a7 (size before relaxing)
 .debug_str     0x000c628b       0x5a Src/stm32f4xx_it.o
                              0xbe0a1 (size before relaxing)
 .debug_str     0x000c62e5       0x5a Src/system_stm32f4xx.o
                              0xbe1b2 (size before relaxing)

.comment        0x00000000       0x7f
 .comment       0x00000000       0x7f Drivers/Components/lis302dl/lis302dl.o
                                 0x80 (size before relaxing)
 .comment       0x0000007f       0x80 Drivers/Components/lis3dsh/lis3dsh.o
 .comment       0x0000007f       0x80 Drivers/STM32F4-Discovery/stm32f4_discovery.o
 .comment       0x0000007f       0x80 Drivers/STM32F4-Discovery/stm32f4_discovery_accelerometer.o
 .comment       0x0000007f       0x80 Drivers/STM32F4-Discovery/stm32f4_discovery_audio.o
 .comment       0x0000007f       0x80 Drivers/STM32F4xx_HAL_Driver/Src/stm32f4xx_hal.o
 .comment       0x0000007f       0x80 Drivers/STM32F4xx_HAL_Driver/Src/stm32f4xx_hal_cortex.o
 .comment       0x0000007f       0x80 Drivers/STM32F4xx_HAL_Driver/Src/stm32f4xx_hal_gpio.o
 .comment       0x0000007f       0x80 Drivers/STM32F4xx_HAL_Driver/Src/stm32f4xx_hal_i2c.o
 .comment       0x0000007f       0x80 Drivers/STM32F4xx_HAL_Driver/Src/stm32f4xx_hal_i2s.o
 .comment       0x0000007f       0x80 Drivers/STM32F4xx_HAL_Driver/Src/stm32f4xx_hal_i2s_ex.o
 .comment       0x0000007f       0x80 Drivers/STM32F4xx_HAL_Driver/Src/stm32f4xx_hal_rcc.o
 .comment       0x0000007f       0x80 Drivers/STM32F4xx_HAL_Driver/Src/stm32f4xx_hal_rcc_ex.o
 .comment       0x0000007f       0x80 Drivers/STM32F4xx_HAL_Driver/Src/stm32f4xx_hal_spi.o
 .comment       0x0000007f       0x80 Drivers/STM32F4xx_HAL_Driver/Src/stm32f4xx_hal_uart.o
 .comment       0x0000007f       0x80 Src/main.o
 .comment       0x0000007f       0x80 Src/stm32f4xx_hal_msp.o
 .comment       0x0000007f       0x80 Src/stm32f4xx_it.o
 .comment       0x0000007f       0x80 Src/system_stm32f4xx.o

.debug_frame    0x00000000     0x2cd0
 .debug_frame   0x00000000      0x17c Drivers/Components/lis302dl/lis302dl.o
 .debug_frame   0x0000017c      0x13c Drivers/Components/lis3dsh/lis3dsh.o
 .debug_frame   0x000002b8      0x2a4 Drivers/STM32F4-Discovery/stm32f4_discovery.o
 .debug_frame   0x0000055c       0xa4 Drivers/STM32F4-Discovery/stm32f4_discovery_accelerometer.o
 .debug_frame   0x00000600      0x3a8 Drivers/STM32F4-Discovery/stm32f4_discovery_audio.o
 .debug_frame   0x000009a8      0x198 Drivers/STM32F4xx_HAL_Driver/Src/stm32f4xx_hal.o
 .debug_frame   0x00000b40      0x15c Drivers/STM32F4xx_HAL_Driver/Src/stm32f4xx_hal_cortex.o
 .debug_frame   0x00000c9c       0xd0 Drivers/STM32F4xx_HAL_Driver/Src/stm32f4xx_hal_gpio.o
 .debug_frame   0x00000d6c      0x848 Drivers/STM32F4xx_HAL_Driver/Src/stm32f4xx_hal_i2c.o
 .debug_frame   0x000015b4      0x304 Drivers/STM32F4xx_HAL_Driver/Src/stm32f4xx_hal_i2s.o
 .debug_frame   0x000018b8      0x184 Drivers/STM32F4xx_HAL_Driver/Src/stm32f4xx_hal_i2s_ex.o
 .debug_frame   0x00001a3c      0x170 Drivers/STM32F4xx_HAL_Driver/Src/stm32f4xx_hal_rcc.o
 .debug_frame   0x00001bac       0x70 Drivers/STM32F4xx_HAL_Driver/Src/stm32f4xx_hal_rcc_ex.o
 .debug_frame   0x00001c1c      0x560 Drivers/STM32F4xx_HAL_Driver/Src/stm32f4xx_hal_spi.o
 .debug_frame   0x0000217c      0x4e8 Drivers/STM32F4xx_HAL_Driver/Src/stm32f4xx_hal_uart.o
 .debug_frame   0x00002664      0x114 Src/main.o
 .debug_frame   0x00002778      0x104 Src/stm32f4xx_hal_msp.o
 .debug_frame   0x0000287c       0x50 Src/stm32f4xx_it.o
 .debug_frame   0x000028cc       0x30 Src/system_stm32f4xx.o
 .debug_frame   0x000028fc       0x2c c:/ac6/systemworkbench/plugins/fr.ac6.mcu.externaltools.arm-none.win32_1.15.0.201708311556/tools/compiler/bin/../lib/gcc/arm-none-eabi/6.3.1/thumb/v7e-m/fpv4-sp/hard\libgcc.a(_aeabi_uldivmod.o)
 .debug_frame   0x00002928       0x34 c:/ac6/systemworkbench/plugins/fr.ac6.mcu.externaltools.arm-none.win32_1.15.0.201708311556/tools/compiler/bin/../lib/gcc/arm-none-eabi/6.3.1/thumb/v7e-m/fpv4-sp/hard\libgcc.a(_udivmoddi4.o)
 .debug_frame   0x0000295c       0x2c c:/ac6/systemworkbench/plugins/fr.ac6.mcu.externaltools.arm-none.win32_1.15.0.201708311556/tools/compiler/bin/../lib/gcc/arm-none-eabi/6.3.1/../../../../arm-none-eabi/lib/thumb/v7e-m/fpv4-sp/hard\libc_nano.a(lib_a-init.o)
 .debug_frame   0x00002988       0x70 c:/ac6/systemworkbench/plugins/fr.ac6.mcu.externaltools.arm-none.win32_1.15.0.201708311556/tools/compiler/bin/../lib/gcc/arm-none-eabi/6.3.1/../../../../arm-none-eabi/lib/thumb/v7e-m/fpv4-sp/hard\libc_nano.a(lib_a-sprintf.o)
 .debug_frame   0x000029f8       0x90 c:/ac6/systemworkbench/plugins/fr.ac6.mcu.externaltools.arm-none.win32_1.15.0.201708311556/tools/compiler/bin/../lib/gcc/arm-none-eabi/6.3.1/../../../../arm-none-eabi/lib/thumb/v7e-m/fpv4-sp/hard\libc_nano.a(lib_a-nano-svfprintf.o)
 .debug_frame   0x00002a88       0x60 c:/ac6/systemworkbench/plugins/fr.ac6.mcu.externaltools.arm-none.win32_1.15.0.201708311556/tools/compiler/bin/../lib/gcc/arm-none-eabi/6.3.1/../../../../arm-none-eabi/lib/thumb/v7e-m/fpv4-sp/hard\libc_nano.a(lib_a-nano-vfprintf_i.o)
 .debug_frame   0x00002ae8       0x28 c:/ac6/systemworkbench/plugins/fr.ac6.mcu.externaltools.arm-none.win32_1.15.0.201708311556/tools/compiler/bin/../lib/gcc/arm-none-eabi/6.3.1/../../../../arm-none-eabi/lib/thumb/v7e-m/fpv4-sp/hard\libc_nano.a(lib_a-memcpy-stub.o)
 .debug_frame   0x00002b10       0x28 c:/ac6/systemworkbench/plugins/fr.ac6.mcu.externaltools.arm-none.win32_1.15.0.201708311556/tools/compiler/bin/../lib/gcc/arm-none-eabi/6.3.1/../../../../arm-none-eabi/lib/thumb/v7e-m/fpv4-sp/hard\libc_nano.a(lib_a-memmove.o)
 .debug_frame   0x00002b38       0x38 c:/ac6/systemworkbench/plugins/fr.ac6.mcu.externaltools.arm-none.win32_1.15.0.201708311556/tools/compiler/bin/../lib/gcc/arm-none-eabi/6.3.1/../../../../arm-none-eabi/lib/thumb/v7e-m/fpv4-sp/hard\libc_nano.a(lib_a-nano-freer.o)
 .debug_frame   0x00002b70       0x2c c:/ac6/systemworkbench/plugins/fr.ac6.mcu.externaltools.arm-none.win32_1.15.0.201708311556/tools/compiler/bin/../lib/gcc/arm-none-eabi/6.3.1/../../../../arm-none-eabi/lib/thumb/v7e-m/fpv4-sp/hard\libc_nano.a(lib_a-nano-mallocr.o)
 .debug_frame   0x00002b9c       0x3c c:/ac6/systemworkbench/plugins/fr.ac6.mcu.externaltools.arm-none.win32_1.15.0.201708311556/tools/compiler/bin/../lib/gcc/arm-none-eabi/6.3.1/../../../../arm-none-eabi/lib/thumb/v7e-m/fpv4-sp/hard\libc_nano.a(lib_a-nano-reallocr.o)
 .debug_frame   0x00002bd8       0x2c c:/ac6/systemworkbench/plugins/fr.ac6.mcu.externaltools.arm-none.win32_1.15.0.201708311556/tools/compiler/bin/../lib/gcc/arm-none-eabi/6.3.1/../../../../arm-none-eabi/lib/thumb/v7e-m/fpv4-sp/hard\libc_nano.a(lib_a-sbrkr.o)
 .debug_frame   0x00002c04       0x30 c:/ac6/systemworkbench/plugins/fr.ac6.mcu.externaltools.arm-none.win32_1.15.0.201708311556/tools/compiler/bin/../lib/gcc/arm-none-eabi/6.3.1/../../../../arm-none-eabi/lib/thumb/v7e-m/fpv4-sp/hard\libc_nano.a(lib_a-mlock.o)
 .debug_frame   0x00002c34       0x20 c:/ac6/systemworkbench/plugins/fr.ac6.mcu.externaltools.arm-none.win32_1.15.0.201708311556/tools/compiler/bin/../lib/gcc/arm-none-eabi/6.3.1/../../../../arm-none-eabi/lib/thumb/v7e-m/fpv4-sp/hard\libc_nano.a(lib_a-nano-msizer.o)
 .debug_frame   0x00002c54       0x5c c:/ac6/systemworkbench/plugins/fr.ac6.mcu.externaltools.arm-none.win32_1.15.0.201708311556/tools/compiler/bin/../lib/gcc/arm-none-eabi/6.3.1/../../../../arm-none-eabi/lib/thumb/v7e-m/fpv4-sp/hard\libc_nano.a(lib_a-reent.o)
 .debug_frame   0x00002cb0       0x20 c:/ac6/systemworkbench/plugins/fr.ac6.mcu.externaltools.arm-none.win32_1.15.0.201708311556/tools/compiler/bin/../lib/gcc/arm-none-eabi/6.3.1/../../../../arm-none-eabi/lib/thumb/v7e-m/fpv4-sp/hard\libnosys.a(sbrk.o)
