Archive member included to satisfy reference by file (symbol)

c:/ac6/systemworkbench/plugins/fr.ac6.mcu.externaltools.arm-none.win32_1.15.0.201708311556/tools/compiler/bin/../lib/gcc/arm-none-eabi/6.3.1/thumb/v7e-m/fpv4-sp/hard\libgcc.a(_aeabi_uldivmod.o)
                              Drivers/STM32F4xx_HAL_Driver/Src/stm32f4xx_hal_rcc.o (__aeabi_uldivmod)
c:/ac6/systemworkbench/plugins/fr.ac6.mcu.externaltools.arm-none.win32_1.15.0.201708311556/tools/compiler/bin/../lib/gcc/arm-none-eabi/6.3.1/thumb/v7e-m/fpv4-sp/hard\libgcc.a(_udivmoddi4.o)
                              c:/ac6/systemworkbench/plugins/fr.ac6.mcu.externaltools.arm-none.win32_1.15.0.201708311556/tools/compiler/bin/../lib/gcc/arm-none-eabi/6.3.1/thumb/v7e-m/fpv4-sp/hard\libgcc.a(_aeabi_uldivmod.o) (__udivmoddi4)
c:/ac6/systemworkbench/plugins/fr.ac6.mcu.externaltools.arm-none.win32_1.15.0.201708311556/tools/compiler/bin/../lib/gcc/arm-none-eabi/6.3.1/thumb/v7e-m/fpv4-sp/hard\libgcc.a(_dvmd_tls.o)
                              c:/ac6/systemworkbench/plugins/fr.ac6.mcu.externaltools.arm-none.win32_1.15.0.201708311556/tools/compiler/bin/../lib/gcc/arm-none-eabi/6.3.1/thumb/v7e-m/fpv4-sp/hard\libgcc.a(_aeabi_uldivmod.o) (__aeabi_ldiv0)
c:/ac6/systemworkbench/plugins/fr.ac6.mcu.externaltools.arm-none.win32_1.15.0.201708311556/tools/compiler/bin/../lib/gcc/arm-none-eabi/6.3.1/../../../../arm-none-eabi/lib/thumb/v7e-m/fpv4-sp/hard\libc_nano.a(lib_a-exit.o)
                              c:/ac6/systemworkbench/plugins/fr.ac6.mcu.externaltools.arm-none.win32_1.15.0.201708311556/tools/compiler/bin/../lib/gcc/arm-none-eabi/6.3.1/../../../../arm-none-eabi/lib/thumb/v7e-m/fpv4-sp/hard/crt0.o (exit)
c:/ac6/systemworkbench/plugins/fr.ac6.mcu.externaltools.arm-none.win32_1.15.0.201708311556/tools/compiler/bin/../lib/gcc/arm-none-eabi/6.3.1/../../../../arm-none-eabi/lib/thumb/v7e-m/fpv4-sp/hard\libc_nano.a(lib_a-impure.o)
                              c:/ac6/systemworkbench/plugins/fr.ac6.mcu.externaltools.arm-none.win32_1.15.0.201708311556/tools/compiler/bin/../lib/gcc/arm-none-eabi/6.3.1/../../../../arm-none-eabi/lib/thumb/v7e-m/fpv4-sp/hard\libc_nano.a(lib_a-exit.o) (_global_impure_ptr)
c:/ac6/systemworkbench/plugins/fr.ac6.mcu.externaltools.arm-none.win32_1.15.0.201708311556/tools/compiler/bin/../lib/gcc/arm-none-eabi/6.3.1/../../../../arm-none-eabi/lib/thumb/v7e-m/fpv4-sp/hard\libc_nano.a(lib_a-init.o)
                              c:/ac6/systemworkbench/plugins/fr.ac6.mcu.externaltools.arm-none.win32_1.15.0.201708311556/tools/compiler/bin/../lib/gcc/arm-none-eabi/6.3.1/../../../../arm-none-eabi/lib/thumb/v7e-m/fpv4-sp/hard/crt0.o (__libc_init_array)
c:/ac6/systemworkbench/plugins/fr.ac6.mcu.externaltools.arm-none.win32_1.15.0.201708311556/tools/compiler/bin/../lib/gcc/arm-none-eabi/6.3.1/../../../../arm-none-eabi/lib/thumb/v7e-m/fpv4-sp/hard\libc_nano.a(lib_a-memset.o)
                              c:/ac6/systemworkbench/plugins/fr.ac6.mcu.externaltools.arm-none.win32_1.15.0.201708311556/tools/compiler/bin/../lib/gcc/arm-none-eabi/6.3.1/../../../../arm-none-eabi/lib/thumb/v7e-m/fpv4-sp/hard/crt0.o (memset)
c:/ac6/systemworkbench/plugins/fr.ac6.mcu.externaltools.arm-none.win32_1.15.0.201708311556/tools/compiler/bin/../lib/gcc/arm-none-eabi/6.3.1/../../../../arm-none-eabi/lib/thumb/v7e-m/fpv4-sp/hard\libc_nano.a(lib_a-sprintf.o)
                              Src/main.o (sprintf)
c:/ac6/systemworkbench/plugins/fr.ac6.mcu.externaltools.arm-none.win32_1.15.0.201708311556/tools/compiler/bin/../lib/gcc/arm-none-eabi/6.3.1/../../../../arm-none-eabi/lib/thumb/v7e-m/fpv4-sp/hard\libc_nano.a(lib_a-strlen.o)
                              Src/main.o (strlen)
c:/ac6/systemworkbench/plugins/fr.ac6.mcu.externaltools.arm-none.win32_1.15.0.201708311556/tools/compiler/bin/../lib/gcc/arm-none-eabi/6.3.1/../../../../arm-none-eabi/lib/thumb/v7e-m/fpv4-sp/hard\libc_nano.a(lib_a-nano-svfprintf.o)
                              c:/ac6/systemworkbench/plugins/fr.ac6.mcu.externaltools.arm-none.win32_1.15.0.201708311556/tools/compiler/bin/../lib/gcc/arm-none-eabi/6.3.1/../../../../arm-none-eabi/lib/thumb/v7e-m/fpv4-sp/hard\libc_nano.a(lib_a-sprintf.o) (_svfprintf_r)
c:/ac6/systemworkbench/plugins/fr.ac6.mcu.externaltools.arm-none.win32_1.15.0.201708311556/tools/compiler/bin/../lib/gcc/arm-none-eabi/6.3.1/../../../../arm-none-eabi/lib/thumb/v7e-m/fpv4-sp/hard\libc_nano.a(lib_a-nano-vfprintf_i.o)
                              c:/ac6/systemworkbench/plugins/fr.ac6.mcu.externaltools.arm-none.win32_1.15.0.201708311556/tools/compiler/bin/../lib/gcc/arm-none-eabi/6.3.1/../../../../arm-none-eabi/lib/thumb/v7e-m/fpv4-sp/hard\libc_nano.a(lib_a-nano-svfprintf.o) (_printf_i)
c:/ac6/systemworkbench/plugins/fr.ac6.mcu.externaltools.arm-none.win32_1.15.0.201708311556/tools/compiler/bin/../lib/gcc/arm-none-eabi/6.3.1/../../../../arm-none-eabi/lib/thumb/v7e-m/fpv4-sp/hard\libc_nano.a(lib_a-memchr.o)
[...]
Memory Configuration

Name             Origin             Length             Attributes
RAM              0x20000000         0x00020000         xrw
CCMRAM           0x10000000         0x00010000         rw
FLASH            0x08000000         0x00100000         xr
*default*        0x00000000         0xffffffff

Linker script and memory map

LOAD c:/ac6/systemworkbench/plugins/fr.ac6.mcu.externaltools.arm-none.win32_1.15.0.201708311556/tools/compiler/bin/../lib/gcc/arm-none-eabi/6.3.1/thumb/v7e-m/fpv4-sp/hard/crti.o
LOAD c:/ac6/systemworkbench/plugins/fr.ac6.mcu.externaltools.arm-none.win32_1.15.0.201708311556/tools/compiler/bin/../lib/gcc/arm-none-eabi/6.3.1/thumb/v7e-m/fpv4-sp/hard/crtbegin.o
LOAD c:/ac6/systemworkbench/plugins/fr.ac6.mcu.externaltools.arm-none.win32_1.15.0.201708311556/tools/compiler/bin/../lib/gcc/arm-none-eabi/6.3.1/../../../../arm-none-eabi/lib/thumb/v7e-m/fpv4-sp/hard/crt0.o
LOAD Drivers/Components/cs43l22/cs43l22.o
LOAD Drivers/Components/exc7200/exc7200.o
LOAD Drivers/Components/ft6x06/ft6x06.o
LOAD Drivers/Components/ili9325/ili9325.o
LOAD Drivers/Components/ili9341/ili9341.o
LOAD Drivers/Components/l3gd20/l3gd20.o
LOAD Drivers/Components/lis302dl/lis302dl.o
LOAD Drivers/Components/lis3dsh/lis3dsh.o
LOAD Drivers/Components/ls016b8uy/ls016b8uy.o
LOAD Drivers/Components/lsm303dlhc/lsm303dlhc.o
LOAD Drivers/Components/mfxstm32l152/mfxstm32l152.o
LOAD Drivers/Components/otm8009a/otm8009a.o
LOAD Drivers/Components/ov2640/ov2640.o
LOAD Drivers/Components/s5k5cag/s5k5cag.o
LOAD Drivers/Components/st7735/st7735.o
LOAD Drivers/Components/st7789h2/st7789h2.o
LOAD Drivers/Components/stmpe1600/stmpe1600.o
LOAD Drivers/Components/stmpe811/stmpe811.o
LOAD Drivers/Components/ts3510/ts3510.o
LOAD Drivers/Components/wm8994/wm8994.o
LOAD Drivers/STM32F4-Discovery/stm32f4_discovery.o
LOAD Drivers/STM32F4-Discovery/stm32f4_discovery_accelerometer.o
LOAD Drivers/STM32F4-Discovery/stm32f4_discovery_audio.o
LOAD Drivers/STM32F4xx_HAL_Driver/Src/stm32f4xx_hal.o
LOAD Drivers/STM32F4xx_HAL_Driver/Src/stm32f4xx_hal_cortex.o
LOAD Drivers/STM32F4xx_HAL_Driver/Src/stm32f4xx_hal_dma.o
LOAD Drivers/STM32F4xx_HAL_Driver/Src/stm32f4xx_hal_dma_ex.o
LOAD Drivers/STM32F4xx_HAL_Driver/Src/stm32f4xx_hal_flash.o
LOAD Drivers/STM32F4xx_HAL_Driver/Src/stm32f4xx_hal_flash_ex.o
LOAD Drivers/STM32F4xx_HAL_Driver/Src/stm32f4xx_hal_flash_ramfunc.o
LOAD Drivers/STM32F4xx_HAL_Driver/Src/stm32f4xx_hal_gpio.o
LOAD Drivers/STM32F4xx_HAL_Driver/Src/stm32f4xx_hal_i2c.o
LOAD Drivers/STM32F4xx_HAL_Driver/Src/stm32f4xx_hal_i2c_ex.o
LOAD Drivers/STM32F4xx_HAL_Driver/Src/stm32f4xx_hal_i2s.o
LOAD Drivers/STM32F4xx_HAL_Driver/Src/stm32f4xx_hal_i2s_ex.o
LOAD Drivers/STM32F4xx_HAL_Driver/Src/stm32f4xx_hal_pwr.o
LOAD Drivers/STM32F4xx_HAL_Driver/Src/stm32f4xx_hal_pwr_ex.o
LOAD Drivers/STM32F4xx_HAL_Driver/Src/stm32f4xx_hal_rcc.o
LOAD Drivers/STM32F4xx_HAL_Driver/Src/stm32f4xx_hal_rcc_ex.o
LOAD Drivers/STM32F4xx_HAL_Driver/Src/stm32f4xx_hal_spi.o
LOAD Drivers/STM32F4xx_HAL_Driver/Src/stm32f4xx_hal_tim.o
LOAD Drivers/STM32F4xx_HAL_Driver/Src/stm32f4xx_hal_tim_ex.o
LOAD Drivers/STM32F4xx_HAL_Driver/Src/stm32f4xx_hal_uart.o
LOAD Src/main.o
LOAD Src/stm32f4xx_hal_msp.o
LOAD Src/stm32f4xx_it.o
LOAD Src/system_stm32f4xx.o
LOAD startup/startup_stm32f407xx.o
LOAD c:/ac6/systemworkbench/plugins/fr.ac6.mcu.externaltools.arm-none.win32_1.15.0.201708311556/tools/compiler/bin/../lib/gcc/arm-none-eabi/6.3.1/../../../../arm-none-eabi/lib/thumb/v7e-m/fpv4-sp/hard\libm.a
START GROUP
LOAD c:/ac6/systemworkbench/plugins/fr.ac6.mcu.externaltools.arm-none.win32_1.15.0.201708311556/tools/compiler/bin/../lib/gcc/arm-none-eabi/6.3.1/thumb/v7e-m/fpv4-sp/hard\libgcc.a
LOAD c:/ac6/systemworkbench/plugins/fr.ac6.mcu.externaltools.arm-none.win32_1.15.0.201708311556/tools/compiler/bin/../lib/gcc/arm-none-eabi/6.3.1/../../../../arm-none-eabi/lib/thumb/v7e-m/fpv4-sp/hard\libc_nano.a
END GROUP
START GROUP
LOAD c:/ac6/systemworkbench/plugins/fr.ac6.mcu.externaltools.arm-none.win32_1.15.0.201708311556/tools/compiler/bin/../lib/gcc/arm-none-eabi/6.3.1/thumb/v7e-m/fpv4-sp/hard\libgcc.a
LOAD c:/ac6/systemworkbench/plugins/fr.ac6.mcu.externaltools.arm-none.win32_1.15.0.201708311556/tools/compiler/bin/../lib/gcc/arm-none-eabi/6.3.1/../../../../arm-none-eabi/lib/thumb/v7e-m/fpv4-sp/hard\libc_nano.a
LOAD c:/ac6/systemworkbench/plugins/fr.ac6.mcu.externaltools.arm-none.win32_1.15.0.201708311556/tools/compiler/bin/../lib/gcc/arm-none-eabi/6.3.1/../../../../arm-none-eabi/lib/thumb/v7e-m/fpv4-sp/hard\libnosys.a
END GROUP
START GROUP
LOAD c:/ac6/systemworkbench/plugins/fr.ac6.mcu.externaltools.arm-none.win32_1.15.0.201708311556/tools/compiler/bin/../lib/gcc/arm-none-eabi/6.3.1/thumb/v7e-m/fpv4-sp/hard\libgcc.a
LOAD c:/ac6/systemworkbench/plugins/fr.ac6.mcu.externaltools.arm-none.win32_1.15.0.201708311556/tools/compiler/bin/../lib/gcc/arm-none-eabi/6.3.1/../../../../arm-none-eabi/lib/thumb/v7e-m/fpv4-sp/hard\libc_nano.a
LOAD c:/ac6/systemworkbench/plugins/fr.ac6.mcu.externaltools.arm-none.win32_1.15.0.201708311556/tools/compiler/bin/../lib/gcc/arm-none-eabi/6.3.1/../../../../arm-none-eabi/lib/thumb/v7e-m/fpv4-sp/hard\libnosys.a
END GROUP
LOAD c:/ac6/systemworkbench/plugins/fr.ac6.mcu.externaltools.arm-none.win32_1.15.0.201708311556/tools/compiler/bin/../lib/gcc/arm-none-eabi/6.3.1/thumb/v7e-m/fpv4-sp/hard/crtend.o
LOAD c:/ac6/systemworkbench/plugins/fr.ac6.mcu.externaltools.arm-none.win32_1.15.0.201708311556/tools/compiler/bin/../lib/gcc/arm-none-eabi/6.3.1/thumb/v7e-m/fpv4-sp/hard/crtn.o
                0x20020000                _estack = 0x20020000
                0x00000200                _Min_Heap_Size = 0x200
                0x00000400                _Min_Stack_Size = 0x400

.isr_vector     0x08000000      0x188
                0x08000000                . = ALIGN (0x4)
 *(.isr_vector)
 .isr_vector    0x08000000      0x188 startup/startup_stm32f407xx.o
                0x08000000                g_pfnVectors
                0x08000188                . = ALIGN (0x4)

.text           0x08000190     0x4158
                0x08000190                . = ALIGN (0x4)
 *(.text)
 .text          0x08000190       0x6c c:/ac6/systemworkbench/plugins/fr.ac6.mcu.externaltools.arm-none.win32_1.15.0.201708311556/tools/compiler/bin/../lib/gcc/arm-none-eabi/6.3.1/thumb/v7e-m/fpv4-sp/hard/crtbegin.o
 .text          0x080001fc       0x30 c:/ac6/systemworkbench/plugins/fr.ac6.mcu.externaltools.arm-none.win32_1.15.0.201708311556/tools/compiler/bin/../lib/gcc/arm-none-eabi/6.3.1/thumb/v7e-m/fpv4-sp/hard\libgcc.a(_aeabi_uldivmod.o)
                0x080001fc                __aeabi_uldivmod
 .text          0x0800022c      0x2dc c:/ac6/systemworkbench/plugins/fr.ac6.mcu.externaltools.arm-none.win32_1.15.0.201708311556/tools/compiler/bin/../lib/gcc/arm-none-eabi/6.3.1/thumb/v7e-m/fpv4-sp/hard\libgcc.a(_udivmoddi4.o)
                0x0800022c                __udivmoddi4
 .text          0x08000508        0x4 c:/ac6/systemworkbench/plugins/fr.ac6.mcu.externaltools.arm-none.win32_1.15.0.201708311556/tools/compiler/bin/../lib/gcc/arm-none-eabi/6.3.1/thumb/v7e-m/fpv4-sp/hard\libgcc.a(_dvmd_tls.o)
                0x08000508                __aeabi_idiv0
                0x08000508                __aeabi_ldiv0
 .text          0x0800050c       0x10 c:/ac6/systemworkbench/plugins/fr.ac6.mcu.externaltools.arm-none.win32_1.15.0.201708311556/tools/compiler/bin/../lib/gcc/arm-none-eabi/6.3.1/../../../../arm-none-eabi/lib/thumb/v7e-m/fpv4-sp/hard\libc_nano.a(lib_a-strlen.o)
                0x0800050c                strlen
 *fill*         0x0800051c        0x4 
 .text          0x08000520       0xa0 c:/ac6/systemworkbench/plugins/fr.ac6.mcu.externaltools.arm-none.win32_1.15.0.201708311556/tools/compiler/bin/../lib/gcc/arm-none-eabi/6.3.1/../../../../arm-none-eabi/lib/thumb/v7e-m/fpv4-sp/hard\libc_nano.a(lib_a-memchr.o)
                0x08000520                memchr
 *(.text*)
 .text.LIS302DL_DeInit
                0x080005c0        0x2 Drivers/Components/lis302dl/lis302dl.o
                0x080005c0                LIS302DL_DeInit
 .text.LIS302DL_Init
                0x080005c2       0x22 Drivers/Components/lis302dl/lis302dl.o
                0x080005c2                LIS302DL_Init
 .text.LIS302DL_ReadID
                0x080005e4       0x22 Drivers/Components/lis302dl/lis302dl.o
                0x080005e4                LIS302DL_ReadID
 .text.LIS302DL_FilterConfig
                0x08000606       0x34 Drivers/Components/lis302dl/lis302dl.o
                0x08000606                LIS302DL_FilterConfig
 .text.LIS302DL_Click_IntClear
                0x0800063a       0x24 Drivers/Components/lis302dl/lis302dl.o
                0x0800063a                LIS302DL_Click_IntClear
 .text.LIS302DL_RebootCmd
                0x0800065e       0x2e Drivers/Components/lis302dl/lis302dl.o
                0x0800065e                LIS302DL_RebootCmd
 .text.LIS302DL_ReadACC
                0x0800068c       0x68 Drivers/Components/lis302dl/lis302dl.o
                0x0800068c                LIS302DL_ReadACC
 .text.LIS302DL_InterruptConfig
                0x080006f4       0x34 Drivers/Components/lis302dl/lis302dl.o
                0x080006f4                LIS302DL_InterruptConfig
 .text.LIS302DL_Click_IntConfig
                0x08000728       0xaa Drivers/Components/lis302dl/lis302dl.o
                0x08000728                LIS302DL_Click_IntConfig
 .text.LIS3DSH_DeInit
                0x080007d2        0x2 Drivers/Components/lis3dsh/lis3dsh.o
                0x080007d2                LIS3DSH_DeInit
 .text.LIS3DSH_Init
                0x080007d4       0x34 Drivers/Components/lis3dsh/lis3dsh.o
                0x080007d4                LIS3DSH_Init
 .text.LIS3DSH_ReadID
                0x08000808       0x22 Drivers/Components/lis3dsh/lis3dsh.o
                0x08000808                LIS3DSH_ReadID
 .text.LIS3DSH_RebootCmd
                0x0800082a       0x2e Drivers/Components/lis3dsh/lis3dsh.o
                0x0800082a                LIS3DSH_RebootCmd
 .text.LIS3DSH_ReadACC
                0x08000858       0xf4 Drivers/Components/lis3dsh/lis3dsh.o
                0x08000858                LIS3DSH_ReadACC
 .text.LIS3DSH_InterruptConfig
                0x0800094c       0x4c Drivers/Components/lis3dsh/lis3dsh.o
                0x0800094c                LIS3DSH_InterruptConfig
 .text.LIS3DSH_Click_IntConfig
                0x08000998       0xd8 Drivers/Components/lis3dsh/lis3dsh.o
                0x08000998                LIS3DSH_Click_IntConfig
 .text.SPIx_MspInit
                0x08000a70       0x58 Drivers/STM32F4-Discovery/stm32f4_discovery.o
 .text.SPIx_Init
                0x08000ac8       0x4c Drivers/STM32F4-Discovery/stm32f4_discovery.o
 .text.SPIx_Error
                0x08000b14       0x14 Drivers/STM32F4-Discovery/stm32f4_discovery.o
 .text.SPIx_WriteRead
                0x08000b28       0x3c Drivers/STM32F4-Discovery/stm32f4_discovery.o
 .text.ACCELERO_IO_Init
                0x08000b64       0x4c Drivers/STM32F4-Discovery/stm32f4_discovery.o
                0x08000b64                ACCELERO_IO_Init
 .text.ACCELERO_IO_ITConfig
                0x08000bb0       0x50 Drivers/STM32F4-Discovery/stm32f4_discovery.o
                0x08000bb0                ACCELERO_IO_ITConfig
 .text.ACCELERO_IO_Write
                0x08000c00       0x44 Drivers/STM32F4-Discovery/stm32f4_discovery.o
                0x08000c00                ACCELERO_IO_Write
 .text.ACCELERO_IO_Read
                0x08000c44       0x48 Drivers/STM32F4-Discovery/stm32f4_discovery.o
                0x08000c44                ACCELERO_IO_Read
 .text.BSP_ACCELERO_Init
                0x08000c8c       0x50 Drivers/STM32F4-Discovery/stm32f4_discovery_accelerometer.o
                0x08000c8c                BSP_ACCELERO_Init
 .text.BSP_ACCELERO_GetXYZ
                0x08000cdc       0x34 Drivers/STM32F4-Discovery/stm32f4_discovery_accelerometer.o
                0x08000cdc                BSP_ACCELERO_GetXYZ
 .text.BSP_AUDIO_OUT_TransferComplete_CallBack
                0x08000d10        0x2 Drivers/STM32F4-Discovery/stm32f4_discovery_audio.o
                0x08000d10                BSP_AUDIO_OUT_TransferComplete_CallBack
 *fill*         0x08000d12        0x2 
 .text.HAL_I2S_TxCpltCallback
                0x08000d14       0x18 Drivers/STM32F4-Discovery/stm32f4_discovery_audio.o
                0x08000d14                HAL_I2S_TxCpltCallback
 .text.BSP_AUDIO_OUT_Error_CallBack
                0x08000d2c        0x2 Drivers/STM32F4-Discovery/stm32f4_discovery_audio.o
                0x08000d2c                BSP_AUDIO_OUT_Error_CallBack
 .text.BSP_AUDIO_IN_TransferComplete_CallBack
                0x08000d2e        0x2 Drivers/STM32F4-Discovery/stm32f4_discovery_audio.o
                0x08000d2e                BSP_AUDIO_IN_TransferComplete_CallBack
 .text.HAL_I2S_RxCpltCallback
                0x08000d30        0x8 Drivers/STM32F4-Discovery/stm32f4_discovery_audio.o
                0x08000d30                HAL_I2S_RxCpltCallback
 .text.BSP_AUDIO_IN_Error_Callback
                0x08000d38        0x2 Drivers/STM32F4-Discovery/stm32f4_discovery_audio.o
                0x08000d38                BSP_AUDIO_IN_Error_Callback
 *fill*         0x08000d3a        0x2 
 .text.HAL_I2S_ErrorCallback
                0x08000d3c       0x2c Drivers/STM32F4-Discovery/stm32f4_discovery_audio.o
                0x08000d3c                HAL_I2S_ErrorCallback
 .text.HAL_InitTick
                0x08000d68       0x2c Drivers/STM32F4xx_HAL_Driver/Src/stm32f4xx_hal.o
                0x08000d68                HAL_InitTick
 .text.HAL_Init
                0x08000d94       0x34 Drivers/STM32F4xx_HAL_Driver/Src/stm32f4xx_hal.o
                0x08000d94                HAL_Init
 .text.HAL_IncTick
                0x08000dc8       0x10 Drivers/STM32F4xx_HAL_Driver/Src/stm32f4xx_hal.o
                0x08000dc8                HAL_IncTick
 .text.HAL_GetTick
                0x08000dd8        0xc Drivers/STM32F4xx_HAL_Driver/Src/stm32f4xx_hal.o
                0x08000dd8                HAL_GetTick
 .text.HAL_NVIC_SetPriorityGrouping
                0x08000de4       0x24 Drivers/STM32F4xx_HAL_Driver/Src/stm32f4xx_hal_cortex.o
                0x08000de4                HAL_NVIC_SetPriorityGrouping
 .text.HAL_NVIC_SetPriority
                0x08000e08       0x64 Drivers/STM32F4xx_HAL_Driver/Src/stm32f4xx_hal_cortex.o
                0x08000e08                HAL_NVIC_SetPriority
 .text.HAL_NVIC_EnableIRQ
                0x08000e6c       0x18 Drivers/STM32F4xx_HAL_Driver/Src/stm32f4xx_hal_cortex.o
                0x08000e6c                HAL_NVIC_EnableIRQ
 .text.HAL_SYSTICK_Config
                0x08000e84       0x2c Drivers/STM32F4xx_HAL_Driver/Src/stm32f4xx_hal_cortex.o
                0x08000e84                HAL_SYSTICK_Config
 .text.HAL_SYSTICK_CLKSourceConfig
                0x08000eb0       0x20 Drivers/STM32F4xx_HAL_Driver/Src/stm32f4xx_hal_cortex.o
                0x08000eb0                HAL_SYSTICK_CLKSourceConfig
 .text.HAL_SYSTICK_Callback
                0x08000ed0        0x2 Drivers/STM32F4xx_HAL_Driver/Src/stm32f4xx_hal_cortex.o
                0x08000ed0                HAL_SYSTICK_Callback
 .text.HAL_SYSTICK_IRQHandler
                0x08000ed2        0x8 Drivers/STM32F4xx_HAL_Driver/Src/stm32f4xx_hal_cortex.o
                0x08000ed2                HAL_SYSTICK_IRQHandler
 *fill*         0x08000eda        0x2 
 .text.HAL_GPIO_Init
                0x08000edc      0x1cc Drivers/STM32F4xx_HAL_Driver/Src/stm32f4xx_hal_gpio.o
                0x08000edc                HAL_GPIO_Init
 .text.HAL_GPIO_DeInit
                0x080010a8      0x120 Drivers/STM32F4xx_HAL_Driver/Src/stm32f4xx_hal_gpio.o
                0x080010a8                HAL_GPIO_DeInit
 .text.HAL_GPIO_ReadPin
                0x080011c8        0xe Drivers/STM32F4xx_HAL_Driver/Src/stm32f4xx_hal_gpio.o
                0x080011c8                HAL_GPIO_ReadPin
 .text.HAL_GPIO_WritePin
                0x080011d6        0xc Drivers/STM32F4xx_HAL_Driver/Src/stm32f4xx_hal_gpio.o
                0x080011d6                HAL_GPIO_WritePin
 .text.HAL_GPIO_TogglePin
                0x080011e2        0x8 Drivers/STM32F4xx_HAL_Driver/Src/stm32f4xx_hal_gpio.o
                0x080011e2                HAL_GPIO_TogglePin
 *fill*         0x080011ea        0x2 
 .text.HAL_GPIO_EXTI_IRQHandler
                0x080011ec       0x1c Drivers/STM32F4xx_HAL_Driver/Src/stm32f4xx_hal_gpio.o
                0x080011ec                HAL_GPIO_EXTI_IRQHandler
 .text.HAL_I2C_Init
                0x08001208      0x11c Drivers/STM32F4xx_HAL_Driver/Src/stm32f4xx_hal_i2c.o
                0x08001208                HAL_I2C_Init
 .text.I2S_Transmit_IT
                0x08001324       0x3a Drivers/STM32F4xx_HAL_Driver/Src/stm32f4xx_hal_i2s.o
 .text.I2S_Receive_IT
                0x0800135e       0x3a Drivers/STM32F4xx_HAL_Driver/Src/stm32f4xx_hal_i2s.o
 .text.HAL_I2S_Init
                0x08001398      0x194 Drivers/STM32F4xx_HAL_Driver/Src/stm32f4xx_hal_i2s.o
                0x08001398                HAL_I2S_Init
 .text.I2S_IRQHandler
                0x0800152c       0xd8 Drivers/STM32F4xx_HAL_Driver/Src/stm32f4xx_hal_i2s.o
 .text.HAL_I2SEx_TxRxCpltCallback
                0x08001604        0x2 Drivers/STM32F4xx_HAL_Driver/Src/stm32f4xx_hal_i2s_ex.o
                0x08001604                HAL_I2SEx_TxRxCpltCallback
 *fill*         0x08001606        0x2 
 .text.I2SEx_FullDuplexTx_IT
                0x08001608       0xa4 Drivers/STM32F4xx_HAL_Driver/Src/stm32f4xx_hal_i2s_ex.o
 .text.I2SEx_FullDuplexRx_IT
                0x080016ac       0xa4 Drivers/STM32F4xx_HAL_Driver/Src/stm32f4xx_hal_i2s_ex.o
 .text.HAL_I2SEx_FullDuplex_IRQHandler
                0x08001750      0x208 Drivers/STM32F4xx_HAL_Driver/Src/stm32f4xx_hal_i2s_ex.o
                0x08001750                HAL_I2SEx_FullDuplex_IRQHandler
 .text.HAL_RCC_OscConfig
                0x08001958      0x378 Drivers/STM32F4xx_HAL_Driver/Src/stm32f4xx_hal_rcc.o
                0x08001958                HAL_RCC_OscConfig
 .text.HAL_RCC_GetSysClockFreq
                0x08001cd0       0xd4 Drivers/STM32F4xx_HAL_Driver/Src/stm32f4xx_hal_rcc.o
                0x08001cd0                HAL_RCC_GetSysClockFreq
 .text.HAL_RCC_ClockConfig
                0x08001da4      0x158 Drivers/STM32F4xx_HAL_Driver/Src/stm32f4xx_hal_rcc.o
                0x08001da4                HAL_RCC_ClockConfig
 .text.HAL_RCC_GetHCLKFreq
                0x08001efc        0xc Drivers/STM32F4xx_HAL_Driver/Src/stm32f4xx_hal_rcc.o
                0x08001efc                HAL_RCC_GetHCLKFreq
 .text.HAL_RCC_GetPCLK1Freq
                0x08001f08       0x20 Drivers/STM32F4xx_HAL_Driver/Src/stm32f4xx_hal_rcc.o
                0x08001f08                HAL_RCC_GetPCLK1Freq
 .text.HAL_RCC_GetPCLK2Freq
                0x08001f28       0x20 Drivers/STM32F4xx_HAL_Driver/Src/stm32f4xx_hal_rcc.o
                0x08001f28                HAL_RCC_GetPCLK2Freq
 .text.HAL_RCCEx_PeriphCLKConfig
                0x08001f48      0x154 Drivers/STM32F4xx_HAL_Driver/Src/stm32f4xx_hal_rcc_ex.o
                0x08001f48                HAL_RCCEx_PeriphCLKConfig
 .text.HAL_RCCEx_GetPeriphCLKFreq
                0x0800209c       0x74 Drivers/STM32F4xx_HAL_Driver/Src/stm32f4xx_hal_rcc_ex.o
                0x0800209c                HAL_RCCEx_GetPeriphCLKFreq
 .text.SPI_WaitFlagStateUntilTimeout
                0x08002110       0x96 Drivers/STM32F4xx_HAL_Driver/Src/stm32f4xx_hal_spi.o
 .text.SPI_CheckFlag_BSY
                0x080021a6       0x26 Drivers/STM32F4xx_HAL_Driver/Src/stm32f4xx_hal_spi.o
 .text.HAL_SPI_Init
                0x080021cc       0x80 Drivers/STM32F4xx_HAL_Driver/Src/stm32f4xx_hal_spi.o
                0x080021cc                HAL_SPI_Init
 .text.HAL_SPI_DeInit
                0x0800224c       0x2c Drivers/STM32F4xx_HAL_Driver/Src/stm32f4xx_hal_spi.o
                0x0800224c                HAL_SPI_DeInit
 .text.HAL_SPI_TransmitReceive
                0x08002278      0x242 Drivers/STM32F4xx_HAL_Driver/Src/stm32f4xx_hal_spi.o
                0x08002278                HAL_SPI_TransmitReceive
 .text.HAL_SPI_GetState
                0x080024ba        0x6 Drivers/STM32F4xx_HAL_Driver/Src/stm32f4xx_hal_spi.o
                0x080024ba                HAL_SPI_GetState
 .text.TIM_OC1_SetConfig
                0x080024c0       0x64 Drivers/STM32F4xx_HAL_Driver/Src/stm32f4xx_hal_tim.o
 .text.TIM_OC3_SetConfig
                0x08002524       0x6c Drivers/STM32F4xx_HAL_Driver/Src/stm32f4xx_hal_tim.o
 .text.TIM_OC4_SetConfig
                0x08002590       0x5c Drivers/STM32F4xx_HAL_Driver/Src/stm32f4xx_hal_tim.o
 .text.HAL_TIM_Base_Start_IT
                0x080025ec       0x18 Drivers/STM32F4xx_HAL_Driver/Src/stm32f4xx_hal_tim.o
                0x080025ec                HAL_TIM_Base_Start_IT
 .text.HAL_TIM_OC_MspInit
                0x08002604        0x2 Drivers/STM32F4xx_HAL_Driver/Src/stm32f4xx_hal_tim.o
                0x08002604                HAL_TIM_OC_MspInit
 .text.HAL_TIM_OC_DelayElapsedCallback
                0x08002606        0x2 Drivers/STM32F4xx_HAL_Driver/Src/stm32f4xx_hal_tim.o
                0x08002606                HAL_TIM_OC_DelayElapsedCallback
 .text.HAL_TIM_IC_CaptureCallback
                0x08002608        0x2 Drivers/STM32F4xx_HAL_Driver/Src/stm32f4xx_hal_tim.o
                0x08002608                HAL_TIM_IC_CaptureCallback
 .text.HAL_TIM_PWM_PulseFinishedCallback
                0x0800260a        0x2 Drivers/STM32F4xx_HAL_Driver/Src/stm32f4xx_hal_tim.o
                0x0800260a                HAL_TIM_PWM_PulseFinishedCallback
 .text.HAL_TIM_TriggerCallback
                0x0800260c        0x2 Drivers/STM32F4xx_HAL_Driver/Src/stm32f4xx_hal_tim.o
                0x0800260c                HAL_TIM_TriggerCallback
 .text.HAL_TIM_IRQHandler
                0x0800260e      0x17a Drivers/STM32F4xx_HAL_Driver/Src/stm32f4xx_hal_tim.o
                0x0800260e                HAL_TIM_IRQHandler
 .text.TIM_Base_SetConfig
                0x08002788      0x11c Drivers/STM32F4xx_HAL_Driver/Src/stm32f4xx_hal_tim.o
                0x08002788                TIM_Base_SetConfig
 .text.HAL_TIM_Base_Init
                0x080028a4       0x32 Drivers/STM32F4xx_HAL_Driver/Src/stm32f4xx_hal_tim.o
                0x080028a4                HAL_TIM_Base_Init
 .text.HAL_TIM_OC_Init
                0x080028d6       0x32 Drivers/STM32F4xx_HAL_Driver/Src/stm32f4xx_hal_tim.o
                0x080028d6                HAL_TIM_OC_Init
 .text.TIM_OC2_SetConfig
                0x08002908       0x70 Drivers/STM32F4xx_HAL_Driver/Src/stm32f4xx_hal_tim.o
                0x08002908                TIM_OC2_SetConfig
 .text.HAL_TIM_OC_ConfigChannel
                0x08002978       0x5e Drivers/STM32F4xx_HAL_Driver/Src/stm32f4xx_hal_tim.o
                0x08002978                HAL_TIM_OC_ConfigChannel
 .text.HAL_TIMEx_CommutationCallback
                0x080029d6        0x2 Drivers/STM32F4xx_HAL_Driver/Src/stm32f4xx_hal_tim_ex.o
                0x080029d6                HAL_TIMEx_CommutationCallback
 .text.HAL_TIMEx_BreakCallback
                0x080029d8        0x2 Drivers/STM32F4xx_HAL_Driver/Src/stm32f4xx_hal_tim_ex.o
                0x080029d8                HAL_TIMEx_BreakCallback
 *fill*         0x080029da        0x2 
 .text.UART_SetConfig
                0x080029dc      0x344 Drivers/STM32F4xx_HAL_Driver/Src/stm32f4xx_hal_uart.o
 .text.UART_WaitOnFlagUntilTimeout
                0x08002d20       0x64 Drivers/STM32F4xx_HAL_Driver/Src/stm32f4xx_hal_uart.o
 .text.HAL_UART_Init
                0x08002d84       0x5e Drivers/STM32F4xx_HAL_Driver/Src/stm32f4xx_hal_uart.o
                0x08002d84                HAL_UART_Init
 .text.HAL_UART_Transmit
                0x08002de2       0xe2 Drivers/STM32F4xx_HAL_Driver/Src/stm32f4xx_hal_uart.o
                0x08002de2                HAL_UART_Transmit
 .text.MX_GPIO_Init
                0x08002ec4      0x1e8 Src/main.o
 .text.HAL_GPIO_EXTI_Callback
                0x080030ac       0x10 Src/main.o
                0x080030ac                HAL_GPIO_EXTI_Callback
 .text.cal_avg  0x080030bc       0x24 Src/main.o
                0x080030bc                cal_avg
 .text.HAL_TIM_PeriodElapsedCallback
                0x080030e0       0x68 Src/main.o
                0x080030e0                HAL_TIM_PeriodElapsedCallback
 .text._Error_Handler
                0x08003148        0x2 Src/main.o
                0x08003148                _Error_Handler
 *fill*         0x0800314a        0x2 
 .text.MX_SPI1_Init
                0x0800314c       0x48 Src/main.o
 .text.MX_I2C1_Init
                0x08003194       0x44 Src/main.o
 .text.MX_I2S3_Init
                0x080031d8       0x44 Src/main.o
 .text.MX_USART2_UART_Init
                0x0800321c       0x3c Src/main.o
 .text.MX_TIM10_Init
                0x08003258       0x6c Src/main.o
 .text.SystemClock_Config
                0x080032c4       0xe4 Src/main.o
                0x080032c4                SystemClock_Config
 .text.main     0x080033a8      0x368 Src/main.o
                0x080033a8                main
 .text.HAL_MspInit
                0x08003710       0x6e Src/stm32f4xx_hal_msp.o
                0x08003710                HAL_MspInit
 *fill*         0x0800377e        0x2 
 .text.HAL_I2C_MspInit
                0x08003780       0x54 Src/stm32f4xx_hal_msp.o
                0x08003780                HAL_I2C_MspInit
 .text.HAL_I2S_MspInit
                0x080037d4       0x80 Src/stm32f4xx_hal_msp.o
                0x080037d4                HAL_I2S_MspInit
 .text.HAL_SPI_MspInit
                0x08003854       0x50 Src/stm32f4xx_hal_msp.o
                0x08003854                HAL_SPI_MspInit
 .text.HAL_SPI_MspDeInit
                0x080038a4       0x2c Src/stm32f4xx_hal_msp.o
                0x080038a4                HAL_SPI_MspDeInit
 .text.HAL_TIM_Base_MspInit
                0x080038d0       0x40 Src/stm32f4xx_hal_msp.o
                0x080038d0                HAL_TIM_Base_MspInit
 .text.HAL_UART_MspInit
                0x08003910       0x54 Src/stm32f4xx_hal_msp.o
                0x08003910                HAL_UART_MspInit
 .text.SysTick_Handler
                0x08003964        0xc Src/stm32f4xx_it.o
                0x08003964                SysTick_Handler
 .text.RCC_IRQHandler
                0x08003970        0x2 Src/stm32f4xx_it.o
                0x08003970                RCC_IRQHandler
 .text.EXTI9_5_IRQHandler
                0x08003972        0xc Src/stm32f4xx_it.o
                0x08003972                EXTI9_5_IRQHandler
 *fill*         0x0800397e        0x2 
 .text.TIM1_UP_TIM10_IRQHandler
                0x08003980       0x10 Src/stm32f4xx_it.o
                0x08003980                TIM1_UP_TIM10_IRQHandler
 .text.SystemInit
                0x08003990       0x4c Src/system_stm32f4xx.o
                0x08003990                SystemInit
 .text.Reset_Handler
                0x080039dc       0x50 startup/startup_stm32f407xx.o
                0x080039dc                Reset_Handler
 .text.Default_Handler
                0x08003a2c        0x2 startup/startup_stm32f407xx.o
                0x08003a2c                RTC_Alarm_IRQHandler
                0x08003a2c                HASH_RNG_IRQHandler
                0x08003a2c                EXTI2_IRQHandler
                0x08003a2c                TIM8_CC_IRQHandler
                0x08003a2c                DebugMon_Handler
                0x08003a2c                TIM1_CC_IRQHandler
                0x08003a2c                DMA2_Stream5_IRQHandler
                0x08003a2c                HardFault_Handler
                0x08003a2c                DMA1_Stream5_IRQHandler
                0x08003a2c                PVD_IRQHandler
                0x08003a2c                SDIO_IRQHandler
                0x08003a2c                TAMP_STAMP_IRQHandler
                0x08003a2c                PendSV_Handler
                0x08003a2c                NMI_Handler
                0x08003a2c                CAN2_RX1_IRQHandler
                0x08003a2c                EXTI3_IRQHandler
                0x08003a2c                TIM8_TRG_COM_TIM14_IRQHandler
                0x08003a2c                TIM8_UP_TIM13_IRQHandler
                0x08003a2c                I2C3_ER_IRQHandler
                0x08003a2c                EXTI0_IRQHandler
                0x08003a2c                I2C2_EV_IRQHandler
                0x08003a2c                DMA1_Stream2_IRQHandler
                0x08003a2c                CAN1_RX0_IRQHandler
                0x08003a2c                FPU_IRQHandler
                0x08003a2c                OTG_HS_WKUP_IRQHandler
                0x08003a2c                UsageFault_Handler
                0x08003a2c                CAN2_SCE_IRQHandler
                0x08003a2c                DMA2_Stream2_IRQHandler
                0x08003a2c                SPI1_IRQHandler
                0x08003a2c                TIM6_DAC_IRQHandler
                0x08003a2c                TIM1_BRK_TIM9_IRQHandler
                0x08003a2c                DCMI_IRQHandler
                0x08003a2c                CAN2_RX0_IRQHandler
                0x08003a2c                DMA2_Stream3_IRQHandler
                0x08003a2c                USART6_IRQHandler
                0x08003a2c                USART3_IRQHandler
                0x08003a2c                CAN1_RX1_IRQHandler
                0x08003a2c                UART5_IRQHandler
                0x08003a2c                DMA2_Stream0_IRQHandler
                0x08003a2c                TIM4_IRQHandler
                0x08003a2c                I2C1_EV_IRQHandler
                0x08003a2c                DMA1_Stream6_IRQHandler
                0x08003a2c                DMA1_Stream1_IRQHandler
                0x08003a2c                UART4_IRQHandler
                0x08003a2c                TIM3_IRQHandler
                0x08003a2c                TIM8_BRK_TIM12_IRQHandler
                0x08003a2c                Default_Handler
                0x08003a2c                EXTI15_10_IRQHandler
                0x08003a2c                ADC_IRQHandler
                0x08003a2c                DMA1_Stream7_IRQHandler
                0x08003a2c                TIM7_IRQHandler
                0x08003a2c                CAN2_TX_IRQHandler
                0x08003a2c                TIM5_IRQHandler
                0x08003a2c                DMA2_Stream7_IRQHandler
                0x08003a2c                I2C3_EV_IRQHandler
                0x08003a2c                RTC_WKUP_IRQHandler
                0x08003a2c                ETH_WKUP_IRQHandler
                0x08003a2c                SPI2_IRQHandler
                0x08003a2c                OTG_HS_EP1_IN_IRQHandler
                0x08003a2c                MemManage_Handler
                0x08003a2c                DMA1_Stream0_IRQHandler
                0x08003a2c                CAN1_TX_IRQHandler
                0x08003a2c                SVC_Handler
                0x08003a2c                EXTI4_IRQHandler
                0x08003a2c                FSMC_IRQHandler
                0x08003a2c                ETH_IRQHandler
                0x08003a2c                OTG_HS_EP1_OUT_IRQHandler
                0x08003a2c                WWDG_IRQHandler
                0x08003a2c                TIM2_IRQHandler
                0x08003a2c                OTG_FS_WKUP_IRQHandler
                0x08003a2c                TIM1_TRG_COM_TIM11_IRQHandler
                0x08003a2c                OTG_HS_IRQHandler
                0x08003a2c                EXTI1_IRQHandler
                0x08003a2c                USART2_IRQHandler
                0x08003a2c                I2C2_ER_IRQHandler
                0x08003a2c                DMA2_Stream1_IRQHandler
                0x08003a2c                CAN1_SCE_IRQHandler
                0x08003a2c                FLASH_IRQHandler
                0x08003a2c                DMA2_Stream4_IRQHandler
                0x08003a2c                BusFault_Handler
                0x08003a2c                USART1_IRQHandler
                0x08003a2c                OTG_FS_IRQHandler
                0x08003a2c                SPI3_IRQHandler
                0x08003a2c                DMA1_Stream4_IRQHandler
                0x08003a2c                I2C1_ER_IRQHandler
                0x08003a2c                DMA2_Stream6_IRQHandler
                0x08003a2c                DMA1_Stream3_IRQHandler
 *fill*         0x08003a2e        0x2 
 .text.__libc_init_array
                0x08003a30       0x48 c:/ac6/systemworkbench/plugins/fr.ac6.mcu.externaltools.arm-none.win32_1.15.0.201708311556/tools/compiler/bin/../lib/gcc/arm-none-eabi/6.3.1/../../../../arm-none-eabi/lib/thumb/v7e-m/fpv4-sp/hard\libc_nano.a(lib_a-init.o)
                0x08003a30                __libc_init_array
 .text.sprintf  0x08003a78       0x48 c:/ac6/systemworkbench/plugins/fr.ac6.mcu.externaltools.arm-none.win32_1.15.0.201708311556/tools/compiler/bin/../lib/gcc/arm-none-eabi/6.3.1/../../../../arm-none-eabi/lib/thumb/v7e-m/fpv4-sp/hard\libc_nano.a(lib_a-sprintf.o)
                0x08003a78                siprintf
                0x08003a78                sprintf
 .text.__ssputs_r
                0x08003ac0       0xb6 c:/ac6/systemworkbench/plugins/fr.ac6.mcu.externaltools.arm-none.win32_1.15.0.201708311556/tools/compiler/bin/../lib/gcc/arm-none-eabi/6.3.1/../../../../arm-none-eabi/lib/thumb/v7e-m/fpv4-sp/hard\libc_nano.a(lib_a-nano-svfprintf.o)
                0x08003ac0                __ssputs_r
 *fill*         0x08003b76        0x2 
 .text._svfprintf_r
                0x08003b78      0x1e8 c:/ac6/systemworkbench/plugins/fr.ac6.mcu.externaltools.arm-none.win32_1.15.0.201708311556/tools/compiler/bin/../lib/gcc/arm-none-eabi/6.3.1/../../../../arm-none-eabi/lib/thumb/v7e-m/fpv4-sp/hard\libc_nano.a(lib_a-nano-svfprintf.o)
                0x08003b78                _svfiprintf_r
                0x08003b78                _svfprintf_r
 .text._printf_common
                0x08003d60       0xec c:/ac6/systemworkbench/plugins/fr.ac6.mcu.externaltools.arm-none.win32_1.15.0.201708311556/tools/compiler/bin/../lib/gcc/arm-none-eabi/6.3.1/../../../../arm-none-eabi/lib/thumb/v7e-m/fpv4-sp/hard\libc_nano.a(lib_a-nano-vfprintf_i.o)
                0x08003d60                _printf_common
 .text._printf_i
                0x08003e4c      0x240 c:/ac6/systemworkbench/plugins/fr.ac6.mcu.externaltools.arm-none.win32_1.15.0.201708311556/tools/compiler/bin/../lib/gcc/arm-none-eabi/6.3.1/../../../../arm-none-eabi/lib/thumb/v7e-m/fpv4-sp/hard\libc_nano.a(lib_a-nano-vfprintf_i.o)
                0x08003e4c                _printf_i
 .text.memcpy   0x0800408c       0x16 c:/ac6/systemworkbench/plugins/fr.ac6.mcu.externaltools.arm-none.win32_1.15.0.201708311556/tools/compiler/bin/../lib/gcc/arm-none-eabi/6.3.1/../../../../arm-none-eabi/lib/thumb/v7e-m/fpv4-sp/hard\libc_nano.a(lib_a-memcpy-stub.o)
                0x0800408c                memcpy
 .text.memmove  0x080040a2       0x34 c:/ac6/systemworkbench/plugins/fr.ac6.mcu.externaltools.arm-none.win32_1.15.0.201708311556/tools/compiler/bin/../lib/gcc/arm-none-eabi/6.3.1/../../../../arm-none-eabi/lib/thumb/v7e-m/fpv4-sp/hard\libc_nano.a(lib_a-memmove.o)
                0x080040a2                memmove
 *fill*         0x080040d6        0x2 
 .text._free_r  0x080040d8       0x9c c:/ac6/systemworkbench/plugins/fr.ac6.mcu.externaltools.arm-none.win32_1.15.0.201708311556/tools/compiler/bin/../lib/gcc/arm-none-eabi/6.3.1/../../../../arm-none-eabi/lib/thumb/v7e-m/fpv4-sp/hard\libc_nano.a(lib_a-nano-freer.o)
                0x080040d8                _free_r
 .text._malloc_r
                0x08004174       0xbc c:/ac6/systemworkbench/plugins/fr.ac6.mcu.externaltools.arm-none.win32_1.15.0.201708311556/tools/compiler/bin/../lib/gcc/arm-none-eabi/6.3.1/../../../../arm-none-eabi/lib/thumb/v7e-m/fpv4-sp/hard\libc_nano.a(lib_a-nano-mallocr.o)
                0x08004174                _malloc_r
 .text._realloc_r
                0x08004230       0x4c c:/ac6/systemworkbench/plugins/fr.ac6.mcu.externaltools.arm-none.win32_1.15.0.201708311556/tools/compiler/bin/../lib/gcc/arm-none-eabi/6.3.1/../../../../arm-none-eabi/lib/thumb/v7e-m/fpv4-sp/hard\libc_nano.a(lib_a-nano-reallocr.o)
                0x08004230                _realloc_r
 .text._sbrk_r  0x0800427c       0x20 c:/ac6/systemworkbench/plugins/fr.ac6.mcu.externaltools.arm-none.win32_1.15.0.201708311556/tools/compiler/bin/../lib/gcc/arm-none-eabi/6.3.1/../../../../arm-none-eabi/lib/thumb/v7e-m/fpv4-sp/hard\libc_nano.a(lib_a-sbrkr.o)
                0x0800427c                _sbrk_r
 .text.__malloc_lock
                0x0800429c        0x2 c:/ac6/systemworkbench/plugins/fr.ac6.mcu.externaltools.arm-none.win32_1.15.0.201708311556/tools/compiler/bin/../lib/gcc/arm-none-eabi/6.3.1/../../../../arm-none-eabi/lib/thumb/v7e-m/fpv4-sp/hard\libc_nano.a(lib_a-mlock.o)
                0x0800429c                __malloc_lock
 .text.__malloc_unlock
                0x0800429e        0x2 c:/ac6/systemworkbench/plugins/fr.ac6.mcu.externaltools.arm-none.win32_1.15.0.201708311556/tools/compiler/bin/../lib/gcc/arm-none-eabi/6.3.1/../../../../arm-none-eabi/lib/thumb/v7e-m/fpv4-sp/hard\libc_nano.a(lib_a-mlock.o)
                0x0800429e                __malloc_unlock
 .text._malloc_usable_size_r
                0x080042a0       0x12 c:/ac6/systemworkbench/plugins/fr.ac6.mcu.externaltools.arm-none.win32_1.15.0.201708311556/tools/compiler/bin/../lib/gcc/arm-none-eabi/6.3.1/../../../../arm-none-eabi/lib/thumb/v7e-m/fpv4-sp/hard\libc_nano.a(lib_a-nano-msizer.o)
                0x080042a0                _malloc_usable_size_r
 *fill*         0x080042b2        0x2 
 .text._sbrk    0x080042b4       0x1c c:/ac6/systemworkbench/plugins/fr.ac6.mcu.externaltools.arm-none.win32_1.15.0.201708311556/tools/compiler/bin/../lib/gcc/arm-none-eabi/6.3.1/../../../../arm-none-eabi/lib/thumb/v7e-m/fpv4-sp/hard\libnosys.a(sbrk.o)
                0x080042b4                _sbrk
 *(.glue_7)
 .glue_7        0x080042d0        0x0 linker stubs
 *(.glue_7t)
 .glue_7t       0x080042d0        0x0 linker stubs
 *(.eh_frame)
 .eh_frame      0x080042d0        0x0 c:/ac6/systemworkbench/plugins/fr.ac6.mcu.externaltools.arm-none.win32_1.15.0.201708311556/tools/compiler/bin/../lib/gcc/arm-none-eabi/6.3.1/thumb/v7e-m/fpv4-sp/hard/crtbegin.o
 *(.init)
 .init          0x080042d0        0x4 c:/ac6/systemworkbench/plugins/fr.ac6.mcu.externaltools.arm-none.win32_1.15.0.201708311556/tools/compiler/bin/../lib/gcc/arm-none-eabi/6.3.1/thumb/v7e-m/fpv4-sp/hard/crti.o
                0x080042d0                _init
 .init          0x080042d4        0x8 c:/ac6/systemworkbench/plugins/fr.ac6.mcu.externaltools.arm-none.win32_1.15.0.201708311556/tools/compiler/bin/../lib/gcc/arm-none-eabi/6.3.1/thumb/v7e-m/fpv4-sp/hard/crtn.o
 *(.fini)
 .fini          0x080042dc        0x4 c:/ac6/systemworkbench/plugins/fr.ac6.mcu.externaltools.arm-none.win32_1.15.0.201708311556/tools/compiler/bin/../lib/gcc/arm-none-eabi/6.3.1/thumb/v7e-m/fpv4-sp/hard/crti.o
                0x080042dc                _fini
 .fini          0x080042e0        0x8 c:/ac6/systemworkbench/plugins/fr.ac6.mcu.externaltools.arm-none.win32_1.15.0.201708311556/tools/compiler/bin/../lib/gcc/arm-none-eabi/6.3.1/thumb/v7e-m/fpv4-sp/hard/crtn.o
                0x080042e8                . = ALIGN (0x4)
                0x080042e8                _etext = .

.vfp11_veneer   0x080042e8        0x0
 .vfp11_veneer  0x080042e8        0x0 linker stubs

.v4_bx          0x080042e8        0x0
 .v4_bx         0x080042e8        0x0 linker stubs

.iplt           0x080042e8        0x0
 .iplt          0x080042e8        0x0 c:/ac6/systemworkbench/plugins/fr.ac6.mcu.externaltools.arm-none.win32_1.15.0.201708311556/tools/compiler/bin/../lib/gcc/arm-none-eabi/6.3.1/thumb/v7e-m/fpv4-sp/hard/crtbegin.o

.rodata         0x080042e8       0x70
                0x080042e8                . = ALIGN (0x4)
 *(.rodata)
 .rodata        0x080042e8       0x18 Src/system_stm32f4xx.o
                0x080042e8                AHBPrescTable
                0x080042f8                APBPrescTable
 *(.rodata*)
 .rodata.str1.4
                0x08004300       0x24 Src/main.o
                                 0x22 (size before relaxing)
 .rodata._svfprintf_r.str1.1
                0x08004324       0x11 c:/ac6/systemworkbench/plugins/fr.ac6.mcu.externaltools.arm-none.win32_1.15.0.201708311556/tools/compiler/bin/../lib/gcc/arm-none-eabi/6.3.1/../../../../arm-none-eabi/lib/thumb/v7e-m/fpv4-sp/hard\libc_nano.a(lib_a-nano-svfprintf.o)
 .rodata._printf_i.str1.1
                0x08004335       0x22 c:/ac6/systemworkbench/plugins/fr.ac6.mcu.externaltools.arm-none.win32_1.15.0.201708311556/tools/compiler/bin/../lib/gcc/arm-none-eabi/6.3.1/../../../../arm-none-eabi/lib/thumb/v7e-m/fpv4-sp/hard\libc_nano.a(lib_a-nano-vfprintf_i.o)
                0x08004358                . = ALIGN (0x4)
 *fill*         0x08004357        0x1 

.ARM.extab
 *(.ARM.extab* .gnu.linkonce.armextab.*)

.ARM            0x08004358        0x8
                0x08004358                __exidx_start = .
 *(.ARM.exidx*)
 .ARM.exidx     0x08004358        0x8 c:/ac6/systemworkbench/plugins/fr.ac6.mcu.externaltools.arm-none.win32_1.15.0.201708311556/tools/compiler/bin/../lib/gcc/arm-none-eabi/6.3.1/thumb/v7e-m/fpv4-sp/hard\libgcc.a(_udivmoddi4.o)
                0x08004360                __exidx_end = .

.rel.dyn        0x08004360        0x0
 .rel.iplt      0x08004360        0x0 c:/ac6/systemworkbench/plugins/fr.ac6.mcu.externaltools.arm-none.win32_1.15.0.201708311556/tools/compiler/bin/../lib/gcc/arm-none-eabi/6.3.1/thumb/v7e-m/fpv4-sp/hard/crtbegin.o

.preinit_array  0x08004360        0x0
                0x08004360                PROVIDE (__preinit_array_start, .)
 *(.preinit_array*)
                0x08004360                PROVIDE (__preinit_array_end, .)

.init_array     0x08004360        0x4
                0x08004360                PROVIDE (__init_array_start, .)
 *(SORT(.init_array.*))
 *(.init_array*)
 .init_array    0x08004360        0x4 c:/ac6/systemworkbench/plugins/fr.ac6.mcu.externaltools.arm-none.win32_1.15.0.201708311556/tools/compiler/bin/../lib/gcc/arm-none-eabi/6.3.1/thumb/v7e-m/fpv4-sp/hard/crtbegin.o
                0x08004364                PROVIDE (__init_array_end, .)

.fini_array     0x08004364        0x4
                [!provide]                PROVIDE (__fini_array_start, .)
 *(SORT(.fini_array.*))
 *(.fini_array*)
 .fini_array    0x08004364        0x4 c:/ac6/systemworkbench/plugins/fr.ac6.mcu.externaltools.arm-none.win32_1.15.0.201708311556/tools/compiler/bin/../lib/gcc/arm-none-eabi/6.3.1/thumb/v7e-m/fpv4-sp/hard/crtbegin.o
                [!provide]                PROVIDE (__fini_array_end, .)
                0x08004368                _sidata = LOADADDR (.data)

.data           0x20000000       0xec load address 0x08004368
                0x20000000                . = ALIGN (0x4)
                0x20000000                _sdata = .
 *(.data)
 .data          0x20000000       0x34 Drivers/Components/lis302dl/lis302dl.o
                0x20000000                Lis302dlDrv
 .data          0x20000034       0x34 Drivers/Components/lis3dsh/lis3dsh.o
                0x20000034                Lis3dshDrv
 .data          0x20000068       0x1c Drivers/STM32F4-Discovery/stm32f4_discovery.o
                0x20000068                SpixTimeout
                0x2000006c                I2cxTimeout
                0x20000070                GPIO_PORT
                0x20000080                BUTTON_PORT
 .data          0x20000084        0x4 Src/system_stm32f4xx.o
                0x20000084                SystemCoreClock
 *(.data*)
 .data._impure_ptr
                0x20000088        0x4 c:/ac6/systemworkbench/plugins/fr.ac6.mcu.externaltools.arm-none.win32_1.15.0.201708311556/tools/compiler/bin/../lib/gcc/arm-none-eabi/6.3.1/../../../../arm-none-eabi/lib/thumb/v7e-m/fpv4-sp/hard\libc_nano.a(lib_a-impure.o)
                0x20000088                _impure_ptr
 .data.impure_data
                0x2000008c       0x60 c:/ac6/systemworkbench/plugins/fr.ac6.mcu.externaltools.arm-none.win32_1.15.0.201708311556/tools/compiler/bin/../lib/gcc/arm-none-eabi/6.3.1/../../../../arm-none-eabi/lib/thumb/v7e-m/fpv4-sp/hard\libc_nano.a(lib_a-impure.o)
                0x200000ec                . = ALIGN (0x4)
                0x200000ec                _edata = .
                0x08004454                _siccmram = LOADADDR (.ccmram)

.jcr            0x200000ec        0x0 load address 0x08004454
 .jcr           0x200000ec        0x0 c:/ac6/systemworkbench/plugins/fr.ac6.mcu.externaltools.arm-none.win32_1.15.0.201708311556/tools/compiler/bin/../lib/gcc/arm-none-eabi/6.3.1/thumb/v7e-m/fpv4-sp/hard/crtbegin.o

.igot.plt       0x200000ec        0x0 load address 0x08004454
 .igot.plt      0x200000ec        0x0 c:/ac6/systemworkbench/plugins/fr.ac6.mcu.externaltools.arm-none.win32_1.15.0.201708311556/tools/compiler/bin/../lib/gcc/arm-none-eabi/6.3.1/thumb/v7e-m/fpv4-sp/hard/crtbegin.o

.ccmram         0x10000000        0x0 load address 0x08004454
                0x10000000                . = ALIGN (0x4)
                0x10000000                _sccmram = .
 *(.ccmram)
 *(.ccmram*)
                0x10000000                . = ALIGN (0x4)
                0x10000000                _eccmram = .
                0x10000000                . = ALIGN (0x4)

.bss            0x200000ec      0x59c
                0x200000ec                _sbss = .
                0x200000ec                __bss_start__ = _sbss
 *(.bss)
 .bss           0x200000ec       0x1c c:/ac6/systemworkbench/plugins/fr.ac6.mcu.externaltools.arm-none.win32_1.15.0.201708311556/tools/compiler/bin/../lib/gcc/arm-none-eabi/6.3.1/thumb/v7e-m/fpv4-sp/hard/crtbegin.o
 .bss           0x20000108       0xac Drivers/STM32F4-Discovery/stm32f4_discovery.o
 .bss           0x200001b4        0x4 Drivers/STM32F4-Discovery/stm32f4_discovery_accelerometer.o
 .bss           0x200001b8       0x20 Src/main.o
                0x200001b8                signal
                0x200001bc                counter
                0x200001c0                flag
                0x200001c4                xyz
                0x200001cc                delayTime
                0x200001d0                avgcounter
                0x200001d4                Timecounter
 *(.bss*)
 .bss.__malloc_free_list
                0x200001d8        0x4 c:/ac6/systemworkbench/plugins/fr.ac6.mcu.externaltools.arm-none.win32_1.15.0.201708311556/tools/compiler/bin/../lib/gcc/arm-none-eabi/6.3.1/../../../../arm-none-eabi/lib/thumb/v7e-m/fpv4-sp/hard\libc_nano.a(lib_a-nano-mallocr.o)
                0x200001d8                __malloc_free_list
 .bss.__malloc_sbrk_start
                0x200001dc        0x4 c:/ac6/systemworkbench/plugins/fr.ac6.mcu.externaltools.arm-none.win32_1.15.0.201708311556/tools/compiler/bin/../lib/gcc/arm-none-eabi/6.3.1/../../../../arm-none-eabi/lib/thumb/v7e-m/fpv4-sp/hard\libc_nano.a(lib_a-nano-mallocr.o)
                0x200001dc                __malloc_sbrk_start
 .bss.heap_end.5239
                0x200001e0        0x4 c:/ac6/systemworkbench/plugins/fr.ac6.mcu.externaltools.arm-none.win32_1.15.0.201708311556/tools/compiler/bin/../lib/gcc/arm-none-eabi/6.3.1/../../../../arm-none-eabi/lib/thumb/v7e-m/fpv4-sp/hard\libnosys.a(sbrk.o)
 *(COMMON)
 COMMON         0x200001e4        0x4 Drivers/STM32F4xx_HAL_Driver/Src/stm32f4xx_hal.o
                0x200001e4                uwTick
 COMMON         0x200001e8      0x49c Src/main.o
                0x200001e8                hi2c1
                0x2000023c                htim10
                0x20000278                avgx
                0x20000408                avgy
                0x20000598                calibrate
                0x200005a4                hspi1
                0x200005fc                huart2
                0x2000063c                hi2s3
 COMMON         0x20000684        0x4 c:/ac6/systemworkbench/plugins/fr.ac6.mcu.externaltools.arm-none.win32_1.15.0.201708311556/tools/compiler/bin/../lib/gcc/arm-none-eabi/6.3.1/../../../../arm-none-eabi/lib/thumb/v7e-m/fpv4-sp/hard\libc_nano.a(lib_a-reent.o)
                0x20000684                errno
                0x20000688                . = ALIGN (0x4)
                0x20000688                _ebss = .
                0x20000688                __bss_end__ = _ebss

._user_heap_stack
                0x20000688      0x600
                0x20000688                . = ALIGN (0x8)
                0x20000688                PROVIDE (end, .)
                [!provide]                PROVIDE (_end, .)
                0x20000888                . = (. + _Min_Heap_Size)
 *fill*         0x20000688      0x200 
                0x20000c88                . = (. + _Min_Stack_Size)
 *fill*         0x20000888      0x400 
                0x20000c88                . = ALIGN (0x8)

/DISCARD/
 libc.a(*)
 libm.a(*)
 libgcc.a(*)

.ARM.attributes
                0x00000000       0x30
 *(.ARM.attributes)
 .ARM.attributes
                0x00000000       0x22 c:/ac6/systemworkbench/plugins/fr.ac6.mcu.externaltools.arm-none.win32_1.15.0.201708311556/tools/compiler/bin/../lib/gcc/arm-none-eabi/6.3.1/thumb/v7e-m/fpv4-sp/hard/crti.o
 .ARM.attributes
                0x00000022       0x34 c:/ac6/systemworkbench/plugins/fr.ac6.mcu.externaltools.arm-none.win32_1.15.0.201708311556/tools/compiler/bin/../lib/gcc/arm-none-eabi/6.3.1/thumb/v7e-m/fpv4-sp/hard/crtbegin.o
 .ARM.attributes
                0x00000056       0x39 Drivers/Components/lis302dl/lis302dl.o
 .ARM.attributes
                0x0000008f       0x39 Drivers/Components/lis3dsh/lis3dsh.o
 .ARM.attributes
                0x000000c8       0x39 Drivers/STM32F4-Discovery/stm32f4_discovery.o
 .ARM.attributes
                0x00000101       0x39 Drivers/STM32F4-Discovery/stm32f4_discovery_accelerometer.o
 .ARM.attributes
                0x0000013a       0x39 Drivers/STM32F4-Discovery/stm32f4_discovery_audio.o
 .ARM.attributes
                0x00000173       0x39 Drivers/STM32F4xx_HAL_Driver/Src/stm32f4xx_hal.o
 .ARM.attributes
                0x000001ac       0x39 Drivers/STM32F4xx_HAL_Driver/Src/stm32f4xx_hal_cortex.o
 .ARM.attributes
                0x000001e5       0x39 Drivers/STM32F4xx_HAL_Driver/Src/stm32f4xx_hal_gpio.o
 .ARM.attributes
                0x0000021e       0x39 Drivers/STM32F4xx_HAL_Driver/Src/stm32f4xx_hal_i2c.o
 .ARM.attributes
                0x00000257       0x39 Drivers/STM32F4xx_HAL_Driver/Src/stm32f4xx_hal_i2s.o
 .ARM.attributes
                0x00000290       0x39 Drivers/STM32F4xx_HAL_Driver/Src/stm32f4xx_hal_i2s_ex.o
 .ARM.attributes
                0x000002c9       0x39 Drivers/STM32F4xx_HAL_Driver/Src/stm32f4xx_hal_rcc.o
 .ARM.attributes
                0x00000302       0x39 Drivers/STM32F4xx_HAL_Driver/Src/stm32f4xx_hal_rcc_ex.o
 .ARM.attributes
                0x0000033b       0x39 Drivers/STM32F4xx_HAL_Driver/Src/stm32f4xx_hal_spi.o
 .ARM.attributes
                0x00000374       0x39 Drivers/STM32F4xx_HAL_Driver/Src/stm32f4xx_hal_tim.o
 .ARM.attributes
                0x000003ad       0x39 Drivers/STM32F4xx_HAL_Driver/Src/stm32f4xx_hal_tim_ex.o
 .ARM.attributes
                0x000003e6       0x39 Drivers/STM32F4xx_HAL_Driver/Src/stm32f4xx_hal_uart.o
 .ARM.attributes
                0x0000041f       0x39 Src/main.o
 .ARM.attributes
                0x00000458       0x39 Src/stm32f4xx_hal_msp.o
 .ARM.attributes
                0x00000491       0x39 Src/stm32f4xx_it.o
 .ARM.attributes
                0x000004ca       0x39 Src/system_stm32f4xx.o
 .ARM.attributes
                0x00000503       0x21 startup/startup_stm32f407xx.o
 .ARM.attributes
                0x00000524       0x22 c:/ac6/systemworkbench/plugins/fr.ac6.mcu.externaltools.arm-none.win32_1.15.0.201708311556/tools/compiler/bin/../lib/gcc/arm-none-eabi/6.3.1/thumb/v7e-m/fpv4-sp/hard\libgcc.a(_aeabi_uldivmod.o)
 .ARM.attributes
                0x00000546       0x34 c:/ac6/systemworkbench/plugins/fr.ac6.mcu.externaltools.arm-none.win32_1.15.0.201708311556/tools/compiler/bin/../lib/gcc/arm-none-eabi/6.3.1/thumb/v7e-m/fpv4-sp/hard\libgcc.a(_udivmoddi4.o)
 .ARM.attributes
                0x0000057a       0x22 c:/ac6/systemworkbench/plugins/fr.ac6.mcu.externaltools.arm-none.win32_1.15.0.201708311556/tools/compiler/bin/../lib/gcc/arm-none-eabi/6.3.1/thumb/v7e-m/fpv4-sp/hard\libgcc.a(_dvmd_tls.o)
 .ARM.attributes
                0x0000059c       0x34 c:/ac6/systemworkbench/plugins/fr.ac6.mcu.externaltools.arm-none.win32_1.15.0.201708311556/tools/compiler/bin/../lib/gcc/arm-none-eabi/6.3.1/../../../../arm-none-eabi/lib/thumb/v7e-m/fpv4-sp/hard\libc_nano.a(lib_a-impure.o)
 .ARM.attributes
                0x000005d0       0x34 c:/ac6/systemworkbench/plugins/fr.ac6.mcu.externaltools.arm-none.win32_1.15.0.201708311556/tools/compiler/bin/../lib/gcc/arm-none-eabi/6.3.1/../../../../arm-none-eabi/lib/thumb/v7e-m/fpv4-sp/hard\libc_nano.a(lib_a-init.o)
 .ARM.attributes
                0x00000604       0x34 c:/ac6/systemworkbench/plugins/fr.ac6.mcu.externaltools.arm-none.win32_1.15.0.201708311556/tools/compiler/bin/../lib/gcc/arm-none-eabi/6.3.1/../../../../arm-none-eabi/lib/thumb/v7e-m/fpv4-sp/hard\libc_nano.a(lib_a-sprintf.o)
 .ARM.attributes
                0x00000638       0x1b c:/ac6/systemworkbench/plugins/fr.ac6.mcu.externaltools.arm-none.win32_1.15.0.201708311556/tools/compiler/bin/../lib/gcc/arm-none-eabi/6.3.1/../../../../arm-none-eabi/lib/thumb/v7e-m/fpv4-sp/hard\libc_nano.a(lib_a-strlen.o)
 .ARM.attributes
                0x00000653       0x34 c:/ac6/systemworkbench/plugins/fr.ac6.mcu.externaltools.arm-none.win32_1.15.0.201708311556/tools/compiler/bin/../lib/gcc/arm-none-eabi/6.3.1/../../../../arm-none-eabi/lib/thumb/v7e-m/fpv4-sp/hard\libc_nano.a(lib_a-nano-svfprintf.o)
 .ARM.attributes
                0x00000687       0x34 c:/ac6/systemworkbench/plugins/fr.ac6.mcu.externaltools.arm-none.win32_1.15.0.201708311556/tools/compiler/bin/../lib/gcc/arm-none-eabi/6.3.1/../../../../arm-none-eabi/lib/thumb/v7e-m/fpv4-sp/hard\libc_nano.a(lib_a-nano-vfprintf_i.o)
 .ARM.attributes
                0x000006bb       0x20 c:/ac6/systemworkbench/plugins/fr.ac6.mcu.externaltools.arm-none.win32_1.15.0.201708311556/tools/compiler/bin/../lib/gcc/arm-none-eabi/6.3.1/../../../../arm-none-eabi/lib/thumb/v7e-m/fpv4-sp/hard\libc_nano.a(lib_a-memchr.o)
 .ARM.attributes
                0x000006db       0x34 c:/ac6/systemworkbench/plugins/fr.ac6.mcu.externaltools.arm-none.win32_1.15.0.201708311556/tools/compiler/bin/../lib/gcc/arm-none-eabi/6.3.1/../../../../arm-none-eabi/lib/thumb/v7e-m/fpv4-sp/hard\libc_nano.a(lib_a-memcpy-stub.o)
 .ARM.attributes
                0x0000070f       0x34 c:/ac6/systemworkbench/plugins/fr.ac6.mcu.externaltools.arm-none.win32_1.15.0.201708311556/tools/compiler/bin/../lib/gcc/arm-none-eabi/6.3.1/../../../../arm-none-eabi/lib/thumb/v7e-m/fpv4-sp/hard\libc_nano.a(lib_a-memmove.o)
 .ARM.attributes
                0x00000743       0x34 c:/ac6/systemworkbench/plugins/fr.ac6.mcu.externaltools.arm-none.win32_1.15.0.201708311556/tools/compiler/bin/../lib/gcc/arm-none-eabi/6.3.1/../../../../arm-none-eabi/lib/thumb/v7e-m/fpv4-sp/hard\libc_nano.a(lib_a-nano-freer.o)
 .ARM.attributes
                0x00000777       0x34 c:/ac6/systemworkbench/plugins/fr.ac6.mcu.externaltools.arm-none.win32_1.15.0.201708311556/tools/compiler/bin/../lib/gcc/arm-none-eabi/6.3.1/../../../../arm-none-eabi/lib/thumb/v7e-m/fpv4-sp/hard\libc_nano.a(lib_a-nano-mallocr.o)
 .ARM.attributes
                0x000007ab       0x34 c:/ac6/systemworkbench/plugins/fr.ac6.mcu.externaltools.arm-none.win32_1.15.0.201708311556/tools/compiler/bin/../lib/gcc/arm-none-eabi/6.3.1/../../../../arm-none-eabi/lib/thumb/v7e-m/fpv4-sp/hard\libc_nano.a(lib_a-nano-reallocr.o)
 .ARM.attributes
                0x000007df       0x34 c:/ac6/systemworkbench/plugins/fr.ac6.mcu.externaltools.arm-none.win32_1.15.0.201708311556/tools/compiler/bin/../lib/gcc/arm-none-eabi/6.3.1/../../../../arm-none-eabi/lib/thumb/v7e-m/fpv4-sp/hard\libc_nano.a(lib_a-sbrkr.o)
 .ARM.attributes
                0x00000813       0x34 c:/ac6/systemworkbench/plugins/fr.ac6.mcu.externaltools.arm-none.win32_1.15.0.201708311556/tools/compiler/bin/../lib/gcc/arm-none-eabi/6.3.1/../../../../arm-none-eabi/lib/thumb/v7e-m/fpv4-sp/hard\libc_nano.a(lib_a-mlock.o)
 .ARM.attributes
                0x00000847       0x34 c:/ac6/systemworkbench/plugins/fr.ac6.mcu.externaltools.arm-none.win32_1.15.0.201708311556/tools/compiler/bin/../lib/gcc/arm-none-eabi/6.3.1/../../../../arm-none-eabi/lib/thumb/v7e-m/fpv4-sp/hard\libc_nano.a(lib_a-nano-msizer.o)
 .ARM.attributes
                0x0000087b       0x34 c:/ac6/systemworkbench/plugins/fr.ac6.mcu.externaltools.arm-none.win32_1.15.0.201708311556/tools/compiler/bin/../lib/gcc/arm-none-eabi/6.3.1/../../../../arm-none-eabi/lib/thumb/v7e-m/fpv4-sp/hard\libc_nano.a(lib_a-reent.o)
 .ARM.attributes
                0x000008af       0x34 c:/ac6/systemworkbench/plugins/fr.ac6.mcu.externaltools.arm-none.win32_1.15.0.201708311556/tools/compiler/bin/../lib/gcc/arm-none-eabi/6.3.1/../../../../arm-none-eabi/lib/thumb/v7e-m/fpv4-sp/hard\libnosys.a(sbrk.o)
 .ARM.attributes
                0x000008e3       0x22 c:/ac6/systemworkbench/plugins/fr.ac6.mcu.externaltools.arm-none.win32_1.15.0.201708311556/tools/compiler/bin/../lib/gcc/arm-none-eabi/6.3.1/thumb/v7e-m/fpv4-sp/hard/crtn.o
OUTPUT(Acceralo2.elf elf32-littlearm)

.debug_info     0x00000000    0x21dc1
 .debug_info    0x00000000      0x831 Drivers/Components/lis302dl/lis302dl.o
 .debug_info    0x00000831      0x8ae Drivers/Components/lis3dsh/lis3dsh.o
 .debug_info    0x000010df     0x21f4 Drivers/STM32F4-Discovery/stm32f4_discovery.o
 .debug_info    0x000032d3      0xcc6 Drivers/STM32F4-Discovery/stm32f4_discovery_accelerometer.o
 .debug_info    0x00003f99     0x2560 Drivers/STM32F4-Discovery/stm32f4_discovery_audio.o
 .debug_info    0x000064f9     0x1118 Drivers/STM32F4xx_HAL_Driver/Src/stm32f4xx_hal.o
 .debug_info    0x00007611     0x175a Drivers/STM32F4xx_HAL_Driver/Src/stm32f4xx_hal_cortex.o
 .debug_info    0x00008d6b      0xf97 Drivers/STM32F4xx_HAL_Driver/Src/stm32f4xx_hal_gpio.o
 .debug_info    0x00009d02     0x36e2 Drivers/STM32F4xx_HAL_Driver/Src/stm32f4xx_hal_i2c.o
 .debug_info    0x0000d3e4     0x17f1 Drivers/STM32F4xx_HAL_Driver/Src/stm32f4xx_hal_i2s.o
 .debug_info    0x0000ebd5     0x15fb Drivers/STM32F4xx_HAL_Driver/Src/stm32f4xx_hal_i2s_ex.o
 .debug_info    0x000101d0     0x123a Drivers/STM32F4xx_HAL_Driver/Src/stm32f4xx_hal_rcc.o
 .debug_info    0x0001140a      0xdf1 Drivers/STM32F4xx_HAL_Driver/Src/stm32f4xx_hal_rcc_ex.o
 .debug_info    0x000121fb     0x220a Drivers/STM32F4xx_HAL_Driver/Src/stm32f4xx_hal_spi.o
 .debug_info    0x00014405     0x3684 Drivers/STM32F4xx_HAL_Driver/Src/stm32f4xx_hal_tim.o
 .debug_info    0x00017a89     0x1b26 Drivers/STM32F4xx_HAL_Driver/Src/stm32f4xx_hal_tim_ex.o
 .debug_info    0x000195af     0x1f1d Drivers/STM32F4xx_HAL_Driver/Src/stm32f4xx_hal_uart.o
 .debug_info    0x0001b4cc     0x2c3f Src/main.o
 .debug_info    0x0001e10b     0x204c Src/stm32f4xx_hal_msp.o
 .debug_info    0x00020157      0xec9 Src/stm32f4xx_it.o
 .debug_info    0x00021020      0xd30 Src/system_stm32f4xx.o
 .debug_info    0x00021d50       0x71 startup/startup_stm32f407xx.o

.debug_abbrev   0x00000000     0x3ba7
 .debug_abbrev  0x00000000      0x1cb Drivers/Components/lis302dl/lis302dl.o
 .debug_abbrev  0x000001cb      0x1cb Drivers/Components/lis3dsh/lis3dsh.o
 .debug_abbrev  0x00000396      0x353 Drivers/STM32F4-Discovery/stm32f4_discovery.o
 .debug_abbrev  0x000006e9      0x28b Drivers/STM32F4-Discovery/stm32f4_discovery_accelerometer.o
 .debug_abbrev  0x00000974      0x384 Drivers/STM32F4-Discovery/stm32f4_discovery_audio.o
 .debug_abbrev  0x00000cf8      0x2f2 Drivers/STM32F4xx_HAL_Driver/Src/stm32f4xx_hal.o
 .debug_abbrev  0x00000fea      0x3d4 Drivers/STM32F4xx_HAL_Driver/Src/stm32f4xx_hal_cortex.o
 .debug_abbrev  0x000013be      0x2a5 Drivers/STM32F4xx_HAL_Driver/Src/stm32f4xx_hal_gpio.o
 .debug_abbrev  0x00001663      0x2f9 Drivers/STM32F4xx_HAL_Driver/Src/stm32f4xx_hal_i2c.o
 .debug_abbrev  0x0000195c      0x32a Drivers/STM32F4xx_HAL_Driver/Src/stm32f4xx_hal_i2s.o
 .debug_abbrev  0x00001c86      0x31b Drivers/STM32F4xx_HAL_Driver/Src/stm32f4xx_hal_i2s_ex.o
 .debug_abbrev  0x00001fa1      0x328 Drivers/STM32F4xx_HAL_Driver/Src/stm32f4xx_hal_rcc.o
 .debug_abbrev  0x000022c9      0x279 Drivers/STM32F4xx_HAL_Driver/Src/stm32f4xx_hal_rcc_ex.o
 .debug_abbrev  0x00002542      0x2f0 Drivers/STM32F4xx_HAL_Driver/Src/stm32f4xx_hal_spi.o
 .debug_abbrev  0x00002832      0x2dc Drivers/STM32F4xx_HAL_Driver/Src/stm32f4xx_hal_tim.o
 .debug_abbrev  0x00002b0e      0x2dc Drivers/STM32F4xx_HAL_Driver/Src/stm32f4xx_hal_tim_ex.o
 .debug_abbrev  0x00002dea      0x342 Drivers/STM32F4xx_HAL_Driver/Src/stm32f4xx_hal_uart.o
 .debug_abbrev  0x0000312c      0x386 Src/main.o
 .debug_abbrev  0x000034b2      0x299 Src/stm32f4xx_hal_msp.o
 .debug_abbrev  0x0000374b      0x245 Src/stm32f4xx_it.o
 .debug_abbrev  0x00003990      0x205 Src/system_stm32f4xx.o
 .debug_abbrev  0x00003b95       0x12 startup/startup_stm32f407xx.o

.debug_loc      0x00000000     0xe4ca
 .debug_loc     0x00000000      0x163 Drivers/Components/lis302dl/lis302dl.o
 .debug_loc     0x00000163      0x1b5 Drivers/Components/lis3dsh/lis3dsh.o
 .debug_loc     0x00000318      0x45a Drivers/STM32F4-Discovery/stm32f4_discovery.o
 .debug_loc     0x00000772      0x13a Drivers/STM32F4-Discovery/stm32f4_discovery_accelerometer.o
 .debug_loc     0x000008ac      0x7d0 Drivers/STM32F4-Discovery/stm32f4_discovery_audio.o
 .debug_loc     0x0000107c       0x69 Drivers/STM32F4xx_HAL_Driver/Src/stm32f4xx_hal.o
 .debug_loc     0x000010e5      0x5ce Drivers/STM32F4xx_HAL_Driver/Src/stm32f4xx_hal_cortex.o
 .debug_loc     0x000016b3      0x3fd Drivers/STM32F4xx_HAL_Driver/Src/stm32f4xx_hal_gpio.o
 .debug_loc     0x00001ab0     0x3198 Drivers/STM32F4xx_HAL_Driver/Src/stm32f4xx_hal_i2c.o
 .debug_loc     0x00004c48      0xf9e Drivers/STM32F4xx_HAL_Driver/Src/stm32f4xx_hal_i2s.o
 .debug_loc     0x00005be6      0xc80 Drivers/STM32F4xx_HAL_Driver/Src/stm32f4xx_hal_i2s_ex.o
 .debug_loc     0x00006866      0x378 Drivers/STM32F4xx_HAL_Driver/Src/stm32f4xx_hal_rcc.o
 .debug_loc     0x00006bde      0x2a9 Drivers/STM32F4xx_HAL_Driver/Src/stm32f4xx_hal_rcc_ex.o
 .debug_loc     0x00006e87     0x1984 Drivers/STM32F4xx_HAL_Driver/Src/stm32f4xx_hal_spi.o
 .debug_loc     0x0000880b     0x34bc Drivers/STM32F4xx_HAL_Driver/Src/stm32f4xx_hal_tim.o
 .debug_loc     0x0000bcc7      0xe78 Drivers/STM32F4xx_HAL_Driver/Src/stm32f4xx_hal_tim_ex.o
 .debug_loc     0x0000cb3f     0x1532 Drivers/STM32F4xx_HAL_Driver/Src/stm32f4xx_hal_uart.o
 .debug_loc     0x0000e071      0x154 Src/main.o
 .debug_loc     0x0000e1c5      0x1c7 Src/stm32f4xx_hal_msp.o
 .debug_loc     0x0000e38c      0x13e Src/system_stm32f4xx.o

.debug_aranges  0x00000000     0x1360
 .debug_aranges
                0x00000000       0x78 Drivers/Components/lis302dl/lis302dl.o
 .debug_aranges
                0x00000078       0x68 Drivers/Components/lis3dsh/lis3dsh.o
 .debug_aranges
                0x000000e0       0xd8 Drivers/STM32F4-Discovery/stm32f4_discovery.o
 .debug_aranges
                0x000001b8       0x48 Drivers/STM32F4-Discovery/stm32f4_discovery_accelerometer.o
 .debug_aranges
                0x00000200      0x140 Drivers/STM32F4-Discovery/stm32f4_discovery_audio.o
 .debug_aranges
                0x00000340       0xc8 Drivers/STM32F4xx_HAL_Driver/Src/stm32f4xx_hal.o
 .debug_aranges
                0x00000408       0xa8 Drivers/STM32F4xx_HAL_Driver/Src/stm32f4xx_hal_cortex.o
 .debug_aranges
                0x000004b0       0x58 Drivers/STM32F4xx_HAL_Driver/Src/stm32f4xx_hal_gpio.o
 .debug_aranges
                0x00000508      0x268 Drivers/STM32F4xx_HAL_Driver/Src/stm32f4xx_hal_i2c.o
 .debug_aranges
                0x00000770      0x108 Drivers/STM32F4xx_HAL_Driver/Src/stm32f4xx_hal_i2s.o
 .debug_aranges
                0x00000878       0x78 Drivers/STM32F4xx_HAL_Driver/Src/stm32f4xx_hal_i2s_ex.o
 .debug_aranges
                0x000008f0       0x88 Drivers/STM32F4xx_HAL_Driver/Src/stm32f4xx_hal_rcc.o
 .debug_aranges
                0x00000978       0x38 Drivers/STM32F4xx_HAL_Driver/Src/stm32f4xx_hal_rcc_ex.o
 .debug_aranges
                0x000009b0      0x1c8 Drivers/STM32F4xx_HAL_Driver/Src/stm32f4xx_hal_spi.o
 .debug_aranges
                0x00000b78      0x368 Drivers/STM32F4xx_HAL_Driver/Src/stm32f4xx_hal_tim.o
 .debug_aranges
                0x00000ee0      0x140 Drivers/STM32F4xx_HAL_Driver/Src/stm32f4xx_hal_tim_ex.o
 .debug_aranges
                0x00001020      0x1d0 Drivers/STM32F4xx_HAL_Driver/Src/stm32f4xx_hal_uart.o
 .debug_aranges
                0x000011f0       0x78 Src/main.o
 .debug_aranges
                0x00001268       0x70 Src/stm32f4xx_hal_msp.o
 .debug_aranges
                0x000012d8       0x38 Src/stm32f4xx_it.o
 .debug_aranges
                0x00001310       0x28 Src/system_stm32f4xx.o
 .debug_aranges
                0x00001338       0x28 startup/startup_stm32f407xx.o

.debug_ranges   0x00000000     0x12b0
 .debug_ranges  0x00000000       0x68 Drivers/Components/lis302dl/lis302dl.o
 .debug_ranges  0x00000068       0x58 Drivers/Components/lis3dsh/lis3dsh.o
 .debug_ranges  0x000000c0       0xc8 Drivers/STM32F4-Discovery/stm32f4_discovery.o
 .debug_ranges  0x00000188       0x38 Drivers/STM32F4-Discovery/stm32f4_discovery_accelerometer.o
 .debug_ranges  0x000001c0      0x130 Drivers/STM32F4-Discovery/stm32f4_discovery_audio.o
 .debug_ranges  0x000002f0       0xb8 Drivers/STM32F4xx_HAL_Driver/Src/stm32f4xx_hal.o
 .debug_ranges  0x000003a8       0xf8 Drivers/STM32F4xx_HAL_Driver/Src/stm32f4xx_hal_cortex.o
 .debug_ranges  0x000004a0       0x48 Drivers/STM32F4xx_HAL_Driver/Src/stm32f4xx_hal_gpio.o
 .debug_ranges  0x000004e8      0x258 Drivers/STM32F4xx_HAL_Driver/Src/stm32f4xx_hal_i2c.o
 .debug_ranges  0x00000740       0xf8 Drivers/STM32F4xx_HAL_Driver/Src/stm32f4xx_hal_i2s.o
 .debug_ranges  0x00000838       0x80 Drivers/STM32F4xx_HAL_Driver/Src/stm32f4xx_hal_i2s_ex.o
 .debug_ranges  0x000008b8       0x78 Drivers/STM32F4xx_HAL_Driver/Src/stm32f4xx_hal_rcc.o
 .debug_ranges  0x00000930       0x28 Drivers/STM32F4xx_HAL_Driver/Src/stm32f4xx_hal_rcc_ex.o
 .debug_ranges  0x00000958      0x1b8 Drivers/STM32F4xx_HAL_Driver/Src/stm32f4xx_hal_spi.o
 .debug_ranges  0x00000b10      0x358 Drivers/STM32F4xx_HAL_Driver/Src/stm32f4xx_hal_tim.o
 .debug_ranges  0x00000e68      0x130 Drivers/STM32F4xx_HAL_Driver/Src/stm32f4xx_hal_tim_ex.o
 .debug_ranges  0x00000f98      0x1c0 Drivers/STM32F4xx_HAL_Driver/Src/stm32f4xx_hal_uart.o
 .debug_ranges  0x00001158       0x98 Src/main.o
 .debug_ranges  0x000011f0       0x60 Src/stm32f4xx_hal_msp.o
 .debug_ranges  0x00001250       0x28 Src/stm32f4xx_it.o
 .debug_ranges  0x00001278       0x18 Src/system_stm32f4xx.o
 .debug_ranges  0x00001290       0x20 startup/startup_stm32f407xx.o

.debug_macro    0x00000000    0x22509
 .debug_macro   0x00000000       0x7c Drivers/Components/lis302dl/lis302dl.o
 .debug_macro   0x0000007c      0x1d1 Drivers/Components/lis302dl/lis302dl.o
 .debug_macro   0x0000024d       0x7c Drivers/Components/lis3dsh/lis3dsh.o
 .debug_macro   0x000002c9      0x428 Drivers/Components/lis3dsh/lis3dsh.o
 .debug_macro   0x000006f1      0x383 Drivers/STM32F4-Discovery/stm32f4_discovery.o
 .debug_macro   0x00000a74      0x191 Drivers/STM32F4-Discovery/stm32f4_discovery.o
 .debug_macro   0x00000c05      0x192 Drivers/STM32F4-Discovery/stm32f4_discovery.o
 .debug_macro   0x00000d97       0x32 Drivers/STM32F4-Discovery/stm32f4_discovery.o
 .debug_macro   0x00000dc9       0x2f Drivers/STM32F4-Discovery/stm32f4_discovery.o
 .debug_macro   0x00000df8       0x35 Drivers/STM32F4-Discovery/stm32f4_discovery.o
 .debug_macro   0x00000e2d       0x50 Drivers/STM32F4-Discovery/stm32f4_discovery.o
 .debug_macro   0x00000e7d      0xe66 Drivers/STM32F4-Discovery/stm32f4_discovery.o
 .debug_macro   0x00001ce3    0x15d08 Drivers/STM32F4-Discovery/stm32f4_discovery.o
 .debug_macro   0x000179eb       0x43 Drivers/STM32F4-Discovery/stm32f4_discovery.o
 .debug_macro   0x00017a2e     0x3535 Drivers/STM32F4-Discovery/stm32f4_discovery.o
 .debug_macro   0x0001af63       0x58 Drivers/STM32F4-Discovery/stm32f4_discovery.o
 .debug_macro   0x0001afbb       0x50 Drivers/STM32F4-Discovery/stm32f4_discovery.o
 .debug_macro   0x0001b00b      0x96b Drivers/STM32F4-Discovery/stm32f4_discovery.o
 .debug_macro   0x0001b976      0x9e6 Drivers/STM32F4-Discovery/stm32f4_discovery.o
 .debug_macro   0x0001c35c      0x11e Drivers/STM32F4-Discovery/stm32f4_discovery.o
 .debug_macro   0x0001c47a      0x13e Drivers/STM32F4-Discovery/stm32f4_discovery.o
 .debug_macro   0x0001c5b8       0x27 Drivers/STM32F4-Discovery/stm32f4_discovery.o
 .debug_macro   0x0001c5df      0x287 Drivers/STM32F4-Discovery/stm32f4_discovery.o
 .debug_macro   0x0001c866       0x5f Drivers/STM32F4-Discovery/stm32f4_discovery.o
 .debug_macro   0x0001c8c5      0x23a Drivers/STM32F4-Discovery/stm32f4_discovery.o
 .debug_macro   0x0001caff      0x133 Drivers/STM32F4-Discovery/stm32f4_discovery.o
 .debug_macro   0x0001cc32      0x21e Drivers/STM32F4-Discovery/stm32f4_discovery.o
 .debug_macro   0x0001ce50       0x2e Drivers/STM32F4-Discovery/stm32f4_discovery.o
 .debug_macro   0x0001ce7e      0x1a7 Drivers/STM32F4-Discovery/stm32f4_discovery.o
 .debug_macro   0x0001d025       0xa5 Drivers/STM32F4-Discovery/stm32f4_discovery.o
 .debug_macro   0x0001d0ca      0x192 Drivers/STM32F4-Discovery/stm32f4_discovery.o
 .debug_macro   0x0001d25c       0x40 Drivers/STM32F4-Discovery/stm32f4_discovery.o
 .debug_macro   0x0001d29c       0x3c Drivers/STM32F4-Discovery/stm32f4_discovery.o
 .debug_macro   0x0001d2d8      0x11e Drivers/STM32F4-Discovery/stm32f4_discovery.o
 .debug_macro   0x0001d3f6       0x7f Drivers/STM32F4-Discovery/stm32f4_discovery.o
 .debug_macro   0x0001d475       0x89 Drivers/STM32F4-Discovery/stm32f4_discovery.o
 .debug_macro   0x0001d4fe      0x202 Drivers/STM32F4-Discovery/stm32f4_discovery.o
 .debug_macro   0x0001d700      0x6e0 Drivers/STM32F4-Discovery/stm32f4_discovery.o
 .debug_macro   0x0001dde0       0x59 Drivers/STM32F4-Discovery/stm32f4_discovery.o
 .debug_macro   0x0001de39      0x14d Drivers/STM32F4-Discovery/stm32f4_discovery.o
 .debug_macro   0x0001df86      0x287 Drivers/STM32F4-Discovery/stm32f4_discovery.o
 .debug_macro   0x0001e20d      0x125 Drivers/STM32F4-Discovery/stm32f4_discovery.o
 .debug_macro   0x0001e332      0x1e1 Drivers/STM32F4-Discovery/stm32f4_discovery.o
 .debug_macro   0x0001e513      0x39b Drivers/STM32F4-Discovery/stm32f4_discovery_accelerometer.o
 .debug_macro   0x0001e8ae      0x396 Drivers/STM32F4-Discovery/stm32f4_discovery_audio.o
 .debug_macro   0x0001ec44       0x3b Drivers/STM32F4-Discovery/stm32f4_discovery_audio.o
 .debug_macro   0x0001ec7f       0x82 Drivers/STM32F4-Discovery/stm32f4_discovery_audio.o
 .debug_macro   0x0001ed01      0x170 Drivers/STM32F4-Discovery/stm32f4_discovery_audio.o
 .debug_macro   0x0001ee71      0x3b6 Drivers/STM32F4xx_HAL_Driver/Src/stm32f4xx_hal.o
 .debug_macro   0x0001f227      0x356 Drivers/STM32F4xx_HAL_Driver/Src/stm32f4xx_hal_cortex.o
 .debug_macro   0x0001f57d      0x38e Drivers/STM32F4xx_HAL_Driver/Src/stm32f4xx_hal_gpio.o
 .debug_macro   0x0001f90b      0x396 Drivers/STM32F4xx_HAL_Driver/Src/stm32f4xx_hal_i2c.o
 .debug_macro   0x0001fca1      0x357 Drivers/STM32F4xx_HAL_Driver/Src/stm32f4xx_hal_i2s.o
 .debug_macro   0x0001fff8      0x356 Drivers/STM32F4xx_HAL_Driver/Src/stm32f4xx_hal_i2s_ex.o
 .debug_macro   0x0002034e      0x37a Drivers/STM32F4xx_HAL_Driver/Src/stm32f4xx_hal_rcc.o
 .debug_macro   0x000206c8      0x356 Drivers/STM32F4xx_HAL_Driver/Src/stm32f4xx_hal_rcc_ex.o
 .debug_macro   0x00020a1e      0x35e Drivers/STM32F4xx_HAL_Driver/Src/stm32f4xx_hal_spi.o
 .debug_macro   0x00020d7c      0x356 Drivers/STM32F4xx_HAL_Driver/Src/stm32f4xx_hal_tim.o
 .debug_macro   0x000210d2      0x356 Drivers/STM32F4xx_HAL_Driver/Src/stm32f4xx_hal_tim_ex.o
 .debug_macro   0x00021428      0x357 Drivers/STM32F4xx_HAL_Driver/Src/stm32f4xx_hal_uart.o
 .debug_macro   0x0002177f      0x378 Src/main.o
 .debug_macro   0x00021af7      0x356 Src/stm32f4xx_hal_msp.o
 .debug_macro   0x00021e4d      0x360 Src/stm32f4xx_it.o
 .debug_macro   0x000221ad      0x35c Src/system_stm32f4xx.o

.debug_line     0x00000000     0xff7c
 .debug_line    0x00000000      0x44a Drivers/Components/lis302dl/lis302dl.o
 .debug_line    0x0000044a      0x42b Drivers/Components/lis3dsh/lis3dsh.o
 .debug_line    0x00000875      0xa84 Drivers/STM32F4-Discovery/stm32f4_discovery.o
 .debug_line    0x000012f9      0xa08 Drivers/STM32F4-Discovery/stm32f4_discovery_accelerometer.o
 .debug_line    0x00001d01      0xd40 Drivers/STM32F4-Discovery/stm32f4_discovery_audio.o
 .debug_line    0x00002a41      0x9b4 Drivers/STM32F4xx_HAL_Driver/Src/stm32f4xx_hal.o
 .debug_line    0x000033f5      0xa33 Drivers/STM32F4xx_HAL_Driver/Src/stm32f4xx_hal_cortex.o
 .debug_line    0x00003e28      0x9a7 Drivers/STM32F4xx_HAL_Driver/Src/stm32f4xx_hal_gpio.o
 .debug_line    0x000047cf     0x19d4 Drivers/STM32F4xx_HAL_Driver/Src/stm32f4xx_hal_i2c.o
 .debug_line    0x000061a3      0xdb9 Drivers/STM32F4xx_HAL_Driver/Src/stm32f4xx_hal_i2s.o
 .debug_line    0x00006f5c      0xe13 Drivers/STM32F4xx_HAL_Driver/Src/stm32f4xx_hal_i2s_ex.o
 .debug_line    0x00007d6f      0xa7a Drivers/STM32F4xx_HAL_Driver/Src/stm32f4xx_hal_rcc.o
 .debug_line    0x000087e9      0x8fc Drivers/STM32F4xx_HAL_Driver/Src/stm32f4xx_hal_rcc_ex.o
 .debug_line    0x000090e5     0x1203 Drivers/STM32F4xx_HAL_Driver/Src/stm32f4xx_hal_spi.o
 .debug_line    0x0000a2e8     0x1948 Drivers/STM32F4xx_HAL_Driver/Src/stm32f4xx_hal_tim.o
 .debug_line    0x0000bc30      0xdd3 Drivers/STM32F4xx_HAL_Driver/Src/stm32f4xx_hal_tim_ex.o
 .debug_line    0x0000ca03     0x1121 Drivers/STM32F4xx_HAL_Driver/Src/stm32f4xx_hal_uart.o
 .debug_line    0x0000db24      0xa23 Src/main.o
 .debug_line    0x0000e547      0x919 Src/stm32f4xx_hal_msp.o
 .debug_line    0x0000ee60      0x856 Src/stm32f4xx_it.o
 .debug_line    0x0000f6b6      0x847 Src/system_stm32f4xx.o
 .debug_line    0x0000fefd       0x7f startup/startup_stm32f407xx.o

.debug_str      0x00000000    0xcce67
 .debug_str     0x00000000     0x4096 Drivers/Components/lis302dl/lis302dl.o
                               0x425b (size before relaxing)
 .debug_str     0x00004096     0x1392 Drivers/Components/lis3dsh/lis3dsh.o
                               0x4989 (size before relaxing)
 .debug_str     0x00005428    0xc1f9a Drivers/STM32F4-Discovery/stm32f4_discovery.o
                              0xc5710 (size before relaxing)
 .debug_str     0x000c73c2      0x255 Drivers/STM32F4-Discovery/stm32f4_discovery_accelerometer.o
                              0xc63db (size before relaxing)
 .debug_str     0x000c7617     0x1b36 Drivers/STM32F4-Discovery/stm32f4_discovery_audio.o
                              0xc6a50 (size before relaxing)
 .debug_str     0x000c914d      0x55b Drivers/STM32F4xx_HAL_Driver/Src/stm32f4xx_hal.o
                              0xc4405 (size before relaxing)
 .debug_str     0x000c96a8      0x37d Drivers/STM32F4xx_HAL_Driver/Src/stm32f4xx_hal_cortex.o
                              0xc41fd (size before relaxing)
 .debug_str     0x000c9a25      0x1b8 Drivers/STM32F4xx_HAL_Driver/Src/stm32f4xx_hal_gpio.o
                              0xc3b90 (size before relaxing)
 .debug_str     0x000c9bdd      0xa54 Drivers/STM32F4xx_HAL_Driver/Src/stm32f4xx_hal_i2c.o
                              0xc4796 (size before relaxing)
 .debug_str     0x000ca631      0x191 Drivers/STM32F4xx_HAL_Driver/Src/stm32f4xx_hal_i2s.o
                              0xc3f03 (size before relaxing)
 .debug_str     0x000ca7c2      0x1d1 Drivers/STM32F4xx_HAL_Driver/Src/stm32f4xx_hal_i2s_ex.o
                              0xc3e37 (size before relaxing)
 .debug_str     0x000ca993      0x341 Drivers/STM32F4xx_HAL_Driver/Src/stm32f4xx_hal_rcc.o
                              0xc3d41 (size before relaxing)
 .debug_str     0x000cacd4       0x87 Drivers/STM32F4xx_HAL_Driver/Src/stm32f4xx_hal_rcc_ex.o
                              0xc3a65 (size before relaxing)
 .debug_str     0x000cad5b      0x4a0 Drivers/STM32F4xx_HAL_Driver/Src/stm32f4xx_hal_spi.o
                              0xc4176 (size before relaxing)
 .debug_str     0x000cb1fb      0xe78 Drivers/STM32F4xx_HAL_Driver/Src/stm32f4xx_hal_tim.o
                              0xc4998 (size before relaxing)
 .debug_str     0x000cc073      0x4f4 Drivers/STM32F4xx_HAL_Driver/Src/stm32f4xx_hal_tim_ex.o
                              0xc4258 (size before relaxing)
 .debug_str     0x000cc567      0x675 Drivers/STM32F4xx_HAL_Driver/Src/stm32f4xx_hal_uart.o
                              0xc41d5 (size before relaxing)
 .debug_str     0x000ccbdc      0x199 Src/main.o
                              0xc4ec8 (size before relaxing)
 .debug_str     0x000ccd75       0x25 Src/stm32f4xx_hal_msp.o
                              0xc4a4c (size before relaxing)
 .debug_str     0x000ccd9a       0x73 Src/stm32f4xx_it.o
                              0xc3c7b (size before relaxing)
 .debug_str     0x000cce0d       0x5a Src/system_stm32f4xx.o
                              0xc394c (size before relaxing)

.comment        0x00000000       0x7f
 .comment       0x00000000       0x7f Drivers/Components/lis302dl/lis302dl.o
                                 0x80 (size before relaxing)
 .comment       0x0000007f       0x80 Drivers/Components/lis3dsh/lis3dsh.o
 .comment       0x0000007f       0x80 Drivers/STM32F4-Discovery/stm32f4_discovery.o
 .comment       0x0000007f       0x80 Drivers/STM32F4-Discovery/stm32f4_discovery_accelerometer.o
 .comment       0x0000007f       0x80 Drivers/STM32F4-Discovery/stm32f4_discovery_audio.o
 .comment       0x0000007f       0x80 Drivers/STM32F4xx_HAL_Driver/Src/stm32f4xx_hal.o
 .comment       0x0000007f       0x80 Drivers/STM32F4xx_HAL_Driver/Src/stm32f4xx_hal_cortex.o
 .comment       0x0000007f       0x80 Drivers/STM32F4xx_HAL_Driver/Src/stm32f4xx_hal_gpio.o
 .comment       0x0000007f       0x80 Drivers/STM32F4xx_HAL_Driver/Src/stm32f4xx_hal_i2c.o
 .comment       0x0000007f       0x80 Drivers/STM32F4xx_HAL_Driver/Src/stm32f4xx_hal_i2s.o
 .comment       0x0000007f       0x80 Drivers/STM32F4xx_HAL_Driver/Src/stm32f4xx_hal_i2s_ex.o
 .comment       0x0000007f       0x80 Drivers/STM32F4xx_HAL_Driver/Src/stm32f4xx_hal_rcc.o
 .comment       0x0000007f       0x80 Drivers/STM32F4xx_HAL_Driver/Src/stm32f4xx_hal_rcc_ex.o
 .comment       0x0000007f       0x80 Drivers/STM32F4xx_HAL_Driver/Src/stm32f4xx_hal_spi.o
 .comment       0x0000007f       0x80 Drivers/STM32F4xx_HAL_Driver/Src/stm32f4xx_hal_tim.o
 .comment       0x0000007f       0x80 Drivers/STM32F4xx_HAL_Driver/Src/stm32f4xx_hal_tim_ex.o
 .comment       0x0000007f       0x80 Drivers/STM32F4xx_HAL_Driver/Src/stm32f4xx_hal_uart.o
 .comment       0x0000007f       0x80 Src/main.o
 .comment       0x0000007f       0x80 Src/stm32f4xx_hal_msp.o
 .comment       0x0000007f       0x80 Src/stm32f4xx_it.o
 .comment       0x0000007f       0x80 Src/system_stm32f4xx.o

.debug_frame    0x00000000     0x3ab8
 .debug_frame   0x00000000      0x17c Drivers/Components/lis302dl/lis302dl.o
 .debug_frame   0x0000017c      0x13c Drivers/Components/lis3dsh/lis3dsh.o
 .debug_frame   0x000002b8      0x2a4 Drivers/STM32F4-Discovery/stm32f4_discovery.o
 .debug_frame   0x0000055c       0xa4 Drivers/STM32F4-Discovery/stm32f4_discovery_accelerometer.o
 .debug_frame   0x00000600      0x3a8 Drivers/STM32F4-Discovery/stm32f4_discovery_audio.o
 .debug_frame   0x000009a8      0x198 Drivers/STM32F4xx_HAL_Driver/Src/stm32f4xx_hal.o
 .debug_frame   0x00000b40      0x15c Drivers/STM32F4xx_HAL_Driver/Src/stm32f4xx_hal_cortex.o
 .debug_frame   0x00000c9c       0xd0 Drivers/STM32F4xx_HAL_Driver/Src/stm32f4xx_hal_gpio.o
 .debug_frame   0x00000d6c      0x848 Drivers/STM32F4xx_HAL_Driver/Src/stm32f4xx_hal_i2c.o
 .debug_frame   0x000015b4      0x304 Drivers/STM32F4xx_HAL_Driver/Src/stm32f4xx_hal_i2s.o
 .debug_frame   0x000018b8      0x184 Drivers/STM32F4xx_HAL_Driver/Src/stm32f4xx_hal_i2s_ex.o
 .debug_frame   0x00001a3c      0x170 Drivers/STM32F4xx_HAL_Driver/Src/stm32f4xx_hal_rcc.o
 .debug_frame   0x00001bac       0x70 Drivers/STM32F4xx_HAL_Driver/Src/stm32f4xx_hal_rcc_ex.o
 .debug_frame   0x00001c1c      0x560 Drivers/STM32F4xx_HAL_Driver/Src/stm32f4xx_hal_spi.o
 .debug_frame   0x0000217c      0x9e0 Drivers/STM32F4xx_HAL_Driver/Src/stm32f4xx_hal_tim.o
 .debug_frame   0x00002b5c      0x384 Drivers/STM32F4xx_HAL_Driver/Src/stm32f4xx_hal_tim_ex.o
 .debug_frame   0x00002ee0      0x4e8 Drivers/STM32F4xx_HAL_Driver/Src/stm32f4xx_hal_uart.o
 .debug_frame   0x000033c8      0x14c Src/main.o
 .debug_frame   0x00003514      0x138 Src/stm32f4xx_hal_msp.o
 .debug_frame   0x0000364c       0x68 Src/stm32f4xx_it.o
 .debug_frame   0x000036b4       0x30 Src/system_stm32f4xx.o
 .debug_frame   0x000036e4       0x2c c:/ac6/systemworkbench/plugins/fr.ac6.mcu.externaltools.arm-none.win32_1.15.0.201708311556/tools/compiler/bin/../lib/gcc/arm-none-eabi/6.3.1/thumb/v7e-m/fpv4-sp/hard\libgcc.a(_aeabi_uldivmod.o)
 .debug_frame   0x00003710       0x34 c:/ac6/systemworkbench/plugins/fr.ac6.mcu.externaltools.arm-none.win32_1.15.0.201708311556/tools/compiler/bin/../lib/gcc/arm-none-eabi/6.3.1/thumb/v7e-m/fpv4-sp/hard\libgcc.a(_udivmoddi4.o)
 .debug_frame   0x00003744       0x2c c:/ac6/systemworkbench/plugins/fr.ac6.mcu.externaltools.arm-none.win32_1.15.0.201708311556/tools/compiler/bin/../lib/gcc/arm-none-eabi/6.3.1/../../../../arm-none-eabi/lib/thumb/v7e-m/fpv4-sp/hard\libc_nano.a(lib_a-init.o)
 .debug_frame   0x00003770       0x70 c:/ac6/systemworkbench/plugins/fr.ac6.mcu.externaltools.arm-none.win32_1.15.0.201708311556/tools/compiler/bin/../lib/gcc/arm-none-eabi/6.3.1/../../../../arm-none-eabi/lib/thumb/v7e-m/fpv4-sp/hard\libc_nano.a(lib_a-sprintf.o)
 .debug_frame   0x000037e0       0x90 c:/ac6/systemworkbench/plugins/fr.ac6.mcu.externaltools.arm-none.win32_1.15.0.201708311556/tools/compiler/bin/../lib/gcc/arm-none-eabi/6.3.1/../../../../arm-none-eabi/lib/thumb/v7e-m/fpv4-sp/hard\libc_nano.a(lib_a-nano-svfprintf.o)
 .debug_frame   0x00003870       0x60 c:/ac6/systemworkbench/plugins/fr.ac6.mcu.externaltools.arm-none.win32_1.15.0.201708311556/tools/compiler/bin/../lib/gcc/arm-none-eabi/6.3.1/../../../../arm-none-eabi/lib/thumb/v7e-m/fpv4-sp/hard\libc_nano.a(lib_a-nano-vfprintf_i.o)
 .debug_frame   0x000038d0       0x28 c:/ac6/systemworkbench/plugins/fr.ac6.mcu.externaltools.arm-none.win32_1.15.0.201708311556/tools/compiler/bin/../lib/gcc/arm-none-eabi/6.3.1/../../../../arm-none-eabi/lib/thumb/v7e-m/fpv4-sp/hard\libc_nano.a(lib_a-memcpy-stub.o)
 .debug_frame   0x000038f8       0x28 c:/ac6/systemworkbench/plugins/fr.ac6.mcu.externaltools.arm-none.win32_1.15.0.201708311556/tools/compiler/bin/../lib/gcc/arm-none-eabi/6.3.1/../../../../arm-none-eabi/lib/thumb/v7e-m/fpv4-sp/hard\libc_nano.a(lib_a-memmove.o)
 .debug_frame   0x00003920       0x38 c:/ac6/systemworkbench/plugins/fr.ac6.mcu.externaltools.arm-none.win32_1.15.0.201708311556/tools/compiler/bin/../lib/gcc/arm-none-eabi/6.3.1/../../../../arm-none-eabi/lib/thumb/v7e-m/fpv4-sp/hard\libc_nano.a(lib_a-nano-freer.o)
 .debug_frame   0x00003958       0x2c c:/ac6/systemworkbench/plugins/fr.ac6.mcu.externaltools.arm-none.win32_1.15.0.201708311556/tools/compiler/bin/../lib/gcc/arm-none-eabi/6.3.1/../../../../arm-none-eabi/lib/thumb/v7e-m/fpv4-sp/hard\libc_nano.a(lib_a-nano-mallocr.o)
 .debug_frame   0x00003984       0x3c c:/ac6/systemworkbench/plugins/fr.ac6.mcu.externaltools.arm-none.win32_1.15.0.201708311556/tools/compiler/bin/../lib/gcc/arm-none-eabi/6.3.1/../../../../arm-none-eabi/lib/thumb/v7e-m/fpv4-sp/hard\libc_nano.a(lib_a-nano-reallocr.o)
 .debug_frame   0x000039c0       0x2c c:/ac6/systemworkbench/plugins/fr.ac6.mcu.externaltools.arm-none.win32_1.15.0.201708311556/tools/compiler/bin/../lib/gcc/arm-none-eabi/6.3.1/../../../../arm-none-eabi/lib/thumb/v7e-m/fpv4-sp/hard\libc_nano.a(lib_a-sbrkr.o)
 .debug_frame   0x000039ec       0x30 c:/ac6/systemworkbench/plugins/fr.ac6.mcu.externaltools.arm-none.win32_1.15.0.201708311556/tools/compiler/bin/../lib/gcc/arm-none-eabi/6.3.1/../../../../arm-none-eabi/lib/thumb/v7e-m/fpv4-sp/hard\libc_nano.a(lib_a-mlock.o)
 .debug_frame   0x00003a1c       0x20 c:/ac6/systemworkbench/plugins/fr.ac6.mcu.externaltools.arm-none.win32_1.15.0.201708311556/tools/compiler/bin/../lib/gcc/arm-none-eabi/6.3.1/../../../../arm-none-eabi/lib/thumb/v7e-m/fpv4-sp/hard\libc_nano.a(lib_a-nano-msizer.o)
 .debug_frame   0x00003a3c       0x5c c:/ac6/systemworkbench/plugins/fr.ac6.mcu.externaltools.arm-none.win32_1.15.0.201708311556/tools/compiler/bin/../lib/gcc/arm-none-eabi/6.3.1/../../../../arm-none-eabi/lib/thumb/v7e-m/fpv4-sp/hard\libc_nano.a(lib_a-reent.o)
 .debug_frame   0x00003a98       0x20 c:/ac6/systemworkbench/plugins/fr.ac6.mcu.externaltools.arm-none.win32_1.15.0.201708311556/tools/compiler/bin/../lib/gcc/arm-none-eabi/6.3.1/../../../../arm-none-eabi/lib/thumb/v7e-m/fpv4-sp/hard\libnosys.a(sbrk.o)
